../Core/Src/main.c:79:5:main	8	static
../Core/Src/main.c:141:6:SystemClock_Config	88	static
../Core/Src/main.c:188:13:MX_RNG_Init	8	static
../Core/Src/main.c:215:13:MX_TIM1_Init	104	static
../Core/Src/main.c:287:13:MX_USART1_UART_Init	8	static
../Core/Src/main.c:335:13:MX_USART3_UART_Init	8	static
../Core/Src/main.c:369:13:MX_DMA_Init	16	static
../Core/Src/main.c:390:13:MX_GPIO_Init	48	static
../Core/Src/main.c:412:20:getLEDTimer	8	static
../Core/Src/main.c:415:21:getUFP	8	static
../Core/Src/main.c:418:21:getDFP	8	static
../Core/Src/main.c:421:20:getRNG	8	static
../Core/Src/main.c:430:6:Error_Handler	8	static,ignoring_inline_asm
