../Core/Src/uart.c:54:6:abortIT	8	static
../Core/Src/uart.c:63:6:receiveIT	8	static
../Core/Src/uart.c:76:6:toggleLED	8	static
../Core/Src/uart.c:88:9:updateLEDs	8	static
../Core/Src/uart.c:98:9:cmdReady	8	static
../Core/Src/uart.c:103:6:sendACK	24	static
../Core/Src/uart.c:108:13:sendCommand	40	static
../Core/Src/uart.c:168:19:processCommand	32	static
../Core/Src/uart.c:312:6:sendLEDData	8	static
../Core/Src/uart.c:333:13:sendLEDInfo	40	static
../Core/Src/uart.c:408:6:HAL_UART_RxCpltCallback	16	static
