../Core/Src/uart.c:54:6:abortIT	8	static
../Core/Src/uart.c:63:6:receiveIT	8	static
../Core/Src/uart.c:76:6:toggleLED	8	static
../Core/Src/uart.c:98:9:cmdReady	8	static
../Core/Src/uart.c:103:6:sendACK	24	static
../Core/Src/uart.c:108:13:sendCommand	40	static
../Core/Src/uart.c:130:6:insertReadingsToBuf	16	static
../Core/Src/uart.c:145:9:getSensorVal	16	static
../Core/Src/uart.c:168:19:processCommand	24	static
../Core/Src/uart.c:389:13:initiateSensorUpdate	24	static
../Core/Src/uart.c:408:6:HAL_UART_RxCpltCallback	16	static
