Archive member included to satisfy reference by file (symbol)

/Applications/STM32CubeIDE.app/Contents/Eclipse/plugins/com.st.stm32cube.ide.mcu.externaltools.gnu-tools-for-stm32.7-2018-q2-update.macos64_1.5.0.202011040924/tools/bin/../lib/gcc/arm-none-eabi/7.3.1/../../../../arm-none-eabi/lib/thumb/v7e-m/fpv4-sp/hard/libc_nano.a(lib_a-errno.o)
                              Core/Src/syscalls.o (__errno)
/Applications/STM32CubeIDE.app/Contents/Eclipse/plugins/com.st.stm32cube.ide.mcu.externaltools.gnu-tools-for-stm32.7-2018-q2-update.macos64_1.5.0.202011040924/tools/bin/../lib/gcc/arm-none-eabi/7.3.1/../../../../arm-none-eabi/lib/thumb/v7e-m/fpv4-sp/hard/libc_nano.a(lib_a-exit.o)
                              /Applications/STM32CubeIDE.app/Contents/Eclipse/plugins/com.st.stm32cube.ide.mcu.externaltools.gnu-tools-for-stm32.7-2018-q2-update.macos64_1.5.0.202011040924/tools/bin/../lib/gcc/arm-none-eabi/7.3.1/../../../../arm-none-eabi/lib/thumb/v7e-m/fpv4-sp/hard/crt0.o (exit)
/Applications/STM32CubeIDE.app/Contents/Eclipse/plugins/com.st.stm32cube.ide.mcu.externaltools.gnu-tools-for-stm32.7-2018-q2-update.macos64_1.5.0.202011040924/tools/bin/../lib/gcc/arm-none-eabi/7.3.1/../../../../arm-none-eabi/lib/thumb/v7e-m/fpv4-sp/hard/libc_nano.a(lib_a-impure.o)
                              /Applications/STM32CubeIDE.app/Contents/Eclipse/plugins/com.st.stm32cube.ide.mcu.externaltools.gnu-tools-for-stm32.7-2018-q2-update.macos64_1.5.0.202011040924/tools/bin/../lib/gcc/arm-none-eabi/7.3.1/../../../../arm-none-eabi/lib/thumb/v7e-m/fpv4-sp/hard/libc_nano.a(lib_a-exit.o) (_global_impure_ptr)
/Applications/STM32CubeIDE.app/Contents/Eclipse/plugins/com.st.stm32cube.ide.mcu.externaltools.gnu-tools-for-stm32.7-2018-q2-update.macos64_1.5.0.202011040924/tools/bin/../lib/gcc/arm-none-eabi/7.3.1/../../../../arm-none-eabi/lib/thumb/v7e-m/fpv4-sp/hard/libc_nano.a(lib_a-init.o)
                              /Applications/STM32CubeIDE.app/Contents/Eclipse/plugins/com.st.stm32cube.ide.mcu.externaltools.gnu-tools-for-stm32.7-2018-q2-update.macos64_1.5.0.202011040924/tools/bin/../lib/gcc/arm-none-eabi/7.3.1/../../../../arm-none-eabi/lib/thumb/v7e-m/fpv4-sp/hard/crt0.o (__libc_init_array)
/Applications/STM32CubeIDE.app/Contents/Eclipse/plugins/com.st.stm32cube.ide.mcu.externaltools.gnu-tools-for-stm32.7-2018-q2-update.macos64_1.5.0.202011040924/tools/bin/../lib/gcc/arm-none-eabi/7.3.1/../../../../arm-none-eabi/lib/thumb/v7e-m/fpv4-sp/hard/libc_nano.a(lib_a-memset.o)
                              /Applications/STM32CubeIDE.app/Contents/Eclipse/plugins/com.st.stm32cube.ide.mcu.externaltools.gnu-tools-for-stm32.7-2018-q2-update.macos64_1.5.0.202011040924/tools/bin/../lib/gcc/arm-none-eabi/7.3.1/../../../../arm-none-eabi/lib/thumb/v7e-m/fpv4-sp/hard/crt0.o (memset)
/Applications/STM32CubeIDE.app/Contents/Eclipse/plugins/com.st.stm32cube.ide.mcu.externaltools.gnu-tools-for-stm32.7-2018-q2-update.macos64_1.5.0.202011040924/tools/bin/../lib/gcc/arm-none-eabi/7.3.1/thumb/v7e-m/fpv4-sp/hard/libgcc.a(_aeabi_uldivmod.o)
                              Drivers/STM32G4xx_HAL_Driver/Src/stm32g4xx_hal_uart.o (__aeabi_uldivmod)
/Applications/STM32CubeIDE.app/Contents/Eclipse/plugins/com.st.stm32cube.ide.mcu.externaltools.gnu-tools-for-stm32.7-2018-q2-update.macos64_1.5.0.202011040924/tools/bin/../lib/gcc/arm-none-eabi/7.3.1/thumb/v7e-m/fpv4-sp/hard/libgcc.a(_udivmoddi4.o)
                              /Applications/STM32CubeIDE.app/Contents/Eclipse/plugins/com.st.stm32cube.ide.mcu.externaltools.gnu-tools-for-stm32.7-2018-q2-update.macos64_1.5.0.202011040924/tools/bin/../lib/gcc/arm-none-eabi/7.3.1/thumb/v7e-m/fpv4-sp/hard/libgcc.a(_aeabi_uldivmod.o) (__udivmoddi4)
/Applications/STM32CubeIDE.app/Contents/Eclipse/plugins/com.st.stm32cube.ide.mcu.externaltools.gnu-tools-for-stm32.7-2018-q2-update.macos64_1.5.0.202011040924/tools/bin/../lib/gcc/arm-none-eabi/7.3.1/thumb/v7e-m/fpv4-sp/hard/libgcc.a(_dvmd_tls.o)
                              /Applications/STM32CubeIDE.app/Contents/Eclipse/plugins/com.st.stm32cube.ide.mcu.externaltools.gnu-tools-for-stm32.7-2018-q2-update.macos64_1.5.0.202011040924/tools/bin/../lib/gcc/arm-none-eabi/7.3.1/thumb/v7e-m/fpv4-sp/hard/libgcc.a(_aeabi_uldivmod.o) (__aeabi_ldiv0)

Allocating common symbols
Common symbol       size              file

top_sense_state     0x1               Core/Src/communication.o
cmd_ready           0x1               Core/Src/i2c.o
hi2c2               0x4c              Core/Src/main.o
bot_sense_state     0x1               Core/Src/communication.o
randoms1            0xc               Core/Src/animations.o
uwTick              0x4               Drivers/STM32G4xx_HAL_Driver/Src/stm32g4xx_hal.o
active              0x1               Core/Src/i2c.o
hdma_usart1_tx      0x60              Core/Src/main.o
animation_num       0x4               Core/Src/animations.o
top_led_buf         0x180             Core/Src/communication.o
hdma_usart2_tx      0x60              Core/Src/main.o
[...]
Memory Configuration

Name             Origin             Length             Attributes
RAM              0x0000000020000000 0x0000000000008000 xrw
FLASH            0x0000000008000000 0x0000000000020000 xr
*default*        0x0000000000000000 0xffffffffffffffff

Linker script and memory map

LOAD /Applications/STM32CubeIDE.app/Contents/Eclipse/plugins/com.st.stm32cube.ide.mcu.externaltools.gnu-tools-for-stm32.7-2018-q2-update.macos64_1.5.0.202011040924/tools/bin/../lib/gcc/arm-none-eabi/7.3.1/thumb/v7e-m/fpv4-sp/hard/crti.o
LOAD /Applications/STM32CubeIDE.app/Contents/Eclipse/plugins/com.st.stm32cube.ide.mcu.externaltools.gnu-tools-for-stm32.7-2018-q2-update.macos64_1.5.0.202011040924/tools/bin/../lib/gcc/arm-none-eabi/7.3.1/thumb/v7e-m/fpv4-sp/hard/crtbegin.o
LOAD /Applications/STM32CubeIDE.app/Contents/Eclipse/plugins/com.st.stm32cube.ide.mcu.externaltools.gnu-tools-for-stm32.7-2018-q2-update.macos64_1.5.0.202011040924/tools/bin/../lib/gcc/arm-none-eabi/7.3.1/../../../../arm-none-eabi/lib/thumb/v7e-m/fpv4-sp/hard/crt0.o
LOAD Core/Src/animations.o
LOAD Core/Src/communication.o
LOAD Core/Src/i2c.o
LOAD Core/Src/main.o
LOAD Core/Src/stm32g4xx_hal_msp.o
LOAD Core/Src/stm32g4xx_it.o
LOAD Core/Src/syscalls.o
LOAD Core/Src/sysmem.o
LOAD Core/Src/system_stm32g4xx.o
LOAD Core/Startup/startup_stm32g431kbtx.o
LOAD Drivers/STM32G4xx_HAL_Driver/Src/stm32g4xx_hal.o
LOAD Drivers/STM32G4xx_HAL_Driver/Src/stm32g4xx_hal_cortex.o
LOAD Drivers/STM32G4xx_HAL_Driver/Src/stm32g4xx_hal_dma.o
LOAD Drivers/STM32G4xx_HAL_Driver/Src/stm32g4xx_hal_dma_ex.o
LOAD Drivers/STM32G4xx_HAL_Driver/Src/stm32g4xx_hal_exti.o
LOAD Drivers/STM32G4xx_HAL_Driver/Src/stm32g4xx_hal_flash.o
LOAD Drivers/STM32G4xx_HAL_Driver/Src/stm32g4xx_hal_flash_ex.o
LOAD Drivers/STM32G4xx_HAL_Driver/Src/stm32g4xx_hal_flash_ramfunc.o
LOAD Drivers/STM32G4xx_HAL_Driver/Src/stm32g4xx_hal_gpio.o
LOAD Drivers/STM32G4xx_HAL_Driver/Src/stm32g4xx_hal_i2c.o
LOAD Drivers/STM32G4xx_HAL_Driver/Src/stm32g4xx_hal_i2c_ex.o
LOAD Drivers/STM32G4xx_HAL_Driver/Src/stm32g4xx_hal_pwr.o
LOAD Drivers/STM32G4xx_HAL_Driver/Src/stm32g4xx_hal_pwr_ex.o
LOAD Drivers/STM32G4xx_HAL_Driver/Src/stm32g4xx_hal_rcc.o
LOAD Drivers/STM32G4xx_HAL_Driver/Src/stm32g4xx_hal_rcc_ex.o
LOAD Drivers/STM32G4xx_HAL_Driver/Src/stm32g4xx_hal_rng.o
LOAD Drivers/STM32G4xx_HAL_Driver/Src/stm32g4xx_hal_tim.o
LOAD Drivers/STM32G4xx_HAL_Driver/Src/stm32g4xx_hal_tim_ex.o
LOAD Drivers/STM32G4xx_HAL_Driver/Src/stm32g4xx_hal_uart.o
LOAD Drivers/STM32G4xx_HAL_Driver/Src/stm32g4xx_hal_uart_ex.o
START GROUP
LOAD /Applications/STM32CubeIDE.app/Contents/Eclipse/plugins/com.st.stm32cube.ide.mcu.externaltools.gnu-tools-for-stm32.7-2018-q2-update.macos64_1.5.0.202011040924/tools/bin/../lib/gcc/arm-none-eabi/7.3.1/../../../../arm-none-eabi/lib/thumb/v7e-m/fpv4-sp/hard/libc_nano.a
LOAD /Applications/STM32CubeIDE.app/Contents/Eclipse/plugins/com.st.stm32cube.ide.mcu.externaltools.gnu-tools-for-stm32.7-2018-q2-update.macos64_1.5.0.202011040924/tools/bin/../lib/gcc/arm-none-eabi/7.3.1/../../../../arm-none-eabi/lib/thumb/v7e-m/fpv4-sp/hard/libm.a
END GROUP
START GROUP
LOAD /Applications/STM32CubeIDE.app/Contents/Eclipse/plugins/com.st.stm32cube.ide.mcu.externaltools.gnu-tools-for-stm32.7-2018-q2-update.macos64_1.5.0.202011040924/tools/bin/../lib/gcc/arm-none-eabi/7.3.1/thumb/v7e-m/fpv4-sp/hard/libgcc.a
LOAD /Applications/STM32CubeIDE.app/Contents/Eclipse/plugins/com.st.stm32cube.ide.mcu.externaltools.gnu-tools-for-stm32.7-2018-q2-update.macos64_1.5.0.202011040924/tools/bin/../lib/gcc/arm-none-eabi/7.3.1/../../../../arm-none-eabi/lib/thumb/v7e-m/fpv4-sp/hard/libc_nano.a
END GROUP
START GROUP
LOAD /Applications/STM32CubeIDE.app/Contents/Eclipse/plugins/com.st.stm32cube.ide.mcu.externaltools.gnu-tools-for-stm32.7-2018-q2-update.macos64_1.5.0.202011040924/tools/bin/../lib/gcc/arm-none-eabi/7.3.1/thumb/v7e-m/fpv4-sp/hard/libgcc.a
LOAD /Applications/STM32CubeIDE.app/Contents/Eclipse/plugins/com.st.stm32cube.ide.mcu.externaltools.gnu-tools-for-stm32.7-2018-q2-update.macos64_1.5.0.202011040924/tools/bin/../lib/gcc/arm-none-eabi/7.3.1/../../../../arm-none-eabi/lib/thumb/v7e-m/fpv4-sp/hard/libc_nano.a
LOAD /Applications/STM32CubeIDE.app/Contents/Eclipse/plugins/com.st.stm32cube.ide.mcu.externaltools.gnu-tools-for-stm32.7-2018-q2-update.macos64_1.5.0.202011040924/tools/bin/../lib/gcc/arm-none-eabi/7.3.1/../../../../arm-none-eabi/lib/thumb/v7e-m/fpv4-sp/hard/libnosys.a
END GROUP
START GROUP
LOAD /Applications/STM32CubeIDE.app/Contents/Eclipse/plugins/com.st.stm32cube.ide.mcu.externaltools.gnu-tools-for-stm32.7-2018-q2-update.macos64_1.5.0.202011040924/tools/bin/../lib/gcc/arm-none-eabi/7.3.1/thumb/v7e-m/fpv4-sp/hard/libgcc.a
LOAD /Applications/STM32CubeIDE.app/Contents/Eclipse/plugins/com.st.stm32cube.ide.mcu.externaltools.gnu-tools-for-stm32.7-2018-q2-update.macos64_1.5.0.202011040924/tools/bin/../lib/gcc/arm-none-eabi/7.3.1/../../../../arm-none-eabi/lib/thumb/v7e-m/fpv4-sp/hard/libc_nano.a
LOAD /Applications/STM32CubeIDE.app/Contents/Eclipse/plugins/com.st.stm32cube.ide.mcu.externaltools.gnu-tools-for-stm32.7-2018-q2-update.macos64_1.5.0.202011040924/tools/bin/../lib/gcc/arm-none-eabi/7.3.1/../../../../arm-none-eabi/lib/thumb/v7e-m/fpv4-sp/hard/libnosys.a
END GROUP
LOAD /Applications/STM32CubeIDE.app/Contents/Eclipse/plugins/com.st.stm32cube.ide.mcu.externaltools.gnu-tools-for-stm32.7-2018-q2-update.macos64_1.5.0.202011040924/tools/bin/../lib/gcc/arm-none-eabi/7.3.1/thumb/v7e-m/fpv4-sp/hard/crtend.o
LOAD /Applications/STM32CubeIDE.app/Contents/Eclipse/plugins/com.st.stm32cube.ide.mcu.externaltools.gnu-tools-for-stm32.7-2018-q2-update.macos64_1.5.0.202011040924/tools/bin/../lib/gcc/arm-none-eabi/7.3.1/thumb/v7e-m/fpv4-sp/hard/crtn.o
                0x0000000020008000                _estack = (ORIGIN (RAM) + LENGTH (RAM))
                0x0000000000000200                _Min_Heap_Size = 0x200
                0x0000000000000400                _Min_Stack_Size = 0x400

.isr_vector     0x0000000008000000      0x1d8
                0x0000000008000000                . = ALIGN (0x4)
 *(.isr_vector)
 .isr_vector    0x0000000008000000      0x1d8 Core/Startup/startup_stm32g431kbtx.o
                0x0000000008000000                g_pfnVectors
                0x00000000080001d8                . = ALIGN (0x4)

.text           0x00000000080001d8     0x628c
                0x00000000080001d8                . = ALIGN (0x4)
 *(.text)
 .text          0x00000000080001d8       0x40 /Applications/STM32CubeIDE.app/Contents/Eclipse/plugins/com.st.stm32cube.ide.mcu.externaltools.gnu-tools-for-stm32.7-2018-q2-update.macos64_1.5.0.202011040924/tools/bin/../lib/gcc/arm-none-eabi/7.3.1/thumb/v7e-m/fpv4-sp/hard/crtbegin.o
 .text          0x0000000008000218       0x30 /Applications/STM32CubeIDE.app/Contents/Eclipse/plugins/com.st.stm32cube.ide.mcu.externaltools.gnu-tools-for-stm32.7-2018-q2-update.macos64_1.5.0.202011040924/tools/bin/../lib/gcc/arm-none-eabi/7.3.1/thumb/v7e-m/fpv4-sp/hard/libgcc.a(_aeabi_uldivmod.o)
                0x0000000008000218                __aeabi_uldivmod
 .text          0x0000000008000248      0x2cc /Applications/STM32CubeIDE.app/Contents/Eclipse/plugins/com.st.stm32cube.ide.mcu.externaltools.gnu-tools-for-stm32.7-2018-q2-update.macos64_1.5.0.202011040924/tools/bin/../lib/gcc/arm-none-eabi/7.3.1/thumb/v7e-m/fpv4-sp/hard/libgcc.a(_udivmoddi4.o)
                0x0000000008000248                __udivmoddi4
 .text          0x0000000008000514        0x4 /Applications/STM32CubeIDE.app/Contents/Eclipse/plugins/com.st.stm32cube.ide.mcu.externaltools.gnu-tools-for-stm32.7-2018-q2-update.macos64_1.5.0.202011040924/tools/bin/../lib/gcc/arm-none-eabi/7.3.1/thumb/v7e-m/fpv4-sp/hard/libgcc.a(_dvmd_tls.o)
                0x0000000008000514                __aeabi_ldiv0
                0x0000000008000514                __aeabi_idiv0
 *(.text*)
 .text.updateAnimation
                0x0000000008000518       0x88 Core/Src/animations.o
                0x0000000008000518                updateAnimation
 .text.animation1
                0x00000000080005a0      0x27c Core/Src/animations.o
                0x00000000080005a0                animation1
 .text.animation2
                0x000000000800081c      0x180 Core/Src/animations.o
                0x000000000800081c                animation2
 .text.animation3
                0x000000000800099c      0x144 Core/Src/animations.o
                0x000000000800099c                animation3
 .text.generateRandom
                0x0000000008000ae0       0x3e Core/Src/animations.o
                0x0000000008000ae0                generateRandom
 *fill*         0x0000000008000b1e        0x2 
 .text.generateRGB
                0x0000000008000b20       0xe8 Core/Src/animations.o
                0x0000000008000b20                generateRGB
 .text.setLEDIndexByLevel
                0x0000000008000c08       0x98 Core/Src/communication.o
                0x0000000008000c08                setLEDIndexByLevel
 .text.setLED   0x0000000008000ca0      0x1b0 Core/Src/communication.o
                0x0000000008000ca0                setLED
 .text.objectSensed
                0x0000000008000e50       0x24 Core/Src/communication.o
                0x0000000008000e50                objectSensed
 .text.pollSensors
                0x0000000008000e74       0xc4 Core/Src/communication.o
                0x0000000008000e74                pollSensors
 .text.recalibrate
                0x0000000008000f38       0x32 Core/Src/communication.o
                0x0000000008000f38                recalibrate
 *fill*         0x0000000008000f6a        0x2 
 .text.clearLEDs
                0x0000000008000f6c       0x78 Core/Src/communication.o
                0x0000000008000f6c                clearLEDs
 .text.updateLEDs
                0x0000000008000fe4       0x6a Core/Src/communication.o
                0x0000000008000fe4                updateLEDs
 *fill*         0x000000000800104e        0x2 
 .text.sendLEDVals
                0x0000000008001050      0x10c Core/Src/communication.o
                0x0000000008001050                sendLEDVals
 .text.enableSense
                0x000000000800115c       0x24 Core/Src/communication.o
                0x000000000800115c                enableSense
 .text.disableSense
                0x0000000008001180       0x24 Core/Src/communication.o
                0x0000000008001180                disableSense
 .text.sendCommand
                0x00000000080011a4       0x56 Core/Src/communication.o
                0x00000000080011a4                sendCommand
 *fill*         0x00000000080011fa        0x2 
 .text.I2CActive
                0x00000000080011fc       0x18 Core/Src/i2c.o
                0x00000000080011fc                I2CActive
 .text.I2CUpdateReady
                0x0000000008001214       0x18 Core/Src/i2c.o
                0x0000000008001214                I2CUpdateReady
 .text.receiveI2C
                0x000000000800122c       0x28 Core/Src/i2c.o
                0x000000000800122c                receiveI2C
 .text.processI2C
                0x0000000008001254      0x2fc Core/Src/i2c.o
                0x0000000008001254                processI2C
 .text.HAL_I2C_SlaveRxCpltCallback
                0x0000000008001550       0x20 Core/Src/i2c.o
                0x0000000008001550                HAL_I2C_SlaveRxCpltCallback
 .text.main     0x0000000008001570       0xa4 Core/Src/main.o
                0x0000000008001570                main
 .text.SystemClock_Config
                0x0000000008001614       0xda Core/Src/main.o
                0x0000000008001614                SystemClock_Config
 *fill*         0x00000000080016ee        0x2 
 .text.MX_I2C2_Init
                0x00000000080016f0       0x80 Core/Src/main.o
 .text.MX_RNG_Init
                0x0000000008001770       0x2c Core/Src/main.o
 .text.MX_USART1_UART_Init
                0x000000000800179c       0x98 Core/Src/main.o
 .text.MX_USART2_UART_Init
                0x0000000008001834       0x98 Core/Src/main.o
 .text.MX_DMA_Init
                0x00000000080018cc       0x64 Core/Src/main.o
 .text.MX_GPIO_Init
                0x0000000008001930       0x94 Core/Src/main.o
 .text.getTopUART
                0x00000000080019c4       0x14 Core/Src/main.o
                0x00000000080019c4                getTopUART
 .text.getBotUART
                0x00000000080019d8       0x14 Core/Src/main.o
                0x00000000080019d8                getBotUART
 .text.getI2C   0x00000000080019ec       0x14 Core/Src/main.o
                0x00000000080019ec                getI2C
 .text.getRNG   0x0000000008001a00       0x14 Core/Src/main.o
                0x0000000008001a00                getRNG
 .text.Error_Handler
                0x0000000008001a14        0x8 Core/Src/main.o
                0x0000000008001a14                Error_Handler
 .text.HAL_MspInit
                0x0000000008001a1c       0x48 Core/Src/stm32g4xx_hal_msp.o
                0x0000000008001a1c                HAL_MspInit
 .text.HAL_I2C_MspInit
                0x0000000008001a64       0xd4 Core/Src/stm32g4xx_hal_msp.o
                0x0000000008001a64                HAL_I2C_MspInit
 .text.HAL_RNG_MspInit
                0x0000000008001b38       0x40 Core/Src/stm32g4xx_hal_msp.o
                0x0000000008001b38                HAL_RNG_MspInit
 .text.HAL_UART_MspInit
                0x0000000008001b78      0x1bc Core/Src/stm32g4xx_hal_msp.o
                0x0000000008001b78                HAL_UART_MspInit
 .text.NMI_Handler
                0x0000000008001d34        0x6 Core/Src/stm32g4xx_it.o
                0x0000000008001d34                NMI_Handler
 .text.HardFault_Handler
                0x0000000008001d3a        0x6 Core/Src/stm32g4xx_it.o
                0x0000000008001d3a                HardFault_Handler
 .text.MemManage_Handler
                0x0000000008001d40        0x6 Core/Src/stm32g4xx_it.o
                0x0000000008001d40                MemManage_Handler
 .text.BusFault_Handler
                0x0000000008001d46        0x6 Core/Src/stm32g4xx_it.o
                0x0000000008001d46                BusFault_Handler
 .text.UsageFault_Handler
                0x0000000008001d4c        0x6 Core/Src/stm32g4xx_it.o
                0x0000000008001d4c                UsageFault_Handler
 .text.SVC_Handler
                0x0000000008001d52        0xe Core/Src/stm32g4xx_it.o
                0x0000000008001d52                SVC_Handler
 .text.DebugMon_Handler
                0x0000000008001d60        0xe Core/Src/stm32g4xx_it.o
                0x0000000008001d60                DebugMon_Handler
 .text.PendSV_Handler
                0x0000000008001d6e        0xe Core/Src/stm32g4xx_it.o
                0x0000000008001d6e                PendSV_Handler
 .text.SysTick_Handler
                0x0000000008001d7c        0xc Core/Src/stm32g4xx_it.o
                0x0000000008001d7c                SysTick_Handler
 .text.DMA1_Channel1_IRQHandler
                0x0000000008001d88       0x14 Core/Src/stm32g4xx_it.o
                0x0000000008001d88                DMA1_Channel1_IRQHandler
 .text.DMA1_Channel2_IRQHandler
                0x0000000008001d9c       0x14 Core/Src/stm32g4xx_it.o
                0x0000000008001d9c                DMA1_Channel2_IRQHandler
 .text.I2C2_EV_IRQHandler
                0x0000000008001db0       0x14 Core/Src/stm32g4xx_it.o
                0x0000000008001db0                I2C2_EV_IRQHandler
 .text.USART1_IRQHandler
                0x0000000008001dc4       0x14 Core/Src/stm32g4xx_it.o
                0x0000000008001dc4                USART1_IRQHandler
 .text.USART2_IRQHandler
                0x0000000008001dd8       0x14 Core/Src/stm32g4xx_it.o
                0x0000000008001dd8                USART2_IRQHandler
 .text.SystemInit
                0x0000000008001dec       0x2c Core/Src/system_stm32g4xx.o
                0x0000000008001dec                SystemInit
 .text.Reset_Handler
                0x0000000008001e18       0x50 Core/Startup/startup_stm32g431kbtx.o
                0x0000000008001e18                Reset_Handler
 .text.Default_Handler
                0x0000000008001e68        0x2 Core/Startup/startup_stm32g431kbtx.o
                0x0000000008001e68                TIM1_BRK_TIM15_IRQHandler
                0x0000000008001e68                EXTI2_IRQHandler
                0x0000000008001e68                TIM8_TRG_COM_IRQHandler
                0x0000000008001e68                TIM8_CC_IRQHandler
                0x0000000008001e68                TIM1_CC_IRQHandler
                0x0000000008001e68                USB_HP_IRQHandler
                0x0000000008001e68                CORDIC_IRQHandler
                0x0000000008001e68                EXTI3_IRQHandler
                0x0000000008001e68                I2C3_ER_IRQHandler
                0x0000000008001e68                EXTI0_IRQHandler
                0x0000000008001e68                FPU_IRQHandler
                0x0000000008001e68                FDCAN1_IT1_IRQHandler
                0x0000000008001e68                TIM1_UP_TIM16_IRQHandler
                0x0000000008001e68                ADC1_2_IRQHandler
                0x0000000008001e68                SPI1_IRQHandler
                0x0000000008001e68                TIM6_DAC_IRQHandler
                0x0000000008001e68                TIM8_UP_IRQHandler
                0x0000000008001e68                DMA2_Channel2_IRQHandler
                0x0000000008001e68                DMA1_Channel4_IRQHandler
                0x0000000008001e68                USART3_IRQHandler
                0x0000000008001e68                TIM4_IRQHandler
                0x0000000008001e68                DMA2_Channel1_IRQHandler
                0x0000000008001e68                I2C1_EV_IRQHandler
                0x0000000008001e68                DMA1_Channel6_IRQHandler
                0x0000000008001e68                UART4_IRQHandler
                0x0000000008001e68                DMA2_Channel4_IRQHandler
                0x0000000008001e68                TIM3_IRQHandler
                0x0000000008001e68                RCC_IRQHandler
                0x0000000008001e68                Default_Handler
                0x0000000008001e68                RTC_TAMP_LSECSS_IRQHandler
                0x0000000008001e68                FMAC_IRQHandler
                0x0000000008001e68                EXTI15_10_IRQHandler
                0x0000000008001e68                TIM7_IRQHandler
                0x0000000008001e68                UCPD1_IRQHandler
                0x0000000008001e68                I2C3_EV_IRQHandler
                0x0000000008001e68                EXTI9_5_IRQHandler
                0x0000000008001e68                RTC_WKUP_IRQHandler
                0x0000000008001e68                PVD_PVM_IRQHandler
                0x0000000008001e68                SPI2_IRQHandler
                0x0000000008001e68                DMA2_Channel5_IRQHandler
                0x0000000008001e68                CRS_IRQHandler
                0x0000000008001e68                DMA1_Channel5_IRQHandler
                0x0000000008001e68                USB_LP_IRQHandler
                0x0000000008001e68                EXTI4_IRQHandler
                0x0000000008001e68                RNG_IRQHandler
                0x0000000008001e68                TIM1_TRG_COM_TIM17_IRQHandler
                0x0000000008001e68                DMA1_Channel3_IRQHandler
                0x0000000008001e68                WWDG_IRQHandler
                0x0000000008001e68                LPUART1_IRQHandler
                0x0000000008001e68                DMA2_Channel6_IRQHandler
                0x0000000008001e68                FDCAN1_IT0_IRQHandler
                0x0000000008001e68                TIM2_IRQHandler
                0x0000000008001e68                COMP1_2_3_IRQHandler
                0x0000000008001e68                EXTI1_IRQHandler
                0x0000000008001e68                I2C2_ER_IRQHandler
                0x0000000008001e68                TIM8_BRK_IRQHandler
                0x0000000008001e68                FLASH_IRQHandler
                0x0000000008001e68                SPI3_IRQHandler
                0x0000000008001e68                I2C1_ER_IRQHandler
                0x0000000008001e68                LPTIM1_IRQHandler
                0x0000000008001e68                DMAMUX_OVR_IRQHandler
                0x0000000008001e68                USBWakeUp_IRQHandler
                0x0000000008001e68                SAI1_IRQHandler
                0x0000000008001e68                DMA2_Channel3_IRQHandler
                0x0000000008001e68                COMP4_IRQHandler
                0x0000000008001e68                RTC_Alarm_IRQHandler
 .text.HAL_Init
                0x0000000008001e6a       0x30 Drivers/STM32G4xx_HAL_Driver/Src/stm32g4xx_hal.o
                0x0000000008001e6a                HAL_Init
 *fill*         0x0000000008001e9a        0x2 
 .text.HAL_InitTick
                0x0000000008001e9c       0x74 Drivers/STM32G4xx_HAL_Driver/Src/stm32g4xx_hal.o
                0x0000000008001e9c                HAL_InitTick
 .text.HAL_IncTick
                0x0000000008001f10       0x24 Drivers/STM32G4xx_HAL_Driver/Src/stm32g4xx_hal.o
                0x0000000008001f10                HAL_IncTick
 .text.HAL_GetTick
                0x0000000008001f34       0x18 Drivers/STM32G4xx_HAL_Driver/Src/stm32g4xx_hal.o
                0x0000000008001f34                HAL_GetTick
 .text.HAL_Delay
                0x0000000008001f4c       0x44 Drivers/STM32G4xx_HAL_Driver/Src/stm32g4xx_hal.o
                0x0000000008001f4c                HAL_Delay
 .text.__NVIC_SetPriorityGrouping
                0x0000000008001f90       0x48 Drivers/STM32G4xx_HAL_Driver/Src/stm32g4xx_hal_cortex.o
 .text.__NVIC_GetPriorityGrouping
                0x0000000008001fd8       0x1c Drivers/STM32G4xx_HAL_Driver/Src/stm32g4xx_hal_cortex.o
 .text.__NVIC_EnableIRQ
                0x0000000008001ff4       0x3c Drivers/STM32G4xx_HAL_Driver/Src/stm32g4xx_hal_cortex.o
 .text.__NVIC_SetPriority
                0x0000000008002030       0x54 Drivers/STM32G4xx_HAL_Driver/Src/stm32g4xx_hal_cortex.o
 .text.NVIC_EncodePriority
                0x0000000008002084       0x66 Drivers/STM32G4xx_HAL_Driver/Src/stm32g4xx_hal_cortex.o
 *fill*         0x00000000080020ea        0x2 
 .text.SysTick_Config
                0x00000000080020ec       0x44 Drivers/STM32G4xx_HAL_Driver/Src/stm32g4xx_hal_cortex.o
 .text.HAL_NVIC_SetPriorityGrouping
                0x0000000008002130       0x16 Drivers/STM32G4xx_HAL_Driver/Src/stm32g4xx_hal_cortex.o
                0x0000000008002130                HAL_NVIC_SetPriorityGrouping
 .text.HAL_NVIC_SetPriority
                0x0000000008002146       0x34 Drivers/STM32G4xx_HAL_Driver/Src/stm32g4xx_hal_cortex.o
                0x0000000008002146                HAL_NVIC_SetPriority
 .text.HAL_NVIC_EnableIRQ
                0x000000000800217a       0x1c Drivers/STM32G4xx_HAL_Driver/Src/stm32g4xx_hal_cortex.o
                0x000000000800217a                HAL_NVIC_EnableIRQ
 .text.HAL_SYSTICK_Config
                0x0000000008002196       0x18 Drivers/STM32G4xx_HAL_Driver/Src/stm32g4xx_hal_cortex.o
                0x0000000008002196                HAL_SYSTICK_Config
 *fill*         0x00000000080021ae        0x2 
 .text.HAL_DMA_Init
                0x00000000080021b0      0x150 Drivers/STM32G4xx_HAL_Driver/Src/stm32g4xx_hal_dma.o
                0x00000000080021b0                HAL_DMA_Init
 .text.HAL_DMA_Start_IT
                0x0000000008002300       0xf6 Drivers/STM32G4xx_HAL_Driver/Src/stm32g4xx_hal_dma.o
                0x0000000008002300                HAL_DMA_Start_IT
 .text.HAL_DMA_Abort_IT
                0x00000000080023f6       0xce Drivers/STM32G4xx_HAL_Driver/Src/stm32g4xx_hal_dma.o
                0x00000000080023f6                HAL_DMA_Abort_IT
 .text.HAL_DMA_IRQHandler
                0x00000000080024c4      0x15e Drivers/STM32G4xx_HAL_Driver/Src/stm32g4xx_hal_dma.o
                0x00000000080024c4                HAL_DMA_IRQHandler
 .text.HAL_DMA_GetState
                0x0000000008002622       0x1c Drivers/STM32G4xx_HAL_Driver/Src/stm32g4xx_hal_dma.o
                0x0000000008002622                HAL_DMA_GetState
 .text.DMA_SetConfig
                0x000000000800263e       0x7c Drivers/STM32G4xx_HAL_Driver/Src/stm32g4xx_hal_dma.o
 *fill*         0x00000000080026ba        0x2 
 .text.DMA_CalcDMAMUXChannelBaseAndMask
                0x00000000080026bc       0x7c Drivers/STM32G4xx_HAL_Driver/Src/stm32g4xx_hal_dma.o
 .text.DMA_CalcDMAMUXRequestGenBaseAndMask
                0x0000000008002738       0x48 Drivers/STM32G4xx_HAL_Driver/Src/stm32g4xx_hal_dma.o
 .text.HAL_GPIO_Init
                0x0000000008002780      0x304 Drivers/STM32G4xx_HAL_Driver/Src/stm32g4xx_hal_gpio.o
                0x0000000008002780                HAL_GPIO_Init
 .text.HAL_GPIO_WritePin
                0x0000000008002a84       0x30 Drivers/STM32G4xx_HAL_Driver/Src/stm32g4xx_hal_gpio.o
                0x0000000008002a84                HAL_GPIO_WritePin
 .text.HAL_I2C_Init
                0x0000000008002ab4      0x11e Drivers/STM32G4xx_HAL_Driver/Src/stm32g4xx_hal_i2c.o
                0x0000000008002ab4                HAL_I2C_Init
 *fill*         0x0000000008002bd2        0x2 
 .text.HAL_I2C_Slave_Receive_IT
                0x0000000008002bd4       0xa0 Drivers/STM32G4xx_HAL_Driver/Src/stm32g4xx_hal_i2c.o
                0x0000000008002bd4                HAL_I2C_Slave_Receive_IT
 .text.HAL_I2C_EV_IRQHandler
                0x0000000008002c74       0x34 Drivers/STM32G4xx_HAL_Driver/Src/stm32g4xx_hal_i2c.o
                0x0000000008002c74                HAL_I2C_EV_IRQHandler
 .text.HAL_I2C_MasterTxCpltCallback
                0x0000000008002ca8       0x14 Drivers/STM32G4xx_HAL_Driver/Src/stm32g4xx_hal_i2c.o
                0x0000000008002ca8                HAL_I2C_MasterTxCpltCallback
 .text.HAL_I2C_MasterRxCpltCallback
                0x0000000008002cbc       0x14 Drivers/STM32G4xx_HAL_Driver/Src/stm32g4xx_hal_i2c.o
                0x0000000008002cbc                HAL_I2C_MasterRxCpltCallback
 .text.HAL_I2C_SlaveTxCpltCallback
                0x0000000008002cd0       0x14 Drivers/STM32G4xx_HAL_Driver/Src/stm32g4xx_hal_i2c.o
                0x0000000008002cd0                HAL_I2C_SlaveTxCpltCallback
 .text.HAL_I2C_AddrCallback
                0x0000000008002ce4       0x1c Drivers/STM32G4xx_HAL_Driver/Src/stm32g4xx_hal_i2c.o
                0x0000000008002ce4                HAL_I2C_AddrCallback
 .text.HAL_I2C_ListenCpltCallback
                0x0000000008002d00       0x14 Drivers/STM32G4xx_HAL_Driver/Src/stm32g4xx_hal_i2c.o
                0x0000000008002d00                HAL_I2C_ListenCpltCallback
 .text.HAL_I2C_MemTxCpltCallback
                0x0000000008002d14       0x14 Drivers/STM32G4xx_HAL_Driver/Src/stm32g4xx_hal_i2c.o
                0x0000000008002d14                HAL_I2C_MemTxCpltCallback
 .text.HAL_I2C_MemRxCpltCallback
                0x0000000008002d28       0x14 Drivers/STM32G4xx_HAL_Driver/Src/stm32g4xx_hal_i2c.o
                0x0000000008002d28                HAL_I2C_MemRxCpltCallback
 .text.HAL_I2C_ErrorCallback
                0x0000000008002d3c       0x14 Drivers/STM32G4xx_HAL_Driver/Src/stm32g4xx_hal_i2c.o
                0x0000000008002d3c                HAL_I2C_ErrorCallback
 .text.HAL_I2C_AbortCpltCallback
                0x0000000008002d50       0x14 Drivers/STM32G4xx_HAL_Driver/Src/stm32g4xx_hal_i2c.o
                0x0000000008002d50                HAL_I2C_AbortCpltCallback
 .text.I2C_Slave_ISR_IT
                0x0000000008002d64      0x206 Drivers/STM32G4xx_HAL_Driver/Src/stm32g4xx_hal_i2c.o
 .text.I2C_Master_ISR_DMA
                0x0000000008002f6a      0x1e6 Drivers/STM32G4xx_HAL_Driver/Src/stm32g4xx_hal_i2c.o
 .text.I2C_Slave_ISR_DMA
                0x0000000008003150      0x1c0 Drivers/STM32G4xx_HAL_Driver/Src/stm32g4xx_hal_i2c.o
 .text.I2C_ITAddrCplt
                0x0000000008003310      0x108 Drivers/STM32G4xx_HAL_Driver/Src/stm32g4xx_hal_i2c.o
 .text.I2C_ITMasterSeqCplt
                0x0000000008003418       0x7a Drivers/STM32G4xx_HAL_Driver/Src/stm32g4xx_hal_i2c.o
 .text.I2C_ITSlaveSeqCplt
                0x0000000008003492       0xbc Drivers/STM32G4xx_HAL_Driver/Src/stm32g4xx_hal_i2c.o
 *fill*         0x000000000800354e        0x2 
 .text.I2C_ITMasterCplt
                0x0000000008003550      0x194 Drivers/STM32G4xx_HAL_Driver/Src/stm32g4xx_hal_i2c.o
 .text.I2C_ITSlaveCplt
                0x00000000080036e4      0x214 Drivers/STM32G4xx_HAL_Driver/Src/stm32g4xx_hal_i2c.o
 .text.I2C_ITListenCplt
                0x00000000080038f8       0xac Drivers/STM32G4xx_HAL_Driver/Src/stm32g4xx_hal_i2c.o
 .text.I2C_ITError
                0x00000000080039a4      0x1a0 Drivers/STM32G4xx_HAL_Driver/Src/stm32g4xx_hal_i2c.o
 .text.I2C_TreatErrorCallback
                0x0000000008003b44       0x4e Drivers/STM32G4xx_HAL_Driver/Src/stm32g4xx_hal_i2c.o
 .text.I2C_Flush_TXDR
                0x0000000008003b92       0x48 Drivers/STM32G4xx_HAL_Driver/Src/stm32g4xx_hal_i2c.o
 .text.I2C_DMAAbort
                0x0000000008003bda       0x3c Drivers/STM32G4xx_HAL_Driver/Src/stm32g4xx_hal_i2c.o
 *fill*         0x0000000008003c16        0x2 
 .text.I2C_TransferConfig
                0x0000000008003c18       0x5c Drivers/STM32G4xx_HAL_Driver/Src/stm32g4xx_hal_i2c.o
 .text.I2C_Enable_IRQ
                0x0000000008003c74       0xc8 Drivers/STM32G4xx_HAL_Driver/Src/stm32g4xx_hal_i2c.o
 .text.I2C_Disable_IRQ
                0x0000000008003d3c       0xbc Drivers/STM32G4xx_HAL_Driver/Src/stm32g4xx_hal_i2c.o
 .text.HAL_I2CEx_ConfigAnalogFilter
                0x0000000008003df8       0x96 Drivers/STM32G4xx_HAL_Driver/Src/stm32g4xx_hal_i2c_ex.o
                0x0000000008003df8                HAL_I2CEx_ConfigAnalogFilter
 .text.HAL_I2CEx_ConfigDigitalFilter
                0x0000000008003e8e       0x98 Drivers/STM32G4xx_HAL_Driver/Src/stm32g4xx_hal_i2c_ex.o
                0x0000000008003e8e                HAL_I2CEx_ConfigDigitalFilter
 *fill*         0x0000000008003f26        0x2 
 .text.HAL_PWREx_ControlVoltageScaling
                0x0000000008003f28      0x148 Drivers/STM32G4xx_HAL_Driver/Src/stm32g4xx_hal_pwr_ex.o
                0x0000000008003f28                HAL_PWREx_ControlVoltageScaling
 .text.HAL_PWREx_DisableUCPDDeadBattery
                0x0000000008004070       0x20 Drivers/STM32G4xx_HAL_Driver/Src/stm32g4xx_hal_pwr_ex.o
                0x0000000008004070                HAL_PWREx_DisableUCPDDeadBattery
 .text.HAL_RCC_OscConfig
                0x0000000008004090      0x630 Drivers/STM32G4xx_HAL_Driver/Src/stm32g4xx_hal_rcc.o
                0x0000000008004090                HAL_RCC_OscConfig
 .text.HAL_RCC_ClockConfig
                0x00000000080046c0      0x278 Drivers/STM32G4xx_HAL_Driver/Src/stm32g4xx_hal_rcc.o
                0x00000000080046c0                HAL_RCC_ClockConfig
 .text.HAL_RCC_GetSysClockFreq
                0x0000000008004938       0xc4 Drivers/STM32G4xx_HAL_Driver/Src/stm32g4xx_hal_rcc.o
                0x0000000008004938                HAL_RCC_GetSysClockFreq
 .text.HAL_RCC_GetHCLKFreq
                0x00000000080049fc       0x18 Drivers/STM32G4xx_HAL_Driver/Src/stm32g4xx_hal_rcc.o
                0x00000000080049fc                HAL_RCC_GetHCLKFreq
 .text.HAL_RCC_GetPCLK1Freq
                0x0000000008004a14       0x2c Drivers/STM32G4xx_HAL_Driver/Src/stm32g4xx_hal_rcc.o
                0x0000000008004a14                HAL_RCC_GetPCLK1Freq
 .text.HAL_RCC_GetPCLK2Freq
                0x0000000008004a40       0x2c Drivers/STM32G4xx_HAL_Driver/Src/stm32g4xx_hal_rcc.o
                0x0000000008004a40                HAL_RCC_GetPCLK2Freq
 .text.RCC_GetSysClockFreqFromPLLSource
                0x0000000008004a6c       0x8c Drivers/STM32G4xx_HAL_Driver/Src/stm32g4xx_hal_rcc.o
 .text.HAL_RCCEx_PeriphCLKConfig
                0x0000000008004af8      0x3e0 Drivers/STM32G4xx_HAL_Driver/Src/stm32g4xx_hal_rcc_ex.o
                0x0000000008004af8                HAL_RCCEx_PeriphCLKConfig
 .text.HAL_RNG_Init
                0x0000000008004ed8       0x6a Drivers/STM32G4xx_HAL_Driver/Src/stm32g4xx_hal_rng.o
                0x0000000008004ed8                HAL_RNG_Init
 .text.HAL_RNG_GenerateRandomNumber
                0x0000000008004f42       0x9e Drivers/STM32G4xx_HAL_Driver/Src/stm32g4xx_hal_rng.o
                0x0000000008004f42                HAL_RNG_GenerateRandomNumber
 .text.HAL_UART_Init
                0x0000000008004fe0       0xa0 Drivers/STM32G4xx_HAL_Driver/Src/stm32g4xx_hal_uart.o
                0x0000000008004fe0                HAL_UART_Init
 .text.HAL_UART_Transmit
                0x0000000008005080      0x12c Drivers/STM32G4xx_HAL_Driver/Src/stm32g4xx_hal_uart.o
                0x0000000008005080                HAL_UART_Transmit
 .text.HAL_UART_Receive
                0x00000000080051ac      0x1a0 Drivers/STM32G4xx_HAL_Driver/Src/stm32g4xx_hal_uart.o
                0x00000000080051ac                HAL_UART_Receive
 .text.HAL_UART_Transmit_DMA
                0x000000000800534c      0x100 Drivers/STM32G4xx_HAL_Driver/Src/stm32g4xx_hal_uart.o
                0x000000000800534c                HAL_UART_Transmit_DMA
 .text.HAL_UART_IRQHandler
                0x000000000800544c      0x300 Drivers/STM32G4xx_HAL_Driver/Src/stm32g4xx_hal_uart.o
                0x000000000800544c                HAL_UART_IRQHandler
 .text.HAL_UART_TxCpltCallback
                0x000000000800574c       0x14 Drivers/STM32G4xx_HAL_Driver/Src/stm32g4xx_hal_uart.o
                0x000000000800574c                HAL_UART_TxCpltCallback
 .text.HAL_UART_TxHalfCpltCallback
                0x0000000008005760       0x14 Drivers/STM32G4xx_HAL_Driver/Src/stm32g4xx_hal_uart.o
                0x0000000008005760                HAL_UART_TxHalfCpltCallback
 .text.HAL_UART_ErrorCallback
                0x0000000008005774       0x14 Drivers/STM32G4xx_HAL_Driver/Src/stm32g4xx_hal_uart.o
                0x0000000008005774                HAL_UART_ErrorCallback
 .text.UART_SetConfig
                0x0000000008005788      0x550 Drivers/STM32G4xx_HAL_Driver/Src/stm32g4xx_hal_uart.o
                0x0000000008005788                UART_SetConfig
 .text.UART_AdvFeatureConfig
                0x0000000008005cd8      0x144 Drivers/STM32G4xx_HAL_Driver/Src/stm32g4xx_hal_uart.o
                0x0000000008005cd8                UART_AdvFeatureConfig
 .text.UART_CheckIdleState
                0x0000000008005e1c       0x90 Drivers/STM32G4xx_HAL_Driver/Src/stm32g4xx_hal_uart.o
                0x0000000008005e1c                UART_CheckIdleState
 .text.UART_WaitOnFlagUntilTimeout
                0x0000000008005eac      0x100 Drivers/STM32G4xx_HAL_Driver/Src/stm32g4xx_hal_uart.o
                0x0000000008005eac                UART_WaitOnFlagUntilTimeout
 .text.UART_EndTxTransfer
                0x0000000008005fac       0x3c Drivers/STM32G4xx_HAL_Driver/Src/stm32g4xx_hal_uart.o
 .text.UART_EndRxTransfer
                0x0000000008005fe8       0x46 Drivers/STM32G4xx_HAL_Driver/Src/stm32g4xx_hal_uart.o
 .text.UART_DMATransmitCplt
                0x000000000800602e       0x54 Drivers/STM32G4xx_HAL_Driver/Src/stm32g4xx_hal_uart.o
 .text.UART_DMATxHalfCplt
                0x0000000008006082       0x1c Drivers/STM32G4xx_HAL_Driver/Src/stm32g4xx_hal_uart.o
 .text.UART_DMAError
                0x000000000800609e       0x80 Drivers/STM32G4xx_HAL_Driver/Src/stm32g4xx_hal_uart.o
 .text.UART_DMAAbortOnError
                0x000000000800611e       0x2c Drivers/STM32G4xx_HAL_Driver/Src/stm32g4xx_hal_uart.o
 .text.UART_EndTransmit_IT
                0x000000000800614a       0x34 Drivers/STM32G4xx_HAL_Driver/Src/stm32g4xx_hal_uart.o
 .text.HAL_UARTEx_WakeupCallback
                0x000000000800617e       0x14 Drivers/STM32G4xx_HAL_Driver/Src/stm32g4xx_hal_uart_ex.o
                0x000000000800617e                HAL_UARTEx_WakeupCallback
 .text.HAL_UARTEx_RxFifoFullCallback
                0x0000000008006192       0x14 Drivers/STM32G4xx_HAL_Driver/Src/stm32g4xx_hal_uart_ex.o
                0x0000000008006192                HAL_UARTEx_RxFifoFullCallback
 .text.HAL_UARTEx_TxFifoEmptyCallback
                0x00000000080061a6       0x14 Drivers/STM32G4xx_HAL_Driver/Src/stm32g4xx_hal_uart_ex.o
                0x00000000080061a6                HAL_UARTEx_TxFifoEmptyCallback
 .text.HAL_UARTEx_DisableFifoMode
                0x00000000080061ba       0x72 Drivers/STM32G4xx_HAL_Driver/Src/stm32g4xx_hal_uart_ex.o
                0x00000000080061ba                HAL_UARTEx_DisableFifoMode
 .text.HAL_UARTEx_SetTxFifoThreshold
                0x000000000800622c       0x7c Drivers/STM32G4xx_HAL_Driver/Src/stm32g4xx_hal_uart_ex.o
                0x000000000800622c                HAL_UARTEx_SetTxFifoThreshold
 .text.HAL_UARTEx_SetRxFifoThreshold
                0x00000000080062a8       0x7c Drivers/STM32G4xx_HAL_Driver/Src/stm32g4xx_hal_uart_ex.o
                0x00000000080062a8                HAL_UARTEx_SetRxFifoThreshold
 .text.UARTEx_SetNbDataToProcess
                0x0000000008006324       0xd0 Drivers/STM32G4xx_HAL_Driver/Src/stm32g4xx_hal_uart_ex.o
 .text.__libc_init_array
                0x00000000080063f4       0x48 /Applications/STM32CubeIDE.app/Contents/Eclipse/plugins/com.st.stm32cube.ide.mcu.externaltools.gnu-tools-for-stm32.7-2018-q2-update.macos64_1.5.0.202011040924/tools/bin/../lib/gcc/arm-none-eabi/7.3.1/../../../../arm-none-eabi/lib/thumb/v7e-m/fpv4-sp/hard/libc_nano.a(lib_a-init.o)
                0x00000000080063f4                __libc_init_array
 .text.memset   0x000000000800643c       0x10 /Applications/STM32CubeIDE.app/Contents/Eclipse/plugins/com.st.stm32cube.ide.mcu.externaltools.gnu-tools-for-stm32.7-2018-q2-update.macos64_1.5.0.202011040924/tools/bin/../lib/gcc/arm-none-eabi/7.3.1/../../../../arm-none-eabi/lib/thumb/v7e-m/fpv4-sp/hard/libc_nano.a(lib_a-memset.o)
                0x000000000800643c                memset
 *(.glue_7)
 .glue_7        0x000000000800644c        0x0 linker stubs
 *(.glue_7t)
 .glue_7t       0x000000000800644c        0x0 linker stubs
 *(.eh_frame)
 .eh_frame      0x000000000800644c        0x0 /Applications/STM32CubeIDE.app/Contents/Eclipse/plugins/com.st.stm32cube.ide.mcu.externaltools.gnu-tools-for-stm32.7-2018-q2-update.macos64_1.5.0.202011040924/tools/bin/../lib/gcc/arm-none-eabi/7.3.1/thumb/v7e-m/fpv4-sp/hard/crtbegin.o
 *(.init)
 .init          0x000000000800644c        0x4 /Applications/STM32CubeIDE.app/Contents/Eclipse/plugins/com.st.stm32cube.ide.mcu.externaltools.gnu-tools-for-stm32.7-2018-q2-update.macos64_1.5.0.202011040924/tools/bin/../lib/gcc/arm-none-eabi/7.3.1/thumb/v7e-m/fpv4-sp/hard/crti.o
                0x000000000800644c                _init
 .init          0x0000000008006450        0x8 /Applications/STM32CubeIDE.app/Contents/Eclipse/plugins/com.st.stm32cube.ide.mcu.externaltools.gnu-tools-for-stm32.7-2018-q2-update.macos64_1.5.0.202011040924/tools/bin/../lib/gcc/arm-none-eabi/7.3.1/thumb/v7e-m/fpv4-sp/hard/crtn.o
 *(.fini)
 .fini          0x0000000008006458        0x4 /Applications/STM32CubeIDE.app/Contents/Eclipse/plugins/com.st.stm32cube.ide.mcu.externaltools.gnu-tools-for-stm32.7-2018-q2-update.macos64_1.5.0.202011040924/tools/bin/../lib/gcc/arm-none-eabi/7.3.1/thumb/v7e-m/fpv4-sp/hard/crti.o
                0x0000000008006458                _fini
 .fini          0x000000000800645c        0x8 /Applications/STM32CubeIDE.app/Contents/Eclipse/plugins/com.st.stm32cube.ide.mcu.externaltools.gnu-tools-for-stm32.7-2018-q2-update.macos64_1.5.0.202011040924/tools/bin/../lib/gcc/arm-none-eabi/7.3.1/thumb/v7e-m/fpv4-sp/hard/crtn.o
                0x0000000008006464                . = ALIGN (0x4)
                0x0000000008006464                _etext = .

.vfp11_veneer   0x0000000008006464        0x0
 .vfp11_veneer  0x0000000008006464        0x0 linker stubs

.v4_bx          0x0000000008006464        0x0
 .v4_bx         0x0000000008006464        0x0 linker stubs

.iplt           0x0000000008006464        0x0
 .iplt          0x0000000008006464        0x0 /Applications/STM32CubeIDE.app/Contents/Eclipse/plugins/com.st.stm32cube.ide.mcu.externaltools.gnu-tools-for-stm32.7-2018-q2-update.macos64_1.5.0.202011040924/tools/bin/../lib/gcc/arm-none-eabi/7.3.1/thumb/v7e-m/fpv4-sp/hard/crtbegin.o

.rodata         0x0000000008006464       0x40
                0x0000000008006464                . = ALIGN (0x4)
 *(.rodata)
 .rodata        0x0000000008006464       0x10 Drivers/STM32G4xx_HAL_Driver/Src/stm32g4xx_hal_uart_ex.o
 *(.rodata*)
 .rodata.AHBPrescTable
                0x0000000008006474       0x10 Core/Src/system_stm32g4xx.o
                0x0000000008006474                AHBPrescTable
 .rodata.APBPrescTable
                0x0000000008006484        0x8 Core/Src/system_stm32g4xx.o
                0x0000000008006484                APBPrescTable
 .rodata.UARTPrescTable
                0x000000000800648c       0x18 Drivers/STM32G4xx_HAL_Driver/Src/stm32g4xx_hal_uart.o
                0x000000000800648c                UARTPrescTable
                0x00000000080064a4                . = ALIGN (0x4)

.ARM.extab      0x00000000080064a4        0x0
                0x00000000080064a4                . = ALIGN (0x4)
 *(.ARM.extab* .gnu.linkonce.armextab.*)
                0x00000000080064a4                . = ALIGN (0x4)

.ARM            0x00000000080064a4        0x8
                0x00000000080064a4                . = ALIGN (0x4)
                0x00000000080064a4                __exidx_start = .
 *(.ARM.exidx*)
 .ARM.exidx     0x00000000080064a4        0x8 /Applications/STM32CubeIDE.app/Contents/Eclipse/plugins/com.st.stm32cube.ide.mcu.externaltools.gnu-tools-for-stm32.7-2018-q2-update.macos64_1.5.0.202011040924/tools/bin/../lib/gcc/arm-none-eabi/7.3.1/thumb/v7e-m/fpv4-sp/hard/libgcc.a(_udivmoddi4.o)
                0x00000000080064ac                __exidx_end = .
                0x00000000080064ac                . = ALIGN (0x4)

.rel.dyn        0x00000000080064ac        0x0
 .rel.iplt      0x00000000080064ac        0x0 /Applications/STM32CubeIDE.app/Contents/Eclipse/plugins/com.st.stm32cube.ide.mcu.externaltools.gnu-tools-for-stm32.7-2018-q2-update.macos64_1.5.0.202011040924/tools/bin/../lib/gcc/arm-none-eabi/7.3.1/thumb/v7e-m/fpv4-sp/hard/crtbegin.o

.preinit_array  0x00000000080064ac        0x0
                0x00000000080064ac                . = ALIGN (0x4)
                0x00000000080064ac                PROVIDE (__preinit_array_start = .)
 *(.preinit_array*)
                0x00000000080064ac                PROVIDE (__preinit_array_end = .)
                0x00000000080064ac                . = ALIGN (0x4)

.init_array     0x00000000080064ac        0x4
                0x00000000080064ac                . = ALIGN (0x4)
                0x00000000080064ac                PROVIDE (__init_array_start = .)
 *(SORT_BY_NAME(.init_array.*))
 *(.init_array*)
 .init_array    0x00000000080064ac        0x4 /Applications/STM32CubeIDE.app/Contents/Eclipse/plugins/com.st.stm32cube.ide.mcu.externaltools.gnu-tools-for-stm32.7-2018-q2-update.macos64_1.5.0.202011040924/tools/bin/../lib/gcc/arm-none-eabi/7.3.1/thumb/v7e-m/fpv4-sp/hard/crtbegin.o
                0x00000000080064b0                PROVIDE (__init_array_end = .)
                0x00000000080064b0                . = ALIGN (0x4)

.fini_array     0x00000000080064b0        0x4
                0x00000000080064b0                . = ALIGN (0x4)
                [!provide]                        PROVIDE (__fini_array_start = .)
 *(SORT_BY_NAME(.fini_array.*))
 *(.fini_array*)
 .fini_array    0x00000000080064b0        0x4 /Applications/STM32CubeIDE.app/Contents/Eclipse/plugins/com.st.stm32cube.ide.mcu.externaltools.gnu-tools-for-stm32.7-2018-q2-update.macos64_1.5.0.202011040924/tools/bin/../lib/gcc/arm-none-eabi/7.3.1/thumb/v7e-m/fpv4-sp/hard/crtbegin.o
                [!provide]                        PROVIDE (__fini_array_end = .)
                0x00000000080064b4                . = ALIGN (0x4)
                0x00000000080064b4                _sidata = LOADADDR (.data)

.data           0x0000000020000000       0x18 load address 0x00000000080064b4
                0x0000000020000000                . = ALIGN (0x4)
                0x0000000020000000                _sdata = .
 *(.data)
 *(.data*)
 .data.animation_len
                0x0000000020000000        0xc Core/Src/animations.o
                0x0000000020000000                animation_len
 .data.SystemCoreClock
                0x000000002000000c        0x4 Core/Src/system_stm32g4xx.o
                0x000000002000000c                SystemCoreClock
 .data.uwTickPrio
                0x0000000020000010        0x4 Drivers/STM32G4xx_HAL_Driver/Src/stm32g4xx_hal.o
                0x0000000020000010                uwTickPrio
 .data.uwTickFreq
                0x0000000020000014        0x4 Drivers/STM32G4xx_HAL_Driver/Src/stm32g4xx_hal.o
                0x0000000020000014                uwTickFreq
 *(.RamFunc)
 *(.RamFunc*)
                0x0000000020000018                . = ALIGN (0x4)
                0x0000000020000018                _edata = .

.igot.plt       0x0000000020000018        0x0 load address 0x00000000080064cc
 .igot.plt      0x0000000020000018        0x0 /Applications/STM32CubeIDE.app/Contents/Eclipse/plugins/com.st.stm32cube.ide.mcu.externaltools.gnu-tools-for-stm32.7-2018-q2-update.macos64_1.5.0.202011040924/tools/bin/../lib/gcc/arm-none-eabi/7.3.1/thumb/v7e-m/fpv4-sp/hard/crtbegin.o
                0x0000000020000018                . = ALIGN (0x4)

.bss            0x0000000020000018      0x584 load address 0x00000000080064cc
                0x0000000020000018                _sbss = .
                0x0000000020000018                __bss_start__ = _sbss
 *(.bss)
 .bss           0x0000000020000018       0x1c /Applications/STM32CubeIDE.app/Contents/Eclipse/plugins/com.st.stm32cube.ide.mcu.externaltools.gnu-tools-for-stm32.7-2018-q2-update.macos64_1.5.0.202011040924/tools/bin/../lib/gcc/arm-none-eabi/7.3.1/thumb/v7e-m/fpv4-sp/hard/crtbegin.o
 *(.bss*)
 *(COMMON)
 COMMON         0x0000000020000034       0x20 Core/Src/animations.o
                0x0000000020000034                randoms1
                0x0000000020000040                animation_num
                0x0000000020000044                animation_idx
                0x0000000020000048                randoms2
 COMMON         0x0000000020000054      0x309 Core/Src/communication.o
                0x0000000020000054                top_sense_state
                0x0000000020000055                bot_sense_state
                0x0000000020000058                top_led_buf
                0x00000000200001d8                top_data
                0x00000000200001dc                bot_led_buf
                0x000000002000035c                bot_data
 COMMON         0x000000002000035d        0x3 Core/Src/i2c.o
                0x000000002000035d                cmd_ready
                0x000000002000035e                active
                0x000000002000035f                cmd_buf
 COMMON         0x0000000020000360      0x238 Core/Src/main.o
                0x0000000020000360                hi2c2
                0x00000000200003ac                hdma_usart1_tx
                0x000000002000040c                hdma_usart2_tx
                0x000000002000046c                huart1
                0x00000000200004f8                hrng
                0x000000002000050c                huart2
 COMMON         0x0000000020000598        0x4 Drivers/STM32G4xx_HAL_Driver/Src/stm32g4xx_hal.o
                0x0000000020000598                uwTick
                0x000000002000059c                . = ALIGN (0x4)
                0x000000002000059c                _ebss = .
                0x000000002000059c                __bss_end__ = _ebss

._user_heap_stack
                0x000000002000059c      0x604 load address 0x00000000080064cc
                0x00000000200005a0                . = ALIGN (0x8)
 *fill*         0x000000002000059c        0x4 
                [!provide]                        PROVIDE (end = .)
                0x00000000200005a0                PROVIDE (_end = .)
                0x00000000200007a0                . = (. + _Min_Heap_Size)
 *fill*         0x00000000200005a0      0x200 
                0x0000000020000ba0                . = (. + _Min_Stack_Size)
 *fill*         0x00000000200007a0      0x400 
                0x0000000020000ba0                . = ALIGN (0x8)

/DISCARD/
 libc.a(*)
 libm.a(*)
 libgcc.a(*)

.ARM.attributes
                0x0000000000000000       0x30
 *(.ARM.attributes)
 .ARM.attributes
                0x0000000000000000       0x22 /Applications/STM32CubeIDE.app/Contents/Eclipse/plugins/com.st.stm32cube.ide.mcu.externaltools.gnu-tools-for-stm32.7-2018-q2-update.macos64_1.5.0.202011040924/tools/bin/../lib/gcc/arm-none-eabi/7.3.1/thumb/v7e-m/fpv4-sp/hard/crti.o
 .ARM.attributes
                0x0000000000000022       0x34 /Applications/STM32CubeIDE.app/Contents/Eclipse/plugins/com.st.stm32cube.ide.mcu.externaltools.gnu-tools-for-stm32.7-2018-q2-update.macos64_1.5.0.202011040924/tools/bin/../lib/gcc/arm-none-eabi/7.3.1/thumb/v7e-m/fpv4-sp/hard/crtbegin.o
 .ARM.attributes
                0x0000000000000056       0x39 Core/Src/animations.o
 .ARM.attributes
                0x000000000000008f       0x39 Core/Src/communication.o
 .ARM.attributes
                0x00000000000000c8       0x39 Core/Src/i2c.o
 .ARM.attributes
                0x0000000000000101       0x39 Core/Src/main.o
 .ARM.attributes
                0x000000000000013a       0x39 Core/Src/stm32g4xx_hal_msp.o
 .ARM.attributes
                0x0000000000000173       0x39 Core/Src/stm32g4xx_it.o
 .ARM.attributes
                0x00000000000001ac       0x39 Core/Src/system_stm32g4xx.o
 .ARM.attributes
                0x00000000000001e5       0x21 Core/Startup/startup_stm32g431kbtx.o
 .ARM.attributes
                0x0000000000000206       0x39 Drivers/STM32G4xx_HAL_Driver/Src/stm32g4xx_hal.o
 .ARM.attributes
                0x000000000000023f       0x39 Drivers/STM32G4xx_HAL_Driver/Src/stm32g4xx_hal_cortex.o
 .ARM.attributes
                0x0000000000000278       0x39 Drivers/STM32G4xx_HAL_Driver/Src/stm32g4xx_hal_dma.o
 .ARM.attributes
                0x00000000000002b1       0x39 Drivers/STM32G4xx_HAL_Driver/Src/stm32g4xx_hal_gpio.o
 .ARM.attributes
                0x00000000000002ea       0x39 Drivers/STM32G4xx_HAL_Driver/Src/stm32g4xx_hal_i2c.o
 .ARM.attributes
                0x0000000000000323       0x39 Drivers/STM32G4xx_HAL_Driver/Src/stm32g4xx_hal_i2c_ex.o
 .ARM.attributes
                0x000000000000035c       0x39 Drivers/STM32G4xx_HAL_Driver/Src/stm32g4xx_hal_pwr_ex.o
 .ARM.attributes
                0x0000000000000395       0x39 Drivers/STM32G4xx_HAL_Driver/Src/stm32g4xx_hal_rcc.o
 .ARM.attributes
                0x00000000000003ce       0x39 Drivers/STM32G4xx_HAL_Driver/Src/stm32g4xx_hal_rcc_ex.o
 .ARM.attributes
                0x0000000000000407       0x39 Drivers/STM32G4xx_HAL_Driver/Src/stm32g4xx_hal_rng.o
 .ARM.attributes
                0x0000000000000440       0x39 Drivers/STM32G4xx_HAL_Driver/Src/stm32g4xx_hal_uart.o
 .ARM.attributes
                0x0000000000000479       0x39 Drivers/STM32G4xx_HAL_Driver/Src/stm32g4xx_hal_uart_ex.o
 .ARM.attributes
                0x00000000000004b2       0x34 /Applications/STM32CubeIDE.app/Contents/Eclipse/plugins/com.st.stm32cube.ide.mcu.externaltools.gnu-tools-for-stm32.7-2018-q2-update.macos64_1.5.0.202011040924/tools/bin/../lib/gcc/arm-none-eabi/7.3.1/../../../../arm-none-eabi/lib/thumb/v7e-m/fpv4-sp/hard/libc_nano.a(lib_a-init.o)
 .ARM.attributes
                0x00000000000004e6       0x34 /Applications/STM32CubeIDE.app/Contents/Eclipse/plugins/com.st.stm32cube.ide.mcu.externaltools.gnu-tools-for-stm32.7-2018-q2-update.macos64_1.5.0.202011040924/tools/bin/../lib/gcc/arm-none-eabi/7.3.1/../../../../arm-none-eabi/lib/thumb/v7e-m/fpv4-sp/hard/libc_nano.a(lib_a-memset.o)
 .ARM.attributes
                0x000000000000051a       0x22 /Applications/STM32CubeIDE.app/Contents/Eclipse/plugins/com.st.stm32cube.ide.mcu.externaltools.gnu-tools-for-stm32.7-2018-q2-update.macos64_1.5.0.202011040924/tools/bin/../lib/gcc/arm-none-eabi/7.3.1/thumb/v7e-m/fpv4-sp/hard/libgcc.a(_aeabi_uldivmod.o)
 .ARM.attributes
                0x000000000000053c       0x34 /Applications/STM32CubeIDE.app/Contents/Eclipse/plugins/com.st.stm32cube.ide.mcu.externaltools.gnu-tools-for-stm32.7-2018-q2-update.macos64_1.5.0.202011040924/tools/bin/../lib/gcc/arm-none-eabi/7.3.1/thumb/v7e-m/fpv4-sp/hard/libgcc.a(_udivmoddi4.o)
 .ARM.attributes
                0x0000000000000570       0x22 /Applications/STM32CubeIDE.app/Contents/Eclipse/plugins/com.st.stm32cube.ide.mcu.externaltools.gnu-tools-for-stm32.7-2018-q2-update.macos64_1.5.0.202011040924/tools/bin/../lib/gcc/arm-none-eabi/7.3.1/thumb/v7e-m/fpv4-sp/hard/libgcc.a(_dvmd_tls.o)
 .ARM.attributes
                0x0000000000000592       0x22 /Applications/STM32CubeIDE.app/Contents/Eclipse/plugins/com.st.stm32cube.ide.mcu.externaltools.gnu-tools-for-stm32.7-2018-q2-update.macos64_1.5.0.202011040924/tools/bin/../lib/gcc/arm-none-eabi/7.3.1/thumb/v7e-m/fpv4-sp/hard/crtn.o
OUTPUT(Stair_Light_Hub-v2.elf elf32-littlearm)

.debug_info     0x0000000000000000    0x10ba1
 .debug_info    0x0000000000000000      0x55f Core/Src/animations.o
 .debug_info    0x000000000000055f      0xe23 Core/Src/communication.o
 .debug_info    0x0000000000001382      0xac9 Core/Src/i2c.o
 .debug_info    0x0000000000001e4b     0x165b Core/Src/main.o
 .debug_info    0x00000000000034a6     0x13a9 Core/Src/stm32g4xx_hal_msp.o
 .debug_info    0x000000000000484f      0xc9b Core/Src/stm32g4xx_it.o
 .debug_info    0x00000000000054ea      0x6eb Core/Src/system_stm32g4xx.o
 .debug_info    0x0000000000005bd5       0x22 Core/Startup/startup_stm32g431kbtx.o
 .debug_info    0x0000000000005bf7      0xbe6 Drivers/STM32G4xx_HAL_Driver/Src/stm32g4xx_hal.o
 .debug_info    0x00000000000067dd      0xef7 Drivers/STM32G4xx_HAL_Driver/Src/stm32g4xx_hal_cortex.o
 .debug_info    0x00000000000076d4      0xa43 Drivers/STM32G4xx_HAL_Driver/Src/stm32g4xx_hal_dma.o
 .debug_info    0x0000000000008117      0x99e Drivers/STM32G4xx_HAL_Driver/Src/stm32g4xx_hal_gpio.o
 .debug_info    0x0000000000008ab5     0x21e3 Drivers/STM32G4xx_HAL_Driver/Src/stm32g4xx_hal_i2c.o
 .debug_info    0x000000000000ac98      0xc62 Drivers/STM32G4xx_HAL_Driver/Src/stm32g4xx_hal_i2c_ex.o
 .debug_info    0x000000000000b8fa      0xad8 Drivers/STM32G4xx_HAL_Driver/Src/stm32g4xx_hal_pwr_ex.o
 .debug_info    0x000000000000c3d2      0xccb Drivers/STM32G4xx_HAL_Driver/Src/stm32g4xx_hal_rcc.o
 .debug_info    0x000000000000d09d      0xdb8 Drivers/STM32G4xx_HAL_Driver/Src/stm32g4xx_hal_rcc_ex.o
 .debug_info    0x000000000000de55      0x61b Drivers/STM32G4xx_HAL_Driver/Src/stm32g4xx_hal_rng.o
 .debug_info    0x000000000000e470     0x1a91 Drivers/STM32G4xx_HAL_Driver/Src/stm32g4xx_hal_uart.o
 .debug_info    0x000000000000ff01      0xca0 Drivers/STM32G4xx_HAL_Driver/Src/stm32g4xx_hal_uart_ex.o

.debug_abbrev   0x0000000000000000     0x2568
 .debug_abbrev  0x0000000000000000      0x189 Core/Src/animations.o
 .debug_abbrev  0x0000000000000189      0x2a8 Core/Src/communication.o
 .debug_abbrev  0x0000000000000431      0x1d0 Core/Src/i2c.o
 .debug_abbrev  0x0000000000000601      0x252 Core/Src/main.o
 .debug_abbrev  0x0000000000000853      0x1f2 Core/Src/stm32g4xx_hal_msp.o
 .debug_abbrev  0x0000000000000a45      0x16c Core/Src/stm32g4xx_it.o
 .debug_abbrev  0x0000000000000bb1      0x147 Core/Src/system_stm32g4xx.o
 .debug_abbrev  0x0000000000000cf8       0x12 Core/Startup/startup_stm32g431kbtx.o
 .debug_abbrev  0x0000000000000d0a      0x1fb Drivers/STM32G4xx_HAL_Driver/Src/stm32g4xx_hal.o
 .debug_abbrev  0x0000000000000f05      0x2f1 Drivers/STM32G4xx_HAL_Driver/Src/stm32g4xx_hal_cortex.o
 .debug_abbrev  0x00000000000011f6      0x1d9 Drivers/STM32G4xx_HAL_Driver/Src/stm32g4xx_hal_dma.o
 .debug_abbrev  0x00000000000013cf      0x1c0 Drivers/STM32G4xx_HAL_Driver/Src/stm32g4xx_hal_gpio.o
 .debug_abbrev  0x000000000000158f      0x22a Drivers/STM32G4xx_HAL_Driver/Src/stm32g4xx_hal_i2c.o
 .debug_abbrev  0x00000000000017b9      0x1b9 Drivers/STM32G4xx_HAL_Driver/Src/stm32g4xx_hal_i2c_ex.o
 .debug_abbrev  0x0000000000001972      0x1fd Drivers/STM32G4xx_HAL_Driver/Src/stm32g4xx_hal_pwr_ex.o
 .debug_abbrev  0x0000000000001b6f      0x245 Drivers/STM32G4xx_HAL_Driver/Src/stm32g4xx_hal_rcc.o
 .debug_abbrev  0x0000000000001db4      0x204 Drivers/STM32G4xx_HAL_Driver/Src/stm32g4xx_hal_rcc_ex.o
 .debug_abbrev  0x0000000000001fb8      0x1bc Drivers/STM32G4xx_HAL_Driver/Src/stm32g4xx_hal_rng.o
 .debug_abbrev  0x0000000000002174      0x212 Drivers/STM32G4xx_HAL_Driver/Src/stm32g4xx_hal_uart.o
 .debug_abbrev  0x0000000000002386      0x1e2 Drivers/STM32G4xx_HAL_Driver/Src/stm32g4xx_hal_uart_ex.o

.debug_aranges  0x0000000000000000      0xe78
 .debug_aranges
                0x0000000000000000       0x48 Core/Src/animations.o
 .debug_aranges
                0x0000000000000048       0x88 Core/Src/communication.o
 .debug_aranges
                0x00000000000000d0       0x40 Core/Src/i2c.o
 .debug_aranges
                0x0000000000000110       0x80 Core/Src/main.o
 .debug_aranges
                0x0000000000000190       0x50 Core/Src/stm32g4xx_hal_msp.o
 .debug_aranges
                0x00000000000001e0       0x88 Core/Src/stm32g4xx_it.o
 .debug_aranges
                0x0000000000000268       0x28 Core/Src/system_stm32g4xx.o
 .debug_aranges
                0x0000000000000290       0x28 Core/Startup/startup_stm32g431kbtx.o
 .debug_aranges
                0x00000000000002b8      0x130 Drivers/STM32G4xx_HAL_Driver/Src/stm32g4xx_hal.o
 .debug_aranges
                0x00000000000003e8      0x118 Drivers/STM32G4xx_HAL_Driver/Src/stm32g4xx_hal_cortex.o
 .debug_aranges
                0x0000000000000500       0x90 Drivers/STM32G4xx_HAL_Driver/Src/stm32g4xx_hal_dma.o
 .debug_aranges
                0x0000000000000590       0x58 Drivers/STM32G4xx_HAL_Driver/Src/stm32g4xx_hal_gpio.o
 .debug_aranges
                0x00000000000005e8      0x290 Drivers/STM32G4xx_HAL_Driver/Src/stm32g4xx_hal_i2c.o
 .debug_aranges
                0x0000000000000878       0x48 Drivers/STM32G4xx_HAL_Driver/Src/stm32g4xx_hal_i2c_ex.o
 .debug_aranges
                0x00000000000008c0      0x140 Drivers/STM32G4xx_HAL_Driver/Src/stm32g4xx_hal_pwr_ex.o
 .debug_aranges
                0x0000000000000a00       0x98 Drivers/STM32G4xx_HAL_Driver/Src/stm32g4xx_hal_rcc.o
 .debug_aranges
                0x0000000000000a98       0xb0 Drivers/STM32G4xx_HAL_Driver/Src/stm32g4xx_hal_rcc_ex.o
 .debug_aranges
                0x0000000000000b48       0x78 Drivers/STM32G4xx_HAL_Driver/Src/stm32g4xx_hal_rng.o
 .debug_aranges
                0x0000000000000bc0      0x230 Drivers/STM32G4xx_HAL_Driver/Src/stm32g4xx_hal_uart.o
 .debug_aranges
                0x0000000000000df0       0x88 Drivers/STM32G4xx_HAL_Driver/Src/stm32g4xx_hal_uart_ex.o

.debug_ranges   0x0000000000000000      0xd40
 .debug_ranges  0x0000000000000000       0x38 Core/Src/animations.o
 .debug_ranges  0x0000000000000038       0x78 Core/Src/communication.o
 .debug_ranges  0x00000000000000b0       0x30 Core/Src/i2c.o
 .debug_ranges  0x00000000000000e0       0x70 Core/Src/main.o
 .debug_ranges  0x0000000000000150       0x40 Core/Src/stm32g4xx_hal_msp.o
 .debug_ranges  0x0000000000000190       0x78 Core/Src/stm32g4xx_it.o
 .debug_ranges  0x0000000000000208       0x18 Core/Src/system_stm32g4xx.o
 .debug_ranges  0x0000000000000220       0x20 Core/Startup/startup_stm32g431kbtx.o
 .debug_ranges  0x0000000000000240      0x120 Drivers/STM32G4xx_HAL_Driver/Src/stm32g4xx_hal.o
 .debug_ranges  0x0000000000000360      0x108 Drivers/STM32G4xx_HAL_Driver/Src/stm32g4xx_hal_cortex.o
 .debug_ranges  0x0000000000000468       0x80 Drivers/STM32G4xx_HAL_Driver/Src/stm32g4xx_hal_dma.o
 .debug_ranges  0x00000000000004e8       0x48 Drivers/STM32G4xx_HAL_Driver/Src/stm32g4xx_hal_gpio.o
 .debug_ranges  0x0000000000000530      0x280 Drivers/STM32G4xx_HAL_Driver/Src/stm32g4xx_hal_i2c.o
 .debug_ranges  0x00000000000007b0       0x38 Drivers/STM32G4xx_HAL_Driver/Src/stm32g4xx_hal_i2c_ex.o
 .debug_ranges  0x00000000000007e8      0x130 Drivers/STM32G4xx_HAL_Driver/Src/stm32g4xx_hal_pwr_ex.o
 .debug_ranges  0x0000000000000918       0x88 Drivers/STM32G4xx_HAL_Driver/Src/stm32g4xx_hal_rcc.o
 .debug_ranges  0x00000000000009a0       0xa0 Drivers/STM32G4xx_HAL_Driver/Src/stm32g4xx_hal_rcc_ex.o
 .debug_ranges  0x0000000000000a40       0x68 Drivers/STM32G4xx_HAL_Driver/Src/stm32g4xx_hal_rng.o
 .debug_ranges  0x0000000000000aa8      0x220 Drivers/STM32G4xx_HAL_Driver/Src/stm32g4xx_hal_uart.o
 .debug_ranges  0x0000000000000cc8       0x78 Drivers/STM32G4xx_HAL_Driver/Src/stm32g4xx_hal_uart_ex.o

.debug_macro    0x0000000000000000    0x1d373
 .debug_macro   0x0000000000000000      0x20e Core/Src/animations.o
 .debug_macro   0x000000000000020e      0xa5a Core/Src/animations.o
 .debug_macro   0x0000000000000c68       0x22 Core/Src/animations.o
 .debug_macro   0x0000000000000c8a       0x8e Core/Src/animations.o
 .debug_macro   0x0000000000000d18       0x51 Core/Src/animations.o
 .debug_macro   0x0000000000000d69       0xef Core/Src/animations.o
 .debug_macro   0x0000000000000e58       0x6a Core/Src/animations.o
 .debug_macro   0x0000000000000ec2      0x1df Core/Src/animations.o
 .debug_macro   0x00000000000010a1       0x40 Core/Src/animations.o
 .debug_macro   0x00000000000010e1      0x161 Core/Src/animations.o
 .debug_macro   0x0000000000001242       0x2e Core/Src/animations.o
 .debug_macro   0x0000000000001270       0x28 Core/Src/animations.o
 .debug_macro   0x0000000000001298       0x1c Core/Src/animations.o
 .debug_macro   0x00000000000012b4       0x22 Core/Src/animations.o
 .debug_macro   0x00000000000012d6      0x101 Core/Src/animations.o
 .debug_macro   0x00000000000013d7     0x1011 Core/Src/animations.o
 .debug_macro   0x00000000000023e8      0x11f Core/Src/animations.o
 .debug_macro   0x0000000000002507    0x1138f Core/Src/animations.o
 .debug_macro   0x0000000000013896       0x43 Core/Src/animations.o
 .debug_macro   0x00000000000138d9     0x34ed Core/Src/animations.o
 .debug_macro   0x0000000000016dc6      0x174 Core/Src/animations.o
 .debug_macro   0x0000000000016f3a       0x5a Core/Src/animations.o
 .debug_macro   0x0000000000016f94     0x13de Core/Src/animations.o
 .debug_macro   0x0000000000018372      0x535 Core/Src/animations.o
 .debug_macro   0x00000000000188a7      0x137 Core/Src/animations.o
 .debug_macro   0x00000000000189de      0x289 Core/Src/animations.o
 .debug_macro   0x0000000000018c67      0x41d Core/Src/animations.o
 .debug_macro   0x0000000000019084      0x18b Core/Src/animations.o
 .debug_macro   0x000000000001920f       0x43 Core/Src/animations.o
 .debug_macro   0x0000000000019252      0x23d Core/Src/animations.o
 .debug_macro   0x000000000001948f      0x212 Core/Src/animations.o
 .debug_macro   0x00000000000196a1      0x401 Core/Src/animations.o
 .debug_macro   0x0000000000019aa2      0x107 Core/Src/animations.o
 .debug_macro   0x0000000000019ba9      0x22c Core/Src/animations.o
 .debug_macro   0x0000000000019dd5       0x61 Core/Src/animations.o
 .debug_macro   0x0000000000019e36       0xa5 Core/Src/animations.o
 .debug_macro   0x0000000000019edb      0x122 Core/Src/animations.o
 .debug_macro   0x0000000000019ffd      0x3d1 Core/Src/animations.o
 .debug_macro   0x000000000001a3ce       0xb9 Core/Src/animations.o
 .debug_macro   0x000000000001a487      0x662 Core/Src/animations.o
 .debug_macro   0x000000000001aae9       0xa6 Core/Src/animations.o
 .debug_macro   0x000000000001ab8f      0x307 Core/Src/animations.o
 .debug_macro   0x000000000001ae96       0x10 Core/Src/animations.o
 .debug_macro   0x000000000001aea6       0x34 Core/Src/animations.o
 .debug_macro   0x000000000001aeda      0x1ff Core/Src/communication.o
 .debug_macro   0x000000000001b0d9      0x209 Core/Src/i2c.o
 .debug_macro   0x000000000001b2e2      0x212 Core/Src/main.o
 .debug_macro   0x000000000001b4f4       0x46 Core/Src/main.o
 .debug_macro   0x000000000001b53a      0x1ec Core/Src/stm32g4xx_hal_msp.o
 .debug_macro   0x000000000001b726      0x1f6 Core/Src/stm32g4xx_it.o
 .debug_macro   0x000000000001b91c      0x1e3 Core/Src/system_stm32g4xx.o
 .debug_macro   0x000000000001baff      0x22b Drivers/STM32G4xx_HAL_Driver/Src/stm32g4xx_hal.o
 .debug_macro   0x000000000001bd2a      0x1dd Drivers/STM32G4xx_HAL_Driver/Src/stm32g4xx_hal_cortex.o
 .debug_macro   0x000000000001bf07      0x1dd Drivers/STM32G4xx_HAL_Driver/Src/stm32g4xx_hal_dma.o
 .debug_macro   0x000000000001c0e4      0x215 Drivers/STM32G4xx_HAL_Driver/Src/stm32g4xx_hal_gpio.o
 .debug_macro   0x000000000001c2f9      0x2a2 Drivers/STM32G4xx_HAL_Driver/Src/stm32g4xx_hal_i2c.o
 .debug_macro   0x000000000001c59b      0x1dd Drivers/STM32G4xx_HAL_Driver/Src/stm32g4xx_hal_i2c_ex.o
 .debug_macro   0x000000000001c778      0x207 Drivers/STM32G4xx_HAL_Driver/Src/stm32g4xx_hal_pwr_ex.o
 .debug_macro   0x000000000001c97f      0x219 Drivers/STM32G4xx_HAL_Driver/Src/stm32g4xx_hal_rcc.o
 .debug_macro   0x000000000001cb98      0x207 Drivers/STM32G4xx_HAL_Driver/Src/stm32g4xx_hal_rcc_ex.o
 .debug_macro   0x000000000001cd9f      0x1e3 Drivers/STM32G4xx_HAL_Driver/Src/stm32g4xx_hal_rng.o
 .debug_macro   0x000000000001cf82      0x208 Drivers/STM32G4xx_HAL_Driver/Src/stm32g4xx_hal_uart.o
 .debug_macro   0x000000000001d18a      0x1e9 Drivers/STM32G4xx_HAL_Driver/Src/stm32g4xx_hal_uart_ex.o

.debug_line     0x0000000000000000     0xca90
 .debug_line    0x0000000000000000      0x87b Core/Src/animations.o
 .debug_line    0x000000000000087b      0x924 Core/Src/communication.o
 .debug_line    0x000000000000119f      0x8a8 Core/Src/i2c.o
 .debug_line    0x0000000000001a47      0x8ab Core/Src/main.o
 .debug_line    0x00000000000022f2      0x7e9 Core/Src/stm32g4xx_hal_msp.o
 .debug_line    0x0000000000002adb      0x825 Core/Src/stm32g4xx_it.o
 .debug_line    0x0000000000003300      0x73d Core/Src/system_stm32g4xx.o
 .debug_line    0x0000000000003a3d       0x89 Core/Startup/startup_stm32g431kbtx.o
 .debug_line    0x0000000000003ac6      0x9c3 Drivers/STM32G4xx_HAL_Driver/Src/stm32g4xx_hal.o
 .debug_line    0x0000000000004489      0xa4b Drivers/STM32G4xx_HAL_Driver/Src/stm32g4xx_hal_cortex.o
 .debug_line    0x0000000000004ed4      0x98c Drivers/STM32G4xx_HAL_Driver/Src/stm32g4xx_hal_dma.o
 .debug_line    0x0000000000005860      0x8c5 Drivers/STM32G4xx_HAL_Driver/Src/stm32g4xx_hal_gpio.o
 .debug_line    0x0000000000006125     0x1b06 Drivers/STM32G4xx_HAL_Driver/Src/stm32g4xx_hal_i2c.o
 .debug_line    0x0000000000007c2b      0x867 Drivers/STM32G4xx_HAL_Driver/Src/stm32g4xx_hal_i2c_ex.o
 .debug_line    0x0000000000008492      0xaae Drivers/STM32G4xx_HAL_Driver/Src/stm32g4xx_hal_pwr_ex.o
 .debug_line    0x0000000000008f40      0xa02 Drivers/STM32G4xx_HAL_Driver/Src/stm32g4xx_hal_rcc.o
 .debug_line    0x0000000000009942      0xbac Drivers/STM32G4xx_HAL_Driver/Src/stm32g4xx_hal_rcc_ex.o
 .debug_line    0x000000000000a4ee      0x858 Drivers/STM32G4xx_HAL_Driver/Src/stm32g4xx_hal_rng.o
 .debug_line    0x000000000000ad46     0x13b6 Drivers/STM32G4xx_HAL_Driver/Src/stm32g4xx_hal_uart.o
 .debug_line    0x000000000000c0fc      0x994 Drivers/STM32G4xx_HAL_Driver/Src/stm32g4xx_hal_uart_ex.o

.debug_str      0x0000000000000000    0xb5a0f
 .debug_str     0x0000000000000000    0xb0e28 Core/Src/animations.o
                                      0xb10e3 (size before relaxing)
 .debug_str     0x00000000000b0e28      0x6ae Core/Src/communication.o
                                      0xb1658 (size before relaxing)
 .debug_str     0x00000000000b14d6      0x318 Core/Src/i2c.o
                                      0xb154d (size before relaxing)
 .debug_str     0x00000000000b17ee      0xa64 Core/Src/main.o
                                      0xb22af (size before relaxing)
 .debug_str     0x00000000000b2252       0x94 Core/Src/stm32g4xx_hal_msp.o
                                      0xb1d88 (size before relaxing)
 .debug_str     0x00000000000b22e6      0x126 Core/Src/stm32g4xx_it.o
                                      0xb173f (size before relaxing)
 .debug_str     0x00000000000b240c       0xc6 Core/Src/system_stm32g4xx.o
                                      0xb1048 (size before relaxing)
 .debug_str     0x00000000000b24d2       0x36 Core/Startup/startup_stm32g431kbtx.o
                                         0x87 (size before relaxing)
 .debug_str     0x00000000000b2508      0x589 Drivers/STM32G4xx_HAL_Driver/Src/stm32g4xx_hal.o
                                      0xb1b06 (size before relaxing)
 .debug_str     0x00000000000b2a91      0x389 Drivers/STM32G4xx_HAL_Driver/Src/stm32g4xx_hal_cortex.o
                                      0xb180e (size before relaxing)
 .debug_str     0x00000000000b2e1a      0x2cb Drivers/STM32G4xx_HAL_Driver/Src/stm32g4xx_hal_dma.o
                                      0xb1406 (size before relaxing)
 .debug_str     0x00000000000b30e5      0x21c Drivers/STM32G4xx_HAL_Driver/Src/stm32g4xx_hal_gpio.o
                                      0xb12a1 (size before relaxing)
 .debug_str     0x00000000000b3301      0xd28 Drivers/STM32G4xx_HAL_Driver/Src/stm32g4xx_hal_i2c.o
                                      0xb2244 (size before relaxing)
 .debug_str     0x00000000000b4029       0xb8 Drivers/STM32G4xx_HAL_Driver/Src/stm32g4xx_hal_i2c_ex.o
                                      0xb1645 (size before relaxing)
 .debug_str     0x00000000000b40e1      0x4d2 Drivers/STM32G4xx_HAL_Driver/Src/stm32g4xx_hal_pwr_ex.o
                                      0xb1527 (size before relaxing)
 .debug_str     0x00000000000b45b3      0x3a0 Drivers/STM32G4xx_HAL_Driver/Src/stm32g4xx_hal_rcc.o
                                      0xb15ad (size before relaxing)
 .debug_str     0x00000000000b4953      0x3e9 Drivers/STM32G4xx_HAL_Driver/Src/stm32g4xx_hal_rcc_ex.o
                                      0xb16c6 (size before relaxing)
 .debug_str     0x00000000000b4d3c      0x142 Drivers/STM32G4xx_HAL_Driver/Src/stm32g4xx_hal_rng.o
                                      0xb10c5 (size before relaxing)
 .debug_str     0x00000000000b4e7e      0x904 Drivers/STM32G4xx_HAL_Driver/Src/stm32g4xx_hal_uart.o
                                      0xb1e02 (size before relaxing)
 .debug_str     0x00000000000b5782      0x28d Drivers/STM32G4xx_HAL_Driver/Src/stm32g4xx_hal_uart_ex.o
                                      0xb1605 (size before relaxing)

.comment        0x0000000000000000       0x7b
 .comment       0x0000000000000000       0x7b Core/Src/animations.o
                                         0x7c (size before relaxing)
 .comment       0x000000000000007b       0x7c Core/Src/communication.o
 .comment       0x000000000000007b       0x7c Core/Src/i2c.o
 .comment       0x000000000000007b       0x7c Core/Src/main.o
 .comment       0x000000000000007b       0x7c Core/Src/stm32g4xx_hal_msp.o
 .comment       0x000000000000007b       0x7c Core/Src/stm32g4xx_it.o
 .comment       0x000000000000007b       0x7c Core/Src/system_stm32g4xx.o
 .comment       0x000000000000007b       0x7c Drivers/STM32G4xx_HAL_Driver/Src/stm32g4xx_hal.o
 .comment       0x000000000000007b       0x7c Drivers/STM32G4xx_HAL_Driver/Src/stm32g4xx_hal_cortex.o
 .comment       0x000000000000007b       0x7c Drivers/STM32G4xx_HAL_Driver/Src/stm32g4xx_hal_dma.o
 .comment       0x000000000000007b       0x7c Drivers/STM32G4xx_HAL_Driver/Src/stm32g4xx_hal_gpio.o
 .comment       0x000000000000007b       0x7c Drivers/STM32G4xx_HAL_Driver/Src/stm32g4xx_hal_i2c.o
 .comment       0x000000000000007b       0x7c Drivers/STM32G4xx_HAL_Driver/Src/stm32g4xx_hal_i2c_ex.o
 .comment       0x000000000000007b       0x7c Drivers/STM32G4xx_HAL_Driver/Src/stm32g4xx_hal_pwr_ex.o
 .comment       0x000000000000007b       0x7c Drivers/STM32G4xx_HAL_Driver/Src/stm32g4xx_hal_rcc.o
 .comment       0x000000000000007b       0x7c Drivers/STM32G4xx_HAL_Driver/Src/stm32g4xx_hal_rcc_ex.o
 .comment       0x000000000000007b       0x7c Drivers/STM32G4xx_HAL_Driver/Src/stm32g4xx_hal_rng.o
 .comment       0x000000000000007b       0x7c Drivers/STM32G4xx_HAL_Driver/Src/stm32g4xx_hal_uart.o
 .comment       0x000000000000007b       0x7c Drivers/STM32G4xx_HAL_Driver/Src/stm32g4xx_hal_uart_ex.o

.debug_frame    0x0000000000000000     0x3aa0
 .debug_frame   0x0000000000000000       0xf0 Core/Src/animations.o
 .debug_frame   0x00000000000000f0      0x1f0 Core/Src/communication.o
 .debug_frame   0x00000000000002e0       0xbc Core/Src/i2c.o
 .debug_frame   0x000000000000039c      0x1a8 Core/Src/main.o
 .debug_frame   0x0000000000000544      0x114 Core/Src/stm32g4xx_hal_msp.o
 .debug_frame   0x0000000000000658      0x190 Core/Src/stm32g4xx_it.o
 .debug_frame   0x00000000000007e8       0x58 Core/Src/system_stm32g4xx.o
 .debug_frame   0x0000000000000840      0x4a0 Drivers/STM32G4xx_HAL_Driver/Src/stm32g4xx_hal.o
 .debug_frame   0x0000000000000ce0      0x498 Drivers/STM32G4xx_HAL_Driver/Src/stm32g4xx_hal_cortex.o
 .debug_frame   0x0000000000001178      0x24c Drivers/STM32G4xx_HAL_Driver/Src/stm32g4xx_hal_dma.o
 .debug_frame   0x00000000000013c4      0x14c Drivers/STM32G4xx_HAL_Driver/Src/stm32g4xx_hal_gpio.o
 .debug_frame   0x0000000000001510      0xbe8 Drivers/STM32G4xx_HAL_Driver/Src/stm32g4xx_hal_i2c.o
 .debug_frame   0x00000000000020f8      0x100 Drivers/STM32G4xx_HAL_Driver/Src/stm32g4xx_hal_i2c_ex.o
 .debug_frame   0x00000000000021f8      0x4fc Drivers/STM32G4xx_HAL_Driver/Src/stm32g4xx_hal_pwr_ex.o
 .debug_frame   0x00000000000026f4      0x23c Drivers/STM32G4xx_HAL_Driver/Src/stm32g4xx_hal_rcc.o
 .debug_frame   0x0000000000002930      0x2ac Drivers/STM32G4xx_HAL_Driver/Src/stm32g4xx_hal_rcc_ex.o
 .debug_frame   0x0000000000002bdc      0x1e0 Drivers/STM32G4xx_HAL_Driver/Src/stm32g4xx_hal_rng.o
 .debug_frame   0x0000000000002dbc      0xa0c Drivers/STM32G4xx_HAL_Driver/Src/stm32g4xx_hal_uart.o
 .debug_frame   0x00000000000037c8      0x22c Drivers/STM32G4xx_HAL_Driver/Src/stm32g4xx_hal_uart_ex.o
 .debug_frame   0x00000000000039f4       0x2c /Applications/STM32CubeIDE.app/Contents/Eclipse/plugins/com.st.stm32cube.ide.mcu.externaltools.gnu-tools-for-stm32.7-2018-q2-update.macos64_1.5.0.202011040924/tools/bin/../lib/gcc/arm-none-eabi/7.3.1/../../../../arm-none-eabi/lib/thumb/v7e-m/fpv4-sp/hard/libc_nano.a(lib_a-init.o)
 .debug_frame   0x0000000000003a20       0x20 /Applications/STM32CubeIDE.app/Contents/Eclipse/plugins/com.st.stm32cube.ide.mcu.externaltools.gnu-tools-for-stm32.7-2018-q2-update.macos64_1.5.0.202011040924/tools/bin/../lib/gcc/arm-none-eabi/7.3.1/../../../../arm-none-eabi/lib/thumb/v7e-m/fpv4-sp/hard/libc_nano.a(lib_a-memset.o)
 .debug_frame   0x0000000000003a40       0x2c /Applications/STM32CubeIDE.app/Contents/Eclipse/plugins/com.st.stm32cube.ide.mcu.externaltools.gnu-tools-for-stm32.7-2018-q2-update.macos64_1.5.0.202011040924/tools/bin/../lib/gcc/arm-none-eabi/7.3.1/thumb/v7e-m/fpv4-sp/hard/libgcc.a(_aeabi_uldivmod.o)
 .debug_frame   0x0000000000003a6c       0x34 /Applications/STM32CubeIDE.app/Contents/Eclipse/plugins/com.st.stm32cube.ide.mcu.externaltools.gnu-tools-for-stm32.7-2018-q2-update.macos64_1.5.0.202011040924/tools/bin/../lib/gcc/arm-none-eabi/7.3.1/thumb/v7e-m/fpv4-sp/hard/libgcc.a(_udivmoddi4.o)
