Archive member included to satisfy reference by file (symbol)

/Applications/STM32CubeIDE.app/Contents/Eclipse/plugins/com.st.stm32cube.ide.mcu.externaltools.gnu-tools-for-stm32.10.3-2021.10.macos64_1.0.0.202111181127/tools/bin/../lib/gcc/arm-none-eabi/10.3.1/../../../../arm-none-eabi/lib/thumb/v6-m/nofp/libc_nano.a(lib_a-errno.o)
                              ./Core/Src/syscalls.o (__errno)
/Applications/STM32CubeIDE.app/Contents/Eclipse/plugins/com.st.stm32cube.ide.mcu.externaltools.gnu-tools-for-stm32.10.3-2021.10.macos64_1.0.0.202111181127/tools/bin/../lib/gcc/arm-none-eabi/10.3.1/../../../../arm-none-eabi/lib/thumb/v6-m/nofp/libc_nano.a(lib_a-exit.o)
                              /Applications/STM32CubeIDE.app/Contents/Eclipse/plugins/com.st.stm32cube.ide.mcu.externaltools.gnu-tools-for-stm32.10.3-2021.10.macos64_1.0.0.202111181127/tools/bin/../lib/gcc/arm-none-eabi/10.3.1/../../../../arm-none-eabi/lib/thumb/v6-m/nofp/crt0.o (exit)
/Applications/STM32CubeIDE.app/Contents/Eclipse/plugins/com.st.stm32cube.ide.mcu.externaltools.gnu-tools-for-stm32.10.3-2021.10.macos64_1.0.0.202111181127/tools/bin/../lib/gcc/arm-none-eabi/10.3.1/../../../../arm-none-eabi/lib/thumb/v6-m/nofp/libc_nano.a(lib_a-impure.o)
                              /Applications/STM32CubeIDE.app/Contents/Eclipse/plugins/com.st.stm32cube.ide.mcu.externaltools.gnu-tools-for-stm32.10.3-2021.10.macos64_1.0.0.202111181127/tools/bin/../lib/gcc/arm-none-eabi/10.3.1/../../../../arm-none-eabi/lib/thumb/v6-m/nofp/libc_nano.a(lib_a-exit.o) (_global_impure_ptr)
/Applications/STM32CubeIDE.app/Contents/Eclipse/plugins/com.st.stm32cube.ide.mcu.externaltools.gnu-tools-for-stm32.10.3-2021.10.macos64_1.0.0.202111181127/tools/bin/../lib/gcc/arm-none-eabi/10.3.1/../../../../arm-none-eabi/lib/thumb/v6-m/nofp/libc_nano.a(lib_a-init.o)
                              /Applications/STM32CubeIDE.app/Contents/Eclipse/plugins/com.st.stm32cube.ide.mcu.externaltools.gnu-tools-for-stm32.10.3-2021.10.macos64_1.0.0.202111181127/tools/bin/../lib/gcc/arm-none-eabi/10.3.1/../../../../arm-none-eabi/lib/thumb/v6-m/nofp/crt0.o (__libc_init_array)
/Applications/STM32CubeIDE.app/Contents/Eclipse/plugins/com.st.stm32cube.ide.mcu.externaltools.gnu-tools-for-stm32.10.3-2021.10.macos64_1.0.0.202111181127/tools/bin/../lib/gcc/arm-none-eabi/10.3.1/../../../../arm-none-eabi/lib/thumb/v6-m/nofp/libc_nano.a(lib_a-memset.o)
                              /Applications/STM32CubeIDE.app/Contents/Eclipse/plugins/com.st.stm32cube.ide.mcu.externaltools.gnu-tools-for-stm32.10.3-2021.10.macos64_1.0.0.202111181127/tools/bin/../lib/gcc/arm-none-eabi/10.3.1/../../../../arm-none-eabi/lib/thumb/v6-m/nofp/crt0.o (memset)
/Applications/STM32CubeIDE.app/Contents/Eclipse/plugins/com.st.stm32cube.ide.mcu.externaltools.gnu-tools-for-stm32.10.3-2021.10.macos64_1.0.0.202111181127/tools/bin/../lib/gcc/arm-none-eabi/10.3.1/thumb/v6-m/nofp/libgcc.a(_udivsi3.o)
                              ./Core/Src/animations.o (__aeabi_uidiv)
/Applications/STM32CubeIDE.app/Contents/Eclipse/plugins/com.st.stm32cube.ide.mcu.externaltools.gnu-tools-for-stm32.10.3-2021.10.macos64_1.0.0.202111181127/tools/bin/../lib/gcc/arm-none-eabi/10.3.1/thumb/v6-m/nofp/libgcc.a(_divsi3.o)
                              ./Core/Src/utils.o (__aeabi_idiv)
/Applications/STM32CubeIDE.app/Contents/Eclipse/plugins/com.st.stm32cube.ide.mcu.externaltools.gnu-tools-for-stm32.10.3-2021.10.macos64_1.0.0.202111181127/tools/bin/../lib/gcc/arm-none-eabi/10.3.1/thumb/v6-m/nofp/libgcc.a(_dvmd_tls.o)
                              /Applications/STM32CubeIDE.app/Contents/Eclipse/plugins/com.st.stm32cube.ide.mcu.externaltools.gnu-tools-for-stm32.10.3-2021.10.macos64_1.0.0.202111181127/tools/bin/../lib/gcc/arm-none-eabi/10.3.1/thumb/v6-m/nofp/libgcc.a(_udivsi3.o) (__aeabi_idiv0)
/Applications/STM32CubeIDE.app/Contents/Eclipse/plugins/com.st.stm32cube.ide.mcu.externaltools.gnu-tools-for-stm32.10.3-2021.10.macos64_1.0.0.202111181127/tools/bin/../lib/gcc/arm-none-eabi/10.3.1/thumb/v6-m/nofp/libgcc.a(_aeabi_uldivmod.o)
                              ./Drivers/STM32G0xx_HAL_Driver/Src/stm32g0xx_hal_uart.o (__aeabi_uldivmod)
/Applications/STM32CubeIDE.app/Contents/Eclipse/plugins/com.st.stm32cube.ide.mcu.externaltools.gnu-tools-for-stm32.10.3-2021.10.macos64_1.0.0.202111181127/tools/bin/../lib/gcc/arm-none-eabi/10.3.1/thumb/v6-m/nofp/libgcc.a(_udivmoddi4.o)
                              /Applications/STM32CubeIDE.app/Contents/Eclipse/plugins/com.st.stm32cube.ide.mcu.externaltools.gnu-tools-for-stm32.10.3-2021.10.macos64_1.0.0.202111181127/tools/bin/../lib/gcc/arm-none-eabi/10.3.1/thumb/v6-m/nofp/libgcc.a(_aeabi_uldivmod.o) (__udivmoddi4)
/Applications/STM32CubeIDE.app/Contents/Eclipse/plugins/com.st.stm32cube.ide.mcu.externaltools.gnu-tools-for-stm32.10.3-2021.10.macos64_1.0.0.202111181127/tools/bin/../lib/gcc/arm-none-eabi/10.3.1/thumb/v6-m/nofp/libgcc.a(_clzdi2.o)
[...]
Memory Configuration

Name             Origin             Length             Attributes
RAM              0x0000000020000000 0x0000000000009000 xrw
FLASH            0x0000000008000000 0x0000000000020000 xr
*default*        0x0000000000000000 0xffffffffffffffff

Linker script and memory map

LOAD /Applications/STM32CubeIDE.app/Contents/Eclipse/plugins/com.st.stm32cube.ide.mcu.externaltools.gnu-tools-for-stm32.10.3-2021.10.macos64_1.0.0.202111181127/tools/bin/../lib/gcc/arm-none-eabi/10.3.1/thumb/v6-m/nofp/crti.o
LOAD /Applications/STM32CubeIDE.app/Contents/Eclipse/plugins/com.st.stm32cube.ide.mcu.externaltools.gnu-tools-for-stm32.10.3-2021.10.macos64_1.0.0.202111181127/tools/bin/../lib/gcc/arm-none-eabi/10.3.1/thumb/v6-m/nofp/crtbegin.o
LOAD /Applications/STM32CubeIDE.app/Contents/Eclipse/plugins/com.st.stm32cube.ide.mcu.externaltools.gnu-tools-for-stm32.10.3-2021.10.macos64_1.0.0.202111181127/tools/bin/../lib/gcc/arm-none-eabi/10.3.1/../../../../arm-none-eabi/lib/thumb/v6-m/nofp/crt0.o
LOAD ./Core/Src/WS2812.o
LOAD ./Core/Src/animations.o
LOAD ./Core/Src/main.o
LOAD ./Core/Src/sensors.o
LOAD ./Core/Src/stm32g0xx_hal_msp.o
LOAD ./Core/Src/stm32g0xx_it.o
LOAD ./Core/Src/syscalls.o
LOAD ./Core/Src/sysmem.o
LOAD ./Core/Src/system_stm32g0xx.o
LOAD ./Core/Src/uart.o
LOAD ./Core/Src/utils.o
LOAD ./Core/Startup/startup_stm32g081kbtx.o
LOAD ./Drivers/STM32G0xx_HAL_Driver/Src/stm32g0xx_hal.o
LOAD ./Drivers/STM32G0xx_HAL_Driver/Src/stm32g0xx_hal_adc.o
LOAD ./Drivers/STM32G0xx_HAL_Driver/Src/stm32g0xx_hal_adc_ex.o
LOAD ./Drivers/STM32G0xx_HAL_Driver/Src/stm32g0xx_hal_cortex.o
LOAD ./Drivers/STM32G0xx_HAL_Driver/Src/stm32g0xx_hal_dma.o
LOAD ./Drivers/STM32G0xx_HAL_Driver/Src/stm32g0xx_hal_dma_ex.o
LOAD ./Drivers/STM32G0xx_HAL_Driver/Src/stm32g0xx_hal_exti.o
LOAD ./Drivers/STM32G0xx_HAL_Driver/Src/stm32g0xx_hal_flash.o
LOAD ./Drivers/STM32G0xx_HAL_Driver/Src/stm32g0xx_hal_flash_ex.o
LOAD ./Drivers/STM32G0xx_HAL_Driver/Src/stm32g0xx_hal_gpio.o
LOAD ./Drivers/STM32G0xx_HAL_Driver/Src/stm32g0xx_hal_pwr.o
LOAD ./Drivers/STM32G0xx_HAL_Driver/Src/stm32g0xx_hal_pwr_ex.o
LOAD ./Drivers/STM32G0xx_HAL_Driver/Src/stm32g0xx_hal_rcc.o
LOAD ./Drivers/STM32G0xx_HAL_Driver/Src/stm32g0xx_hal_rcc_ex.o
LOAD ./Drivers/STM32G0xx_HAL_Driver/Src/stm32g0xx_hal_rng.o
LOAD ./Drivers/STM32G0xx_HAL_Driver/Src/stm32g0xx_hal_tim.o
LOAD ./Drivers/STM32G0xx_HAL_Driver/Src/stm32g0xx_hal_tim_ex.o
LOAD ./Drivers/STM32G0xx_HAL_Driver/Src/stm32g0xx_hal_uart.o
LOAD ./Drivers/STM32G0xx_HAL_Driver/Src/stm32g0xx_hal_uart_ex.o
LOAD ./Drivers/STM32G0xx_HAL_Driver/Src/stm32g0xx_ll_adc.o
LOAD ./Drivers/STM32G0xx_HAL_Driver/Src/stm32g0xx_ll_dma.o
LOAD ./Drivers/STM32G0xx_HAL_Driver/Src/stm32g0xx_ll_rcc.o
START GROUP
LOAD /Applications/STM32CubeIDE.app/Contents/Eclipse/plugins/com.st.stm32cube.ide.mcu.externaltools.gnu-tools-for-stm32.10.3-2021.10.macos64_1.0.0.202111181127/tools/bin/../lib/gcc/arm-none-eabi/10.3.1/../../../../arm-none-eabi/lib/thumb/v6-m/nofp/libc_nano.a
LOAD /Applications/STM32CubeIDE.app/Contents/Eclipse/plugins/com.st.stm32cube.ide.mcu.externaltools.gnu-tools-for-stm32.10.3-2021.10.macos64_1.0.0.202111181127/tools/bin/../lib/gcc/arm-none-eabi/10.3.1/../../../../arm-none-eabi/lib/thumb/v6-m/nofp/libm.a
END GROUP
START GROUP
LOAD /Applications/STM32CubeIDE.app/Contents/Eclipse/plugins/com.st.stm32cube.ide.mcu.externaltools.gnu-tools-for-stm32.10.3-2021.10.macos64_1.0.0.202111181127/tools/bin/../lib/gcc/arm-none-eabi/10.3.1/thumb/v6-m/nofp/libgcc.a
LOAD /Applications/STM32CubeIDE.app/Contents/Eclipse/plugins/com.st.stm32cube.ide.mcu.externaltools.gnu-tools-for-stm32.10.3-2021.10.macos64_1.0.0.202111181127/tools/bin/../lib/gcc/arm-none-eabi/10.3.1/../../../../arm-none-eabi/lib/thumb/v6-m/nofp/libc_nano.a
END GROUP
START GROUP
LOAD /Applications/STM32CubeIDE.app/Contents/Eclipse/plugins/com.st.stm32cube.ide.mcu.externaltools.gnu-tools-for-stm32.10.3-2021.10.macos64_1.0.0.202111181127/tools/bin/../lib/gcc/arm-none-eabi/10.3.1/thumb/v6-m/nofp/libgcc.a
LOAD /Applications/STM32CubeIDE.app/Contents/Eclipse/plugins/com.st.stm32cube.ide.mcu.externaltools.gnu-tools-for-stm32.10.3-2021.10.macos64_1.0.0.202111181127/tools/bin/../lib/gcc/arm-none-eabi/10.3.1/../../../../arm-none-eabi/lib/thumb/v6-m/nofp/libc_nano.a
LOAD /Applications/STM32CubeIDE.app/Contents/Eclipse/plugins/com.st.stm32cube.ide.mcu.externaltools.gnu-tools-for-stm32.10.3-2021.10.macos64_1.0.0.202111181127/tools/bin/../lib/gcc/arm-none-eabi/10.3.1/../../../../arm-none-eabi/lib/thumb/v6-m/nofp/libnosys.a
END GROUP
START GROUP
LOAD /Applications/STM32CubeIDE.app/Contents/Eclipse/plugins/com.st.stm32cube.ide.mcu.externaltools.gnu-tools-for-stm32.10.3-2021.10.macos64_1.0.0.202111181127/tools/bin/../lib/gcc/arm-none-eabi/10.3.1/thumb/v6-m/nofp/libgcc.a
LOAD /Applications/STM32CubeIDE.app/Contents/Eclipse/plugins/com.st.stm32cube.ide.mcu.externaltools.gnu-tools-for-stm32.10.3-2021.10.macos64_1.0.0.202111181127/tools/bin/../lib/gcc/arm-none-eabi/10.3.1/../../../../arm-none-eabi/lib/thumb/v6-m/nofp/libc_nano.a
LOAD /Applications/STM32CubeIDE.app/Contents/Eclipse/plugins/com.st.stm32cube.ide.mcu.externaltools.gnu-tools-for-stm32.10.3-2021.10.macos64_1.0.0.202111181127/tools/bin/../lib/gcc/arm-none-eabi/10.3.1/../../../../arm-none-eabi/lib/thumb/v6-m/nofp/libnosys.a
END GROUP
LOAD /Applications/STM32CubeIDE.app/Contents/Eclipse/plugins/com.st.stm32cube.ide.mcu.externaltools.gnu-tools-for-stm32.10.3-2021.10.macos64_1.0.0.202111181127/tools/bin/../lib/gcc/arm-none-eabi/10.3.1/thumb/v6-m/nofp/crtend.o
LOAD /Applications/STM32CubeIDE.app/Contents/Eclipse/plugins/com.st.stm32cube.ide.mcu.externaltools.gnu-tools-for-stm32.10.3-2021.10.macos64_1.0.0.202111181127/tools/bin/../lib/gcc/arm-none-eabi/10.3.1/thumb/v6-m/nofp/crtn.o
                0x0000000020009000                _estack = (ORIGIN (RAM) + LENGTH (RAM))
                0x0000000000000200                _Min_Heap_Size = 0x200
                0x0000000000000400                _Min_Stack_Size = 0x400

.isr_vector     0x0000000008000000       0xc0
                0x0000000008000000                . = ALIGN (0x4)
 *(.isr_vector)
 .isr_vector    0x0000000008000000       0xc0 ./Core/Startup/startup_stm32g081kbtx.o
                0x0000000008000000                g_pfnVectors
                0x00000000080000c0                . = ALIGN (0x4)

.text           0x00000000080000c0     0x82a0
                0x00000000080000c0                . = ALIGN (0x4)
 *(.text)
 .text          0x00000000080000c0       0x48 /Applications/STM32CubeIDE.app/Contents/Eclipse/plugins/com.st.stm32cube.ide.mcu.externaltools.gnu-tools-for-stm32.10.3-2021.10.macos64_1.0.0.202111181127/tools/bin/../lib/gcc/arm-none-eabi/10.3.1/thumb/v6-m/nofp/crtbegin.o
 .text          0x0000000008000108      0x114 /Applications/STM32CubeIDE.app/Contents/Eclipse/plugins/com.st.stm32cube.ide.mcu.externaltools.gnu-tools-for-stm32.10.3-2021.10.macos64_1.0.0.202111181127/tools/bin/../lib/gcc/arm-none-eabi/10.3.1/thumb/v6-m/nofp/libgcc.a(_udivsi3.o)
                0x0000000008000108                __udivsi3
                0x0000000008000108                __aeabi_uidiv
                0x0000000008000214                __aeabi_uidivmod
 .text          0x000000000800021c      0x1d4 /Applications/STM32CubeIDE.app/Contents/Eclipse/plugins/com.st.stm32cube.ide.mcu.externaltools.gnu-tools-for-stm32.10.3-2021.10.macos64_1.0.0.202111181127/tools/bin/../lib/gcc/arm-none-eabi/10.3.1/thumb/v6-m/nofp/libgcc.a(_divsi3.o)
                0x000000000800021c                __aeabi_idiv
                0x000000000800021c                __divsi3
                0x00000000080003e8                __aeabi_idivmod
 .text          0x00000000080003f0        0x4 /Applications/STM32CubeIDE.app/Contents/Eclipse/plugins/com.st.stm32cube.ide.mcu.externaltools.gnu-tools-for-stm32.10.3-2021.10.macos64_1.0.0.202111181127/tools/bin/../lib/gcc/arm-none-eabi/10.3.1/thumb/v6-m/nofp/libgcc.a(_dvmd_tls.o)
                0x00000000080003f0                __aeabi_ldiv0
                0x00000000080003f0                __aeabi_idiv0
 .text          0x00000000080003f4       0x40 /Applications/STM32CubeIDE.app/Contents/Eclipse/plugins/com.st.stm32cube.ide.mcu.externaltools.gnu-tools-for-stm32.10.3-2021.10.macos64_1.0.0.202111181127/tools/bin/../lib/gcc/arm-none-eabi/10.3.1/thumb/v6-m/nofp/libgcc.a(_aeabi_uldivmod.o)
                0x00000000080003f4                __aeabi_uldivmod
 .text          0x0000000008000434      0x198 /Applications/STM32CubeIDE.app/Contents/Eclipse/plugins/com.st.stm32cube.ide.mcu.externaltools.gnu-tools-for-stm32.10.3-2021.10.macos64_1.0.0.202111181127/tools/bin/../lib/gcc/arm-none-eabi/10.3.1/thumb/v6-m/nofp/libgcc.a(_udivmoddi4.o)
                0x0000000008000434                __udivmoddi4
 .text          0x00000000080005cc       0x18 /Applications/STM32CubeIDE.app/Contents/Eclipse/plugins/com.st.stm32cube.ide.mcu.externaltools.gnu-tools-for-stm32.10.3-2021.10.macos64_1.0.0.202111181127/tools/bin/../lib/gcc/arm-none-eabi/10.3.1/thumb/v6-m/nofp/libgcc.a(_clzdi2.o)
                0x00000000080005cc                __clzdi2
 .text          0x00000000080005e4       0x3c /Applications/STM32CubeIDE.app/Contents/Eclipse/plugins/com.st.stm32cube.ide.mcu.externaltools.gnu-tools-for-stm32.10.3-2021.10.macos64_1.0.0.202111181127/tools/bin/../lib/gcc/arm-none-eabi/10.3.1/thumb/v6-m/nofp/libgcc.a(_clzsi2.o)
                0x00000000080005e4                __clzsi2
 *(.text*)
 .text.HAL_TIM_PWM_PulseFinishedCallback
                0x0000000008000620       0x28 ./Core/Src/WS2812.o
                0x0000000008000620                HAL_TIM_PWM_PulseFinishedCallback
 .text.setLED   0x0000000008000648       0x68 ./Core/Src/WS2812.o
                0x0000000008000648                setLED
 .text.clearLEDs
                0x00000000080006b0       0x2e ./Core/Src/WS2812.o
                0x00000000080006b0                clearLEDs
 *fill*         0x00000000080006de        0x2 
 .text.updateWS2812
                0x00000000080006e0      0x134 ./Core/Src/WS2812.o
                0x00000000080006e0                updateWS2812
 .text.updateAnimation
                0x0000000008000814       0x66 ./Core/Src/animations.o
                0x0000000008000814                updateAnimation
 *fill*         0x000000000800087a        0x2 
 .text.animation1
                0x000000000800087c       0xf0 ./Core/Src/animations.o
                0x000000000800087c                animation1
 .text.animation2
                0x000000000800096c      0x118 ./Core/Src/animations.o
                0x000000000800096c                animation2
 .text.animation3
                0x0000000008000a84       0xf6 ./Core/Src/animations.o
                0x0000000008000a84                animation3
 .text.generateRandom
                0x0000000008000b7a       0x3e ./Core/Src/animations.o
                0x0000000008000b7a                generateRandom
 .text.generateRGB
                0x0000000008000bb8       0xe4 ./Core/Src/animations.o
                0x0000000008000bb8                generateRGB
 .text.main     0x0000000008000c9c       0x52 ./Core/Src/main.o
                0x0000000008000c9c                main
 .text.SystemClock_Config
                0x0000000008000cee       0xbc ./Core/Src/main.o
                0x0000000008000cee                SystemClock_Config
 *fill*         0x0000000008000daa        0x2 
 .text.MX_ADC1_Init
                0x0000000008000dac       0xcc ./Core/Src/main.o
 .text.MX_RNG_Init
                0x0000000008000e78       0x30 ./Core/Src/main.o
 .text.MX_TIM1_Init
                0x0000000008000ea8      0x154 ./Core/Src/main.o
 .text.MX_USART1_UART_Init
                0x0000000008000ffc       0x9c ./Core/Src/main.o
 .text.MX_USART3_UART_Init
                0x0000000008001098       0x68 ./Core/Src/main.o
 .text.MX_DMA_Init
                0x0000000008001100       0x4c ./Core/Src/main.o
 .text.MX_GPIO_Init
                0x000000000800114c       0xa0 ./Core/Src/main.o
 .text.getLEDTimer
                0x00000000080011ec       0x10 ./Core/Src/main.o
                0x00000000080011ec                getLEDTimer
 .text.getADCPtr
                0x00000000080011fc       0x10 ./Core/Src/main.o
                0x00000000080011fc                getADCPtr
 .text.getUFP   0x000000000800120c       0x10 ./Core/Src/main.o
                0x000000000800120c                getUFP
 .text.getDFP   0x000000000800121c       0x10 ./Core/Src/main.o
                0x000000000800121c                getDFP
 .text.getRNG   0x000000000800122c       0x10 ./Core/Src/main.o
                0x000000000800122c                getRNG
 .text.Error_Handler
                0x000000000800123c        0xa ./Core/Src/main.o
                0x000000000800123c                Error_Handler
 .text.mapSensor
                0x0000000008001246       0x3e ./Core/Src/sensors.o
                0x0000000008001246                mapSensor
 .text.getNewReadings
                0x0000000008001284       0x48 ./Core/Src/sensors.o
                0x0000000008001284                getNewReadings
 .text.getLastReadings
                0x00000000080012cc       0x10 ./Core/Src/sensors.o
                0x00000000080012cc                getLastReadings
 .text.readSensor
                0x00000000080012dc       0x38 ./Core/Src/sensors.o
                0x00000000080012dc                readSensor
 .text.readADC  0x0000000008001314       0x7c ./Core/Src/sensors.o
                0x0000000008001314                readADC
 .text.HAL_MspInit
                0x0000000008001390       0x50 ./Core/Src/stm32g0xx_hal_msp.o
                0x0000000008001390                HAL_MspInit
 .text.HAL_ADC_MspInit
                0x00000000080013e0       0xf0 ./Core/Src/stm32g0xx_hal_msp.o
                0x00000000080013e0                HAL_ADC_MspInit
 .text.HAL_RNG_MspInit
                0x00000000080014d0       0x80 ./Core/Src/stm32g0xx_hal_msp.o
                0x00000000080014d0                HAL_RNG_MspInit
 .text.HAL_TIM_PWM_MspInit
                0x0000000008001550       0xcc ./Core/Src/stm32g0xx_hal_msp.o
                0x0000000008001550                HAL_TIM_PWM_MspInit
 .text.HAL_TIM_MspPostInit
                0x000000000800161c       0x7c ./Core/Src/stm32g0xx_hal_msp.o
                0x000000000800161c                HAL_TIM_MspPostInit
 .text.HAL_UART_MspInit
                0x0000000008001698      0x208 ./Core/Src/stm32g0xx_hal_msp.o
                0x0000000008001698                HAL_UART_MspInit
 .text.NMI_Handler
                0x00000000080018a0        0x6 ./Core/Src/stm32g0xx_it.o
                0x00000000080018a0                NMI_Handler
 .text.HardFault_Handler
                0x00000000080018a6        0x6 ./Core/Src/stm32g0xx_it.o
                0x00000000080018a6                HardFault_Handler
 .text.SVC_Handler
                0x00000000080018ac        0xa ./Core/Src/stm32g0xx_it.o
                0x00000000080018ac                SVC_Handler
 .text.PendSV_Handler
                0x00000000080018b6        0xa ./Core/Src/stm32g0xx_it.o
                0x00000000080018b6                PendSV_Handler
 .text.SysTick_Handler
                0x00000000080018c0        0xe ./Core/Src/stm32g0xx_it.o
                0x00000000080018c0                SysTick_Handler
 *fill*         0x00000000080018ce        0x2 
 .text.DMA1_Channel1_IRQHandler
                0x00000000080018d0       0x18 ./Core/Src/stm32g0xx_it.o
                0x00000000080018d0                DMA1_Channel1_IRQHandler
 .text.DMA1_Channel2_3_IRQHandler
                0x00000000080018e8       0x24 ./Core/Src/stm32g0xx_it.o
                0x00000000080018e8                DMA1_Channel2_3_IRQHandler
 .text.USART1_IRQHandler
                0x000000000800190c       0x18 ./Core/Src/stm32g0xx_it.o
                0x000000000800190c                USART1_IRQHandler
 .text.USART3_4_LPUART1_IRQHandler
                0x0000000008001924       0x18 ./Core/Src/stm32g0xx_it.o
                0x0000000008001924                USART3_4_LPUART1_IRQHandler
 .text.SystemInit
                0x000000000800193c       0x18 ./Core/Src/system_stm32g0xx.o
                0x000000000800193c                SystemInit
 .text.abortIT  0x0000000008001954       0x22 ./Core/Src/uart.o
                0x0000000008001954                abortIT
 *fill*         0x0000000008001976        0x2 
 .text.receiveIT
                0x0000000008001978       0x48 ./Core/Src/uart.o
                0x0000000008001978                receiveIT
 .text.updateLEDs
                0x00000000080019c0       0x24 ./Core/Src/uart.o
                0x00000000080019c0                updateLEDs
 .text.cmdReady
                0x00000000080019e4       0x14 ./Core/Src/uart.o
                0x00000000080019e4                cmdReady
 .text.sendACK  0x00000000080019f8       0x24 ./Core/Src/uart.o
                0x00000000080019f8                sendACK
 .text.insertReadingsToBuf
                0x0000000008001a1c       0x6c ./Core/Src/uart.o
                0x0000000008001a1c                insertReadingsToBuf
 .text.processCommand
                0x0000000008001a88      0x1a4 ./Core/Src/uart.o
                0x0000000008001a88                processCommand
 .text.HAL_UART_RxCpltCallback
                0x0000000008001c2c       0x1c ./Core/Src/uart.o
                0x0000000008001c2c                HAL_UART_RxCpltCallback
 .text.clearSensorHistory
                0x0000000008001c48       0x40 ./Core/Src/utils.o
                0x0000000008001c48                clearSensorHistory
 .text.registerReading
                0x0000000008001c88       0xcc ./Core/Src/utils.o
                0x0000000008001c88                registerReading
 .text.displaySense
                0x0000000008001d54       0xe0 ./Core/Src/utils.o
                0x0000000008001d54                displaySense
 .text.generateRGB_sense
                0x0000000008001e34      0x11e ./Core/Src/utils.o
                0x0000000008001e34                generateRGB_sense
 *fill*         0x0000000008001f52        0x2 
 .text.Reset_Handler
                0x0000000008001f54       0x50 ./Core/Startup/startup_stm32g081kbtx.o
                0x0000000008001f54                Reset_Handler
 .text.Default_Handler
                0x0000000008001fa4        0x2 ./Core/Startup/startup_stm32g081kbtx.o
                0x0000000008001fa4                TIM1_BRK_UP_TRG_COM_IRQHandler
                0x0000000008001fa4                ADC1_COMP_IRQHandler
                0x0000000008001fa4                PVD_IRQHandler
                0x0000000008001fa4                I2C1_IRQHandler
                0x0000000008001fa4                TIM7_LPTIM2_IRQHandler
                0x0000000008001fa4                RTC_TAMP_IRQHandler
                0x0000000008001fa4                SPI1_IRQHandler
                0x0000000008001fa4                EXTI2_3_IRQHandler
                0x0000000008001fa4                I2C2_IRQHandler
                0x0000000008001fa4                TIM17_IRQHandler
                0x0000000008001fa4                TIM16_IRQHandler
                0x0000000008001fa4                TIM3_IRQHandler
                0x0000000008001fa4                EXTI4_15_IRQHandler
                0x0000000008001fa4                RCC_IRQHandler
                0x0000000008001fa4                Default_Handler
                0x0000000008001fa4                CEC_IRQHandler
                0x0000000008001fa4                TIM14_IRQHandler
                0x0000000008001fa4                TIM15_IRQHandler
                0x0000000008001fa4                EXTI0_1_IRQHandler
                0x0000000008001fa4                SPI2_IRQHandler
                0x0000000008001fa4                AES_RNG_IRQHandler
                0x0000000008001fa4                TIM6_DAC_LPTIM1_IRQHandler
                0x0000000008001fa4                WWDG_IRQHandler
                0x0000000008001fa4                TIM2_IRQHandler
                0x0000000008001fa4                DMA1_Ch4_7_DMAMUX1_OVR_IRQHandler
                0x0000000008001fa4                UCPD1_2_IRQHandler
                0x0000000008001fa4                USART2_IRQHandler
                0x0000000008001fa4                FLASH_IRQHandler
                0x0000000008001fa4                TIM1_CC_IRQHandler
 *fill*         0x0000000008001fa6        0x2 
 .text.HAL_Init
                0x0000000008001fa8       0x40 ./Drivers/STM32G0xx_HAL_Driver/Src/stm32g0xx_hal.o
                0x0000000008001fa8                HAL_Init
 .text.HAL_InitTick
                0x0000000008001fe8       0x94 ./Drivers/STM32G0xx_HAL_Driver/Src/stm32g0xx_hal.o
                0x0000000008001fe8                HAL_InitTick
 .text.HAL_IncTick
                0x000000000800207c       0x24 ./Drivers/STM32G0xx_HAL_Driver/Src/stm32g0xx_hal.o
                0x000000000800207c                HAL_IncTick
 .text.HAL_GetTick
                0x00000000080020a0       0x14 ./Drivers/STM32G0xx_HAL_Driver/Src/stm32g0xx_hal.o
                0x00000000080020a0                HAL_GetTick
 .text.HAL_SYSCFG_StrobeDBattpinsConfig
                0x00000000080020b4       0x2c ./Drivers/STM32G0xx_HAL_Driver/Src/stm32g0xx_hal.o
                0x00000000080020b4                HAL_SYSCFG_StrobeDBattpinsConfig
 .text.LL_ADC_SetCommonPathInternalCh
                0x00000000080020e0       0x28 ./Drivers/STM32G0xx_HAL_Driver/Src/stm32g0xx_hal_adc.o
 .text.LL_ADC_GetCommonPathInternalCh
                0x0000000008002108       0x1a ./Drivers/STM32G0xx_HAL_Driver/Src/stm32g0xx_hal_adc.o
 .text.LL_ADC_SetSamplingTimeCommonChannels
                0x0000000008002122       0x3a ./Drivers/STM32G0xx_HAL_Driver/Src/stm32g0xx_hal_adc.o
 .text.LL_ADC_GetSamplingTimeCommonChannels
                0x000000000800215c       0x2e ./Drivers/STM32G0xx_HAL_Driver/Src/stm32g0xx_hal_adc.o
 .text.LL_ADC_REG_IsTriggerSourceSWStart
                0x000000000800218a       0x22 ./Drivers/STM32G0xx_HAL_Driver/Src/stm32g0xx_hal_adc.o
 .text.LL_ADC_REG_SetSequencerRanks
                0x00000000080021ac       0x40 ./Drivers/STM32G0xx_HAL_Driver/Src/stm32g0xx_hal_adc.o
 .text.LL_ADC_REG_SetSequencerChAdd
                0x00000000080021ec       0x22 ./Drivers/STM32G0xx_HAL_Driver/Src/stm32g0xx_hal_adc.o
 .text.LL_ADC_REG_SetSequencerChRem
                0x000000000800220e       0x24 ./Drivers/STM32G0xx_HAL_Driver/Src/stm32g0xx_hal_adc.o
 *fill*         0x0000000008002232        0x2 
 .text.LL_ADC_SetChannelSamplingTime
                0x0000000008002234       0x38 ./Drivers/STM32G0xx_HAL_Driver/Src/stm32g0xx_hal_adc.o
 .text.LL_ADC_EnableInternalRegulator
                0x000000000800226c       0x28 ./Drivers/STM32G0xx_HAL_Driver/Src/stm32g0xx_hal_adc.o
 .text.LL_ADC_IsInternalRegulatorEnabled
                0x0000000008002294       0x28 ./Drivers/STM32G0xx_HAL_Driver/Src/stm32g0xx_hal_adc.o
 .text.LL_ADC_Enable
                0x00000000080022bc       0x24 ./Drivers/STM32G0xx_HAL_Driver/Src/stm32g0xx_hal_adc.o
 .text.LL_ADC_Disable
                0x00000000080022e0       0x24 ./Drivers/STM32G0xx_HAL_Driver/Src/stm32g0xx_hal_adc.o
 .text.LL_ADC_IsEnabled
                0x0000000008002304       0x22 ./Drivers/STM32G0xx_HAL_Driver/Src/stm32g0xx_hal_adc.o
 .text.LL_ADC_IsDisableOngoing
                0x0000000008002326       0x22 ./Drivers/STM32G0xx_HAL_Driver/Src/stm32g0xx_hal_adc.o
 .text.LL_ADC_REG_StartConversion
                0x0000000008002348       0x24 ./Drivers/STM32G0xx_HAL_Driver/Src/stm32g0xx_hal_adc.o
 .text.LL_ADC_REG_StopConversion
                0x000000000800236c       0x24 ./Drivers/STM32G0xx_HAL_Driver/Src/stm32g0xx_hal_adc.o
 .text.LL_ADC_REG_IsConversionOngoing
                0x0000000008002390       0x22 ./Drivers/STM32G0xx_HAL_Driver/Src/stm32g0xx_hal_adc.o
 *fill*         0x00000000080023b2        0x2 
 .text.HAL_ADC_Init
                0x00000000080023b4      0x350 ./Drivers/STM32G0xx_HAL_Driver/Src/stm32g0xx_hal_adc.o
                0x00000000080023b4                HAL_ADC_Init
 .text.HAL_ADC_Start
                0x0000000008002704       0x9c ./Drivers/STM32G0xx_HAL_Driver/Src/stm32g0xx_hal_adc.o
                0x0000000008002704                HAL_ADC_Start
 .text.HAL_ADC_Stop
                0x00000000080027a0       0x78 ./Drivers/STM32G0xx_HAL_Driver/Src/stm32g0xx_hal_adc.o
                0x00000000080027a0                HAL_ADC_Stop
 .text.HAL_ADC_PollForConversion
                0x0000000008002818      0x128 ./Drivers/STM32G0xx_HAL_Driver/Src/stm32g0xx_hal_adc.o
                0x0000000008002818                HAL_ADC_PollForConversion
 .text.HAL_ADC_GetValue
                0x0000000008002940       0x16 ./Drivers/STM32G0xx_HAL_Driver/Src/stm32g0xx_hal_adc.o
                0x0000000008002940                HAL_ADC_GetValue
 *fill*         0x0000000008002956        0x2 
 .text.HAL_ADC_ConfigChannel
                0x0000000008002958      0x3b0 ./Drivers/STM32G0xx_HAL_Driver/Src/stm32g0xx_hal_adc.o
                0x0000000008002958                HAL_ADC_ConfigChannel
 .text.ADC_ConversionStop
                0x0000000008002d08       0x84 ./Drivers/STM32G0xx_HAL_Driver/Src/stm32g0xx_hal_adc.o
                0x0000000008002d08                ADC_ConversionStop
 .text.ADC_Enable
                0x0000000008002d8c      0x10c ./Drivers/STM32G0xx_HAL_Driver/Src/stm32g0xx_hal_adc.o
                0x0000000008002d8c                ADC_Enable
 .text.ADC_Disable
                0x0000000008002e98       0xbc ./Drivers/STM32G0xx_HAL_Driver/Src/stm32g0xx_hal_adc.o
                0x0000000008002e98                ADC_Disable
 .text.__NVIC_EnableIRQ
                0x0000000008002f54       0x34 ./Drivers/STM32G0xx_HAL_Driver/Src/stm32g0xx_hal_cortex.o
 .text.__NVIC_SetPriority
                0x0000000008002f88       0xdc ./Drivers/STM32G0xx_HAL_Driver/Src/stm32g0xx_hal_cortex.o
 .text.SysTick_Config
                0x0000000008003064       0x48 ./Drivers/STM32G0xx_HAL_Driver/Src/stm32g0xx_hal_cortex.o
 .text.HAL_NVIC_SetPriority
                0x00000000080030ac       0x2a ./Drivers/STM32G0xx_HAL_Driver/Src/stm32g0xx_hal_cortex.o
                0x00000000080030ac                HAL_NVIC_SetPriority
 .text.HAL_NVIC_EnableIRQ
                0x00000000080030d6       0x20 ./Drivers/STM32G0xx_HAL_Driver/Src/stm32g0xx_hal_cortex.o
                0x00000000080030d6                HAL_NVIC_EnableIRQ
 .text.HAL_SYSTICK_Config
                0x00000000080030f6       0x1a ./Drivers/STM32G0xx_HAL_Driver/Src/stm32g0xx_hal_cortex.o
                0x00000000080030f6                HAL_SYSTICK_Config
 .text.HAL_DMA_Init
                0x0000000008003110      0x114 ./Drivers/STM32G0xx_HAL_Driver/Src/stm32g0xx_hal_dma.o
                0x0000000008003110                HAL_DMA_Init
 .text.HAL_DMA_Start_IT
                0x0000000008003224      0x10c ./Drivers/STM32G0xx_HAL_Driver/Src/stm32g0xx_hal_dma.o
                0x0000000008003224                HAL_DMA_Start_IT
 .text.HAL_DMA_Abort
                0x0000000008003330       0xc4 ./Drivers/STM32G0xx_HAL_Driver/Src/stm32g0xx_hal_dma.o
                0x0000000008003330                HAL_DMA_Abort
 .text.HAL_DMA_Abort_IT
                0x00000000080033f4       0xd4 ./Drivers/STM32G0xx_HAL_Driver/Src/stm32g0xx_hal_dma.o
                0x00000000080033f4                HAL_DMA_Abort_IT
 .text.HAL_DMA_IRQHandler
                0x00000000080034c8      0x164 ./Drivers/STM32G0xx_HAL_Driver/Src/stm32g0xx_hal_dma.o
                0x00000000080034c8                HAL_DMA_IRQHandler
 .text.DMA_SetConfig
                0x000000000800362c       0x80 ./Drivers/STM32G0xx_HAL_Driver/Src/stm32g0xx_hal_dma.o
 .text.DMA_CalcDMAMUXChannelBaseAndMask
                0x00000000080036ac       0x58 ./Drivers/STM32G0xx_HAL_Driver/Src/stm32g0xx_hal_dma.o
 .text.DMA_CalcDMAMUXRequestGenBaseAndMask
                0x0000000008003704       0x48 ./Drivers/STM32G0xx_HAL_Driver/Src/stm32g0xx_hal_dma.o
 .text.HAL_GPIO_Init
                0x000000000800374c      0x2c8 ./Drivers/STM32G0xx_HAL_Driver/Src/stm32g0xx_hal_gpio.o
                0x000000000800374c                HAL_GPIO_Init
 .text.HAL_GPIO_WritePin
                0x0000000008003a14       0x3a ./Drivers/STM32G0xx_HAL_Driver/Src/stm32g0xx_hal_gpio.o
                0x0000000008003a14                HAL_GPIO_WritePin
 *fill*         0x0000000008003a4e        0x2 
 .text.HAL_PWREx_ControlVoltageScaling
                0x0000000008003a50       0x80 ./Drivers/STM32G0xx_HAL_Driver/Src/stm32g0xx_hal_pwr_ex.o
                0x0000000008003a50                HAL_PWREx_ControlVoltageScaling
 .text.LL_RCC_GetAPB1Prescaler
                0x0000000008003ad0       0x18 ./Drivers/STM32G0xx_HAL_Driver/Src/stm32g0xx_hal_rcc.o
 .text.HAL_RCC_OscConfig
                0x0000000008003ae8      0x634 ./Drivers/STM32G0xx_HAL_Driver/Src/stm32g0xx_hal_rcc.o
                0x0000000008003ae8                HAL_RCC_OscConfig
 .text.HAL_RCC_ClockConfig
                0x000000000800411c      0x210 ./Drivers/STM32G0xx_HAL_Driver/Src/stm32g0xx_hal_rcc.o
                0x000000000800411c                HAL_RCC_ClockConfig
 .text.HAL_RCC_GetSysClockFreq
                0x000000000800432c      0x104 ./Drivers/STM32G0xx_HAL_Driver/Src/stm32g0xx_hal_rcc.o
                0x000000000800432c                HAL_RCC_GetSysClockFreq
 .text.HAL_RCC_GetHCLKFreq
                0x0000000008004430       0x14 ./Drivers/STM32G0xx_HAL_Driver/Src/stm32g0xx_hal_rcc.o
                0x0000000008004430                HAL_RCC_GetHCLKFreq
 .text.HAL_RCC_GetPCLK1Freq
                0x0000000008004444       0x2c ./Drivers/STM32G0xx_HAL_Driver/Src/stm32g0xx_hal_rcc.o
                0x0000000008004444                HAL_RCC_GetPCLK1Freq
 .text.HAL_RCCEx_PeriphCLKConfig
                0x0000000008004470      0x3b0 ./Drivers/STM32G0xx_HAL_Driver/Src/stm32g0xx_hal_rcc_ex.o
                0x0000000008004470                HAL_RCCEx_PeriphCLKConfig
 .text.HAL_RNG_Init
                0x0000000008004820       0x6e ./Drivers/STM32G0xx_HAL_Driver/Src/stm32g0xx_hal_rng.o
                0x0000000008004820                HAL_RNG_Init
 .text.HAL_RNG_GenerateRandomNumber
                0x000000000800488e       0xba ./Drivers/STM32G0xx_HAL_Driver/Src/stm32g0xx_hal_rng.o
                0x000000000800488e                HAL_RNG_GenerateRandomNumber
 .text.HAL_TIM_PWM_Init
                0x0000000008004948       0xb0 ./Drivers/STM32G0xx_HAL_Driver/Src/stm32g0xx_hal_tim.o
                0x0000000008004948                HAL_TIM_PWM_Init
 .text.HAL_TIM_PWM_Start_DMA
                0x00000000080049f8      0x400 ./Drivers/STM32G0xx_HAL_Driver/Src/stm32g0xx_hal_tim.o
                0x00000000080049f8                HAL_TIM_PWM_Start_DMA
 .text.HAL_TIM_PWM_Stop_DMA
                0x0000000008004df8      0x1e0 ./Drivers/STM32G0xx_HAL_Driver/Src/stm32g0xx_hal_tim.o
                0x0000000008004df8                HAL_TIM_PWM_Stop_DMA
 .text.HAL_TIM_PWM_ConfigChannel
                0x0000000008004fd8      0x200 ./Drivers/STM32G0xx_HAL_Driver/Src/stm32g0xx_hal_tim.o
                0x0000000008004fd8                HAL_TIM_PWM_ConfigChannel
 .text.HAL_TIM_PWM_PulseFinishedHalfCpltCallback
                0x00000000080051d8       0x10 ./Drivers/STM32G0xx_HAL_Driver/Src/stm32g0xx_hal_tim.o
                0x00000000080051d8                HAL_TIM_PWM_PulseFinishedHalfCpltCallback
 .text.HAL_TIM_ErrorCallback
                0x00000000080051e8       0x10 ./Drivers/STM32G0xx_HAL_Driver/Src/stm32g0xx_hal_tim.o
                0x00000000080051e8                HAL_TIM_ErrorCallback
 .text.TIM_DMAError
                0x00000000080051f8       0x94 ./Drivers/STM32G0xx_HAL_Driver/Src/stm32g0xx_hal_tim.o
                0x00000000080051f8                TIM_DMAError
 .text.TIM_DMADelayPulseCplt
                0x000000000800528c       0xaa ./Drivers/STM32G0xx_HAL_Driver/Src/stm32g0xx_hal_tim.o
 .text.TIM_DMADelayPulseHalfCplt
                0x0000000008005336       0x6a ./Drivers/STM32G0xx_HAL_Driver/Src/stm32g0xx_hal_tim.o
                0x0000000008005336                TIM_DMADelayPulseHalfCplt
 .text.TIM_Base_SetConfig
                0x00000000080053a0      0x100 ./Drivers/STM32G0xx_HAL_Driver/Src/stm32g0xx_hal_tim.o
                0x00000000080053a0                TIM_Base_SetConfig
 .text.TIM_OC1_SetConfig
                0x00000000080054a0      0x114 ./Drivers/STM32G0xx_HAL_Driver/Src/stm32g0xx_hal_tim.o
 .text.TIM_OC2_SetConfig
                0x00000000080055b4      0x108 ./Drivers/STM32G0xx_HAL_Driver/Src/stm32g0xx_hal_tim.o
                0x00000000080055b4                TIM_OC2_SetConfig
 .text.TIM_OC3_SetConfig
                0x00000000080056bc      0x110 ./Drivers/STM32G0xx_HAL_Driver/Src/stm32g0xx_hal_tim.o
 .text.TIM_OC4_SetConfig
                0x00000000080057cc       0xd4 ./Drivers/STM32G0xx_HAL_Driver/Src/stm32g0xx_hal_tim.o
 .text.TIM_OC5_SetConfig
                0x00000000080058a0       0xc0 ./Drivers/STM32G0xx_HAL_Driver/Src/stm32g0xx_hal_tim.o
 .text.TIM_OC6_SetConfig
                0x0000000008005960       0xc8 ./Drivers/STM32G0xx_HAL_Driver/Src/stm32g0xx_hal_tim.o
 .text.TIM_CCxChannelCmd
                0x0000000008005a28       0x46 ./Drivers/STM32G0xx_HAL_Driver/Src/stm32g0xx_hal_tim.o
                0x0000000008005a28                TIM_CCxChannelCmd
 *fill*         0x0000000008005a6e        0x2 
 .text.HAL_TIMEx_MasterConfigSynchronization
                0x0000000008005a70       0xdc ./Drivers/STM32G0xx_HAL_Driver/Src/stm32g0xx_hal_tim_ex.o
                0x0000000008005a70                HAL_TIMEx_MasterConfigSynchronization
 .text.HAL_TIMEx_ConfigBreakDeadTime
                0x0000000008005b4c      0x14c ./Drivers/STM32G0xx_HAL_Driver/Src/stm32g0xx_hal_tim_ex.o
                0x0000000008005b4c                HAL_TIMEx_ConfigBreakDeadTime
 .text.HAL_UART_Init
                0x0000000008005c98       0xac ./Drivers/STM32G0xx_HAL_Driver/Src/stm32g0xx_hal_uart.o
                0x0000000008005c98                HAL_UART_Init
 .text.HAL_UART_Transmit
                0x0000000008005d44      0x156 ./Drivers/STM32G0xx_HAL_Driver/Src/stm32g0xx_hal_uart.o
                0x0000000008005d44                HAL_UART_Transmit
 *fill*         0x0000000008005e9a        0x2 
 .text.HAL_UART_Receive
                0x0000000008005e9c      0x1e4 ./Drivers/STM32G0xx_HAL_Driver/Src/stm32g0xx_hal_uart.o
                0x0000000008005e9c                HAL_UART_Receive
 .text.HAL_UART_Receive_IT
                0x0000000008006080       0xd4 ./Drivers/STM32G0xx_HAL_Driver/Src/stm32g0xx_hal_uart.o
                0x0000000008006080                HAL_UART_Receive_IT
 .text.HAL_UART_Abort_IT
                0x0000000008006154      0x25c ./Drivers/STM32G0xx_HAL_Driver/Src/stm32g0xx_hal_uart.o
                0x0000000008006154                HAL_UART_Abort_IT
 .text.HAL_UART_IRQHandler
                0x00000000080063b0      0x634 ./Drivers/STM32G0xx_HAL_Driver/Src/stm32g0xx_hal_uart.o
                0x00000000080063b0                HAL_UART_IRQHandler
 .text.HAL_UART_TxCpltCallback
                0x00000000080069e4       0x10 ./Drivers/STM32G0xx_HAL_Driver/Src/stm32g0xx_hal_uart.o
                0x00000000080069e4                HAL_UART_TxCpltCallback
 .text.HAL_UART_ErrorCallback
                0x00000000080069f4       0x10 ./Drivers/STM32G0xx_HAL_Driver/Src/stm32g0xx_hal_uart.o
                0x00000000080069f4                HAL_UART_ErrorCallback
 .text.HAL_UART_AbortCpltCallback
                0x0000000008006a04       0x10 ./Drivers/STM32G0xx_HAL_Driver/Src/stm32g0xx_hal_uart.o
                0x0000000008006a04                HAL_UART_AbortCpltCallback
 .text.HAL_UARTEx_RxEventCallback
                0x0000000008006a14       0x16 ./Drivers/STM32G0xx_HAL_Driver/Src/stm32g0xx_hal_uart.o
                0x0000000008006a14                HAL_UARTEx_RxEventCallback
 *fill*         0x0000000008006a2a        0x2 
 .text.UART_SetConfig
                0x0000000008006a2c      0x57c ./Drivers/STM32G0xx_HAL_Driver/Src/stm32g0xx_hal_uart.o
                0x0000000008006a2c                UART_SetConfig
 .text.UART_AdvFeatureConfig
                0x0000000008006fa8      0x168 ./Drivers/STM32G0xx_HAL_Driver/Src/stm32g0xx_hal_uart.o
                0x0000000008006fa8                UART_AdvFeatureConfig
 .text.UART_CheckIdleState
                0x0000000008007110       0x94 ./Drivers/STM32G0xx_HAL_Driver/Src/stm32g0xx_hal_uart.o
                0x0000000008007110                UART_CheckIdleState
 .text.UART_WaitOnFlagUntilTimeout
                0x00000000080071a4      0x190 ./Drivers/STM32G0xx_HAL_Driver/Src/stm32g0xx_hal_uart.o
                0x00000000080071a4                UART_WaitOnFlagUntilTimeout
 .text.UART_Start_Receive_IT
                0x0000000008007334      0x258 ./Drivers/STM32G0xx_HAL_Driver/Src/stm32g0xx_hal_uart.o
                0x0000000008007334                UART_Start_Receive_IT
 .text.UART_EndRxTransfer
                0x000000000800758c       0xcc ./Drivers/STM32G0xx_HAL_Driver/Src/stm32g0xx_hal_uart.o
 .text.UART_DMAAbortOnError
                0x0000000008007658       0x2e ./Drivers/STM32G0xx_HAL_Driver/Src/stm32g0xx_hal_uart.o
 .text.UART_DMATxAbortCallback
                0x0000000008007686       0x8c ./Drivers/STM32G0xx_HAL_Driver/Src/stm32g0xx_hal_uart.o
 .text.UART_DMARxAbortCallback
                0x0000000008007712       0x80 ./Drivers/STM32G0xx_HAL_Driver/Src/stm32g0xx_hal_uart.o
 .text.UART_EndTransmit_IT
                0x0000000008007792       0x58 ./Drivers/STM32G0xx_HAL_Driver/Src/stm32g0xx_hal_uart.o
 *fill*         0x00000000080077ea        0x2 
 .text.UART_RxISR_8BIT
                0x00000000080077ec      0x16c ./Drivers/STM32G0xx_HAL_Driver/Src/stm32g0xx_hal_uart.o
 .text.UART_RxISR_16BIT
                0x0000000008007958      0x16c ./Drivers/STM32G0xx_HAL_Driver/Src/stm32g0xx_hal_uart.o
 .text.UART_RxISR_8BIT_FIFOEN
                0x0000000008007ac4      0x2e4 ./Drivers/STM32G0xx_HAL_Driver/Src/stm32g0xx_hal_uart.o
 .text.UART_RxISR_16BIT_FIFOEN
                0x0000000008007da8      0x2e4 ./Drivers/STM32G0xx_HAL_Driver/Src/stm32g0xx_hal_uart.o
 .text.HAL_UARTEx_WakeupCallback
                0x000000000800808c       0x10 ./Drivers/STM32G0xx_HAL_Driver/Src/stm32g0xx_hal_uart_ex.o
                0x000000000800808c                HAL_UARTEx_WakeupCallback
 .text.HAL_UARTEx_RxFifoFullCallback
                0x000000000800809c       0x10 ./Drivers/STM32G0xx_HAL_Driver/Src/stm32g0xx_hal_uart_ex.o
                0x000000000800809c                HAL_UARTEx_RxFifoFullCallback
 .text.HAL_UARTEx_TxFifoEmptyCallback
                0x00000000080080ac       0x10 ./Drivers/STM32G0xx_HAL_Driver/Src/stm32g0xx_hal_uart_ex.o
                0x00000000080080ac                HAL_UARTEx_TxFifoEmptyCallback
 .text.HAL_UARTEx_DisableFifoMode
                0x00000000080080bc       0x74 ./Drivers/STM32G0xx_HAL_Driver/Src/stm32g0xx_hal_uart_ex.o
                0x00000000080080bc                HAL_UARTEx_DisableFifoMode
 .text.HAL_UARTEx_SetTxFifoThreshold
                0x0000000008008130       0x7e ./Drivers/STM32G0xx_HAL_Driver/Src/stm32g0xx_hal_uart_ex.o
                0x0000000008008130                HAL_UARTEx_SetTxFifoThreshold
 *fill*         0x00000000080081ae        0x2 
 .text.HAL_UARTEx_SetRxFifoThreshold
                0x00000000080081b0       0x84 ./Drivers/STM32G0xx_HAL_Driver/Src/stm32g0xx_hal_uart_ex.o
                0x00000000080081b0                HAL_UARTEx_SetRxFifoThreshold
 .text.UARTEx_SetNbDataToProcess
                0x0000000008008234       0xbc ./Drivers/STM32G0xx_HAL_Driver/Src/stm32g0xx_hal_uart_ex.o
 .text.__libc_init_array
                0x00000000080082f0       0x48 /Applications/STM32CubeIDE.app/Contents/Eclipse/plugins/com.st.stm32cube.ide.mcu.externaltools.gnu-tools-for-stm32.10.3-2021.10.macos64_1.0.0.202111181127/tools/bin/../lib/gcc/arm-none-eabi/10.3.1/../../../../arm-none-eabi/lib/thumb/v6-m/nofp/libc_nano.a(lib_a-init.o)
                0x00000000080082f0                __libc_init_array
 .text.memset   0x0000000008008338       0x10 /Applications/STM32CubeIDE.app/Contents/Eclipse/plugins/com.st.stm32cube.ide.mcu.externaltools.gnu-tools-for-stm32.10.3-2021.10.macos64_1.0.0.202111181127/tools/bin/../lib/gcc/arm-none-eabi/10.3.1/../../../../arm-none-eabi/lib/thumb/v6-m/nofp/libc_nano.a(lib_a-memset.o)
                0x0000000008008338                memset
 *(.glue_7)
 .glue_7        0x0000000008008348        0x0 linker stubs
 *(.glue_7t)
 .glue_7t       0x0000000008008348        0x0 linker stubs
 *(.eh_frame)
 .eh_frame      0x0000000008008348        0x0 /Applications/STM32CubeIDE.app/Contents/Eclipse/plugins/com.st.stm32cube.ide.mcu.externaltools.gnu-tools-for-stm32.10.3-2021.10.macos64_1.0.0.202111181127/tools/bin/../lib/gcc/arm-none-eabi/10.3.1/thumb/v6-m/nofp/crtbegin.o
 *(.init)
 .init          0x0000000008008348        0x4 /Applications/STM32CubeIDE.app/Contents/Eclipse/plugins/com.st.stm32cube.ide.mcu.externaltools.gnu-tools-for-stm32.10.3-2021.10.macos64_1.0.0.202111181127/tools/bin/../lib/gcc/arm-none-eabi/10.3.1/thumb/v6-m/nofp/crti.o
                0x0000000008008348                _init
 .init          0x000000000800834c        0x8 /Applications/STM32CubeIDE.app/Contents/Eclipse/plugins/com.st.stm32cube.ide.mcu.externaltools.gnu-tools-for-stm32.10.3-2021.10.macos64_1.0.0.202111181127/tools/bin/../lib/gcc/arm-none-eabi/10.3.1/thumb/v6-m/nofp/crtn.o
 *(.fini)
 .fini          0x0000000008008354        0x4 /Applications/STM32CubeIDE.app/Contents/Eclipse/plugins/com.st.stm32cube.ide.mcu.externaltools.gnu-tools-for-stm32.10.3-2021.10.macos64_1.0.0.202111181127/tools/bin/../lib/gcc/arm-none-eabi/10.3.1/thumb/v6-m/nofp/crti.o
                0x0000000008008354                _fini
 .fini          0x0000000008008358        0x8 /Applications/STM32CubeIDE.app/Contents/Eclipse/plugins/com.st.stm32cube.ide.mcu.externaltools.gnu-tools-for-stm32.10.3-2021.10.macos64_1.0.0.202111181127/tools/bin/../lib/gcc/arm-none-eabi/10.3.1/thumb/v6-m/nofp/crtn.o
                0x0000000008008360                . = ALIGN (0x4)
                0x0000000008008360                _etext = .

.vfp11_veneer   0x0000000008008360        0x0
 .vfp11_veneer  0x0000000008008360        0x0 linker stubs

.v4_bx          0x0000000008008360        0x0
 .v4_bx         0x0000000008008360        0x0 linker stubs

.iplt           0x0000000008008360        0x0
 .iplt          0x0000000008008360        0x0 /Applications/STM32CubeIDE.app/Contents/Eclipse/plugins/com.st.stm32cube.ide.mcu.externaltools.gnu-tools-for-stm32.10.3-2021.10.macos64_1.0.0.202111181127/tools/bin/../lib/gcc/arm-none-eabi/10.3.1/thumb/v6-m/nofp/crtbegin.o

.rodata         0x0000000008008360      0x110
                0x0000000008008360                . = ALIGN (0x4)
 *(.rodata)
 .rodata        0x0000000008008360       0x18 ./Core/Src/animations.o
 *(.rodata*)
 .rodata.generateRGB
                0x0000000008008378       0x1c ./Core/Src/animations.o
 .rodata.AHBPrescTable
                0x0000000008008394       0x40 ./Core/Src/system_stm32g0xx.o
                0x0000000008008394                AHBPrescTable
 .rodata.APBPrescTable
                0x00000000080083d4       0x20 ./Core/Src/system_stm32g0xx.o
                0x00000000080083d4                APBPrescTable
 .rodata.HAL_TIM_PWM_ConfigChannel
                0x00000000080083f4       0x54 ./Drivers/STM32G0xx_HAL_Driver/Src/stm32g0xx_hal_tim.o
 .rodata.UARTPrescTable
                0x0000000008008448       0x18 ./Drivers/STM32G0xx_HAL_Driver/Src/stm32g0xx_hal_uart.o
                0x0000000008008448                UARTPrescTable
 .rodata.numerator.1
                0x0000000008008460        0x8 ./Drivers/STM32G0xx_HAL_Driver/Src/stm32g0xx_hal_uart_ex.o
 .rodata.denominator.0
                0x0000000008008468        0x8 ./Drivers/STM32G0xx_HAL_Driver/Src/stm32g0xx_hal_uart_ex.o
                0x0000000008008470                . = ALIGN (0x4)

.ARM.extab      0x0000000008008470        0x0
                0x0000000008008470                . = ALIGN (0x4)
 *(.ARM.extab* .gnu.linkonce.armextab.*)
                0x0000000008008470                . = ALIGN (0x4)

.ARM            0x0000000008008470        0x8
                0x0000000008008470                . = ALIGN (0x4)
                0x0000000008008470                __exidx_start = .
 *(.ARM.exidx*)
 .ARM.exidx     0x0000000008008470        0x8 /Applications/STM32CubeIDE.app/Contents/Eclipse/plugins/com.st.stm32cube.ide.mcu.externaltools.gnu-tools-for-stm32.10.3-2021.10.macos64_1.0.0.202111181127/tools/bin/../lib/gcc/arm-none-eabi/10.3.1/thumb/v6-m/nofp/libgcc.a(_udivmoddi4.o)
                0x0000000008008478                __exidx_end = .
                0x0000000008008478                . = ALIGN (0x4)

.rel.dyn        0x0000000008008478        0x0
 .rel.iplt      0x0000000008008478        0x0 /Applications/STM32CubeIDE.app/Contents/Eclipse/plugins/com.st.stm32cube.ide.mcu.externaltools.gnu-tools-for-stm32.10.3-2021.10.macos64_1.0.0.202111181127/tools/bin/../lib/gcc/arm-none-eabi/10.3.1/thumb/v6-m/nofp/crtbegin.o

.preinit_array  0x0000000008008478        0x0
                0x0000000008008478                . = ALIGN (0x4)
                0x0000000008008478                PROVIDE (__preinit_array_start = .)
 *(.preinit_array*)
                0x0000000008008478                PROVIDE (__preinit_array_end = .)
                0x0000000008008478                . = ALIGN (0x4)

.init_array     0x0000000008008478        0x4
                0x0000000008008478                . = ALIGN (0x4)
                0x0000000008008478                PROVIDE (__init_array_start = .)
 *(SORT_BY_NAME(.init_array.*))
 *(.init_array*)
 .init_array    0x0000000008008478        0x4 /Applications/STM32CubeIDE.app/Contents/Eclipse/plugins/com.st.stm32cube.ide.mcu.externaltools.gnu-tools-for-stm32.10.3-2021.10.macos64_1.0.0.202111181127/tools/bin/../lib/gcc/arm-none-eabi/10.3.1/thumb/v6-m/nofp/crtbegin.o
                0x000000000800847c                PROVIDE (__init_array_end = .)
                0x000000000800847c                . = ALIGN (0x4)

.fini_array     0x000000000800847c        0x4
                0x000000000800847c                . = ALIGN (0x4)
                [!provide]                        PROVIDE (__fini_array_start = .)
 *(SORT_BY_NAME(.fini_array.*))
 *(.fini_array*)
 .fini_array    0x000000000800847c        0x4 /Applications/STM32CubeIDE.app/Contents/Eclipse/plugins/com.st.stm32cube.ide.mcu.externaltools.gnu-tools-for-stm32.10.3-2021.10.macos64_1.0.0.202111181127/tools/bin/../lib/gcc/arm-none-eabi/10.3.1/thumb/v6-m/nofp/crtbegin.o
                [!provide]                        PROVIDE (__fini_array_end = .)
                0x0000000008008480                . = ALIGN (0x4)
                0x0000000008008480                _sidata = LOADADDR (.data)

.data           0x0000000020000000       0x38 load address 0x0000000008008480
                0x0000000020000000                . = ALIGN (0x4)
                0x0000000020000000                _sdata = .
 *(.data)
 *(.data*)
 .data.ADC_channels
                0x0000000020000000       0x28 ./Core/Src/sensors.o
                0x0000000020000000                ADC_channels
 .data.SystemCoreClock
                0x0000000020000028        0x4 ./Core/Src/system_stm32g0xx.o
                0x0000000020000028                SystemCoreClock
 .data.display_sense
                0x000000002000002c        0x1 ./Core/Src/uart.o
                0x000000002000002c                display_sense
 *fill*         0x000000002000002d        0x3 
 .data.uwTickPrio
                0x0000000020000030        0x4 ./Drivers/STM32G0xx_HAL_Driver/Src/stm32g0xx_hal.o
                0x0000000020000030                uwTickPrio
 .data.uwTickFreq
                0x0000000020000034        0x1 ./Drivers/STM32G0xx_HAL_Driver/Src/stm32g0xx_hal.o
                0x0000000020000034                uwTickFreq
 *(.RamFunc)
 *(.RamFunc*)
                0x0000000020000038                . = ALIGN (0x4)
 *fill*         0x0000000020000035        0x3 
                0x0000000020000038                _edata = .

.igot.plt       0x0000000020000038        0x0 load address 0x00000000080084b8
 .igot.plt      0x0000000020000038        0x0 /Applications/STM32CubeIDE.app/Contents/Eclipse/plugins/com.st.stm32cube.ide.mcu.externaltools.gnu-tools-for-stm32.10.3-2021.10.macos64_1.0.0.202111181127/tools/bin/../lib/gcc/arm-none-eabi/10.3.1/thumb/v6-m/nofp/crtbegin.o
                0x0000000020000038                . = ALIGN (0x4)

.bss            0x0000000020000038     0x1dc8 load address 0x00000000080084b8
                0x0000000020000038                _sbss = .
                0x0000000020000038                __bss_start__ = _sbss
 *(.bss)
 .bss           0x0000000020000038       0x1c /Applications/STM32CubeIDE.app/Contents/Eclipse/plugins/com.st.stm32cube.ide.mcu.externaltools.gnu-tools-for-stm32.10.3-2021.10.macos64_1.0.0.202111181127/tools/bin/../lib/gcc/arm-none-eabi/10.3.1/thumb/v6-m/nofp/crtbegin.o
 *(.bss*)
 .bss.LED_data  0x0000000020000054      0x180 ./Core/Src/WS2812.o
                0x0000000020000054                LED_data
 .bss.PWM_data  0x00000000200001d4     0x1864 ./Core/Src/WS2812.o
                0x00000000200001d4                PWM_data
 .bss.dataSentFlag
                0x0000000020001a38        0x1 ./Core/Src/WS2812.o
                0x0000000020001a38                dataSentFlag
 *fill*         0x0000000020001a39        0x3 
 .bss.randoms   0x0000000020001a3c        0xc ./Core/Src/animations.o
                0x0000000020001a3c                randoms
 .bss.hadc1     0x0000000020001a48       0x64 ./Core/Src/main.o
                0x0000000020001a48                hadc1
 .bss.hrng      0x0000000020001aac       0x14 ./Core/Src/main.o
                0x0000000020001aac                hrng
 .bss.htim1     0x0000000020001ac0       0x4c ./Core/Src/main.o
                0x0000000020001ac0                htim1
 .bss.hdma_tim1_ch2
                0x0000000020001b0c       0x5c ./Core/Src/main.o
                0x0000000020001b0c                hdma_tim1_ch2
 .bss.huart1    0x0000000020001b68       0x90 ./Core/Src/main.o
                0x0000000020001b68                huart1
 .bss.huart3    0x0000000020001bf8       0x90 ./Core/Src/main.o
                0x0000000020001bf8                huart3
 .bss.hdma_usart1_tx
                0x0000000020001c88       0x5c ./Core/Src/main.o
                0x0000000020001c88                hdma_usart1_tx
 .bss.hdma_usart3_tx
                0x0000000020001ce4       0x5c ./Core/Src/main.o
                0x0000000020001ce4                hdma_usart3_tx
 .bss.prev_readings
                0x0000000020001d40       0x14 ./Core/Src/sensors.o
                0x0000000020001d40                prev_readings
 .bss.update_leds
                0x0000000020001d54        0x1 ./Core/Src/uart.o
                0x0000000020001d54                update_leds
 .bss.cmd_ready
                0x0000000020001d55        0x1 ./Core/Src/uart.o
                0x0000000020001d55                cmd_ready
 .bss.cmd       0x0000000020001d56        0x1 ./Core/Src/uart.o
                0x0000000020001d56                cmd
 .bss.dfp_cmd   0x0000000020001d57        0x1 ./Core/Src/uart.o
                0x0000000020001d57                dfp_cmd
 .bss.sense_state
                0x0000000020001d58        0x1 ./Core/Src/uart.o
                0x0000000020001d58                sense_state
 *fill*         0x0000000020001d59        0x3 
 .bss.sensor_buf
                0x0000000020001d5c       0x28 ./Core/Src/uart.o
                0x0000000020001d5c                sensor_buf
 .bss.min_readings
                0x0000000020001d84       0x28 ./Core/Src/utils.o
                0x0000000020001d84                min_readings
 .bss.max_readings
                0x0000000020001dac       0x28 ./Core/Src/utils.o
                0x0000000020001dac                max_readings
 .bss.sensor_activations
                0x0000000020001dd4       0x28 ./Core/Src/utils.o
                0x0000000020001dd4                sensor_activations
 .bss.uwTick    0x0000000020001dfc        0x4 ./Drivers/STM32G0xx_HAL_Driver/Src/stm32g0xx_hal.o
                0x0000000020001dfc                uwTick
 *(COMMON)
                0x0000000020001e00                . = ALIGN (0x4)
                0x0000000020001e00                _ebss = .
                0x0000000020001e00                __bss_end__ = _ebss

._user_heap_stack
                0x0000000020001e00      0x600 load address 0x00000000080084b8
                0x0000000020001e00                . = ALIGN (0x8)
                [!provide]                        PROVIDE (end = .)
                0x0000000020001e00                PROVIDE (_end = .)
                0x0000000020002000                . = (. + _Min_Heap_Size)
 *fill*         0x0000000020001e00      0x200 
                0x0000000020002400                . = (. + _Min_Stack_Size)
 *fill*         0x0000000020002000      0x400 
                0x0000000020002400                . = ALIGN (0x8)

/DISCARD/
 libc.a(*)
 libm.a(*)
 libgcc.a(*)

.ARM.attributes
                0x0000000000000000       0x28
 *(.ARM.attributes)
 .ARM.attributes
                0x0000000000000000       0x1e /Applications/STM32CubeIDE.app/Contents/Eclipse/plugins/com.st.stm32cube.ide.mcu.externaltools.gnu-tools-for-stm32.10.3-2021.10.macos64_1.0.0.202111181127/tools/bin/../lib/gcc/arm-none-eabi/10.3.1/thumb/v6-m/nofp/crti.o
 .ARM.attributes
                0x000000000000001e       0x2c /Applications/STM32CubeIDE.app/Contents/Eclipse/plugins/com.st.stm32cube.ide.mcu.externaltools.gnu-tools-for-stm32.10.3-2021.10.macos64_1.0.0.202111181127/tools/bin/../lib/gcc/arm-none-eabi/10.3.1/thumb/v6-m/nofp/crtbegin.o
 .ARM.attributes
                0x000000000000004a       0x2c ./Core/Src/WS2812.o
 .ARM.attributes
                0x0000000000000076       0x2c ./Core/Src/animations.o
 .ARM.attributes
                0x00000000000000a2       0x2c ./Core/Src/main.o
 .ARM.attributes
                0x00000000000000ce       0x2c ./Core/Src/sensors.o
 .ARM.attributes
                0x00000000000000fa       0x2c ./Core/Src/stm32g0xx_hal_msp.o
 .ARM.attributes
                0x0000000000000126       0x2c ./Core/Src/stm32g0xx_it.o
 .ARM.attributes
                0x0000000000000152       0x2c ./Core/Src/system_stm32g0xx.o
 .ARM.attributes
                0x000000000000017e       0x2c ./Core/Src/uart.o
 .ARM.attributes
                0x00000000000001aa       0x2c ./Core/Src/utils.o
 .ARM.attributes
                0x00000000000001d6       0x22 ./Core/Startup/startup_stm32g081kbtx.o
 .ARM.attributes
                0x00000000000001f8       0x2c ./Drivers/STM32G0xx_HAL_Driver/Src/stm32g0xx_hal.o
 .ARM.attributes
                0x0000000000000224       0x2c ./Drivers/STM32G0xx_HAL_Driver/Src/stm32g0xx_hal_adc.o
 .ARM.attributes
                0x0000000000000250       0x2c ./Drivers/STM32G0xx_HAL_Driver/Src/stm32g0xx_hal_cortex.o
 .ARM.attributes
                0x000000000000027c       0x2c ./Drivers/STM32G0xx_HAL_Driver/Src/stm32g0xx_hal_dma.o
 .ARM.attributes
                0x00000000000002a8       0x2c ./Drivers/STM32G0xx_HAL_Driver/Src/stm32g0xx_hal_gpio.o
 .ARM.attributes
                0x00000000000002d4       0x2c ./Drivers/STM32G0xx_HAL_Driver/Src/stm32g0xx_hal_pwr_ex.o
 .ARM.attributes
                0x0000000000000300       0x2c ./Drivers/STM32G0xx_HAL_Driver/Src/stm32g0xx_hal_rcc.o
 .ARM.attributes
                0x000000000000032c       0x2c ./Drivers/STM32G0xx_HAL_Driver/Src/stm32g0xx_hal_rcc_ex.o
 .ARM.attributes
                0x0000000000000358       0x2c ./Drivers/STM32G0xx_HAL_Driver/Src/stm32g0xx_hal_rng.o
 .ARM.attributes
                0x0000000000000384       0x2c ./Drivers/STM32G0xx_HAL_Driver/Src/stm32g0xx_hal_tim.o
 .ARM.attributes
                0x00000000000003b0       0x2c ./Drivers/STM32G0xx_HAL_Driver/Src/stm32g0xx_hal_tim_ex.o
 .ARM.attributes
                0x00000000000003dc       0x2c ./Drivers/STM32G0xx_HAL_Driver/Src/stm32g0xx_hal_uart.o
 .ARM.attributes
                0x0000000000000408       0x2c ./Drivers/STM32G0xx_HAL_Driver/Src/stm32g0xx_hal_uart_ex.o
 .ARM.attributes
                0x0000000000000434       0x2c /Applications/STM32CubeIDE.app/Contents/Eclipse/plugins/com.st.stm32cube.ide.mcu.externaltools.gnu-tools-for-stm32.10.3-2021.10.macos64_1.0.0.202111181127/tools/bin/../lib/gcc/arm-none-eabi/10.3.1/../../../../arm-none-eabi/lib/thumb/v6-m/nofp/libc_nano.a(lib_a-init.o)
 .ARM.attributes
                0x0000000000000460       0x2c /Applications/STM32CubeIDE.app/Contents/Eclipse/plugins/com.st.stm32cube.ide.mcu.externaltools.gnu-tools-for-stm32.10.3-2021.10.macos64_1.0.0.202111181127/tools/bin/../lib/gcc/arm-none-eabi/10.3.1/../../../../arm-none-eabi/lib/thumb/v6-m/nofp/libc_nano.a(lib_a-memset.o)
 .ARM.attributes
                0x000000000000048c       0x1e /Applications/STM32CubeIDE.app/Contents/Eclipse/plugins/com.st.stm32cube.ide.mcu.externaltools.gnu-tools-for-stm32.10.3-2021.10.macos64_1.0.0.202111181127/tools/bin/../lib/gcc/arm-none-eabi/10.3.1/thumb/v6-m/nofp/libgcc.a(_udivsi3.o)
 .ARM.attributes
                0x00000000000004aa       0x1e /Applications/STM32CubeIDE.app/Contents/Eclipse/plugins/com.st.stm32cube.ide.mcu.externaltools.gnu-tools-for-stm32.10.3-2021.10.macos64_1.0.0.202111181127/tools/bin/../lib/gcc/arm-none-eabi/10.3.1/thumb/v6-m/nofp/libgcc.a(_divsi3.o)
 .ARM.attributes
                0x00000000000004c8       0x1e /Applications/STM32CubeIDE.app/Contents/Eclipse/plugins/com.st.stm32cube.ide.mcu.externaltools.gnu-tools-for-stm32.10.3-2021.10.macos64_1.0.0.202111181127/tools/bin/../lib/gcc/arm-none-eabi/10.3.1/thumb/v6-m/nofp/libgcc.a(_dvmd_tls.o)
 .ARM.attributes
                0x00000000000004e6       0x1e /Applications/STM32CubeIDE.app/Contents/Eclipse/plugins/com.st.stm32cube.ide.mcu.externaltools.gnu-tools-for-stm32.10.3-2021.10.macos64_1.0.0.202111181127/tools/bin/../lib/gcc/arm-none-eabi/10.3.1/thumb/v6-m/nofp/libgcc.a(_aeabi_uldivmod.o)
 .ARM.attributes
                0x0000000000000504       0x2c /Applications/STM32CubeIDE.app/Contents/Eclipse/plugins/com.st.stm32cube.ide.mcu.externaltools.gnu-tools-for-stm32.10.3-2021.10.macos64_1.0.0.202111181127/tools/bin/../lib/gcc/arm-none-eabi/10.3.1/thumb/v6-m/nofp/libgcc.a(_udivmoddi4.o)
 .ARM.attributes
                0x0000000000000530       0x1e /Applications/STM32CubeIDE.app/Contents/Eclipse/plugins/com.st.stm32cube.ide.mcu.externaltools.gnu-tools-for-stm32.10.3-2021.10.macos64_1.0.0.202111181127/tools/bin/../lib/gcc/arm-none-eabi/10.3.1/thumb/v6-m/nofp/libgcc.a(_clzdi2.o)
 .ARM.attributes
                0x000000000000054e       0x1e /Applications/STM32CubeIDE.app/Contents/Eclipse/plugins/com.st.stm32cube.ide.mcu.externaltools.gnu-tools-for-stm32.10.3-2021.10.macos64_1.0.0.202111181127/tools/bin/../lib/gcc/arm-none-eabi/10.3.1/thumb/v6-m/nofp/libgcc.a(_clzsi2.o)
 .ARM.attributes
                0x000000000000056c       0x1e /Applications/STM32CubeIDE.app/Contents/Eclipse/plugins/com.st.stm32cube.ide.mcu.externaltools.gnu-tools-for-stm32.10.3-2021.10.macos64_1.0.0.202111181127/tools/bin/../lib/gcc/arm-none-eabi/10.3.1/thumb/v6-m/nofp/crtn.o
OUTPUT(Receiver_Hub.elf elf32-littlearm)
LOAD linker stubs
LOAD /Applications/STM32CubeIDE.app/Contents/Eclipse/plugins/com.st.stm32cube.ide.mcu.externaltools.gnu-tools-for-stm32.10.3-2021.10.macos64_1.0.0.202111181127/tools/bin/../lib/gcc/arm-none-eabi/10.3.1/../../../../arm-none-eabi/lib/thumb/v6-m/nofp/libc.a
LOAD /Applications/STM32CubeIDE.app/Contents/Eclipse/plugins/com.st.stm32cube.ide.mcu.externaltools.gnu-tools-for-stm32.10.3-2021.10.macos64_1.0.0.202111181127/tools/bin/../lib/gcc/arm-none-eabi/10.3.1/../../../../arm-none-eabi/lib/thumb/v6-m/nofp/libm.a
LOAD /Applications/STM32CubeIDE.app/Contents/Eclipse/plugins/com.st.stm32cube.ide.mcu.externaltools.gnu-tools-for-stm32.10.3-2021.10.macos64_1.0.0.202111181127/tools/bin/../lib/gcc/arm-none-eabi/10.3.1/thumb/v6-m/nofp/libgcc.a

.debug_info     0x0000000000000000    0x166df
 .debug_info    0x0000000000000000      0xa21 ./Core/Src/WS2812.o
 .debug_info    0x0000000000000a21      0x6d0 ./Core/Src/animations.o
 .debug_info    0x00000000000010f1     0x1bc5 ./Core/Src/main.o
 .debug_info    0x0000000000002cb6      0x996 ./Core/Src/sensors.o
 .debug_info    0x000000000000364c     0x1831 ./Core/Src/stm32g0xx_hal_msp.o
 .debug_info    0x0000000000004e7d      0x87e ./Core/Src/stm32g0xx_it.o
 .debug_info    0x00000000000056fb      0x3fd ./Core/Src/system_stm32g0xx.o
 .debug_info    0x0000000000005af8      0xdcb ./Core/Src/uart.o
 .debug_info    0x00000000000068c3      0x2d3 ./Core/Src/utils.o
 .debug_info    0x0000000000006b96       0x22 ./Core/Startup/startup_stm32g081kbtx.o
 .debug_info    0x0000000000006bb8      0xa8b ./Drivers/STM32G0xx_HAL_Driver/Src/stm32g0xx_hal.o
 .debug_info    0x0000000000007643     0x1606 ./Drivers/STM32G0xx_HAL_Driver/Src/stm32g0xx_hal_adc.o
 .debug_info    0x0000000000008c49      0x913 ./Drivers/STM32G0xx_HAL_Driver/Src/stm32g0xx_hal_cortex.o
 .debug_info    0x000000000000955c      0x8d6 ./Drivers/STM32G0xx_HAL_Driver/Src/stm32g0xx_hal_dma.o
 .debug_info    0x0000000000009e32      0x61f ./Drivers/STM32G0xx_HAL_Driver/Src/stm32g0xx_hal_gpio.o
 .debug_info    0x000000000000a451      0x801 ./Drivers/STM32G0xx_HAL_Driver/Src/stm32g0xx_hal_pwr_ex.o
 .debug_info    0x000000000000ac52      0xb6a ./Drivers/STM32G0xx_HAL_Driver/Src/stm32g0xx_hal_rcc.o
 .debug_info    0x000000000000b7bc      0x858 ./Drivers/STM32G0xx_HAL_Driver/Src/stm32g0xx_hal_rcc_ex.o
 .debug_info    0x000000000000c014      0x4c4 ./Drivers/STM32G0xx_HAL_Driver/Src/stm32g0xx_hal_rng.o
 .debug_info    0x000000000000c4d8     0x2e23 ./Drivers/STM32G0xx_HAL_Driver/Src/stm32g0xx_hal_tim.o
 .debug_info    0x000000000000f2fb     0x1a27 ./Drivers/STM32G0xx_HAL_Driver/Src/stm32g0xx_hal_tim_ex.o
 .debug_info    0x0000000000010d22     0x49cc ./Drivers/STM32G0xx_HAL_Driver/Src/stm32g0xx_hal_uart.o
 .debug_info    0x00000000000156ee      0xff1 ./Drivers/STM32G0xx_HAL_Driver/Src/stm32g0xx_hal_uart_ex.o

.debug_abbrev   0x0000000000000000     0x32ce
 .debug_abbrev  0x0000000000000000      0x235 ./Core/Src/WS2812.o
 .debug_abbrev  0x0000000000000235      0x23c ./Core/Src/animations.o
 .debug_abbrev  0x0000000000000471      0x30d ./Core/Src/main.o
 .debug_abbrev  0x000000000000077e      0x21b ./Core/Src/sensors.o
 .debug_abbrev  0x0000000000000999      0x263 ./Core/Src/stm32g0xx_hal_msp.o
 .debug_abbrev  0x0000000000000bfc      0x19a ./Core/Src/stm32g0xx_it.o
 .debug_abbrev  0x0000000000000d96      0x116 ./Core/Src/system_stm32g0xx.o
 .debug_abbrev  0x0000000000000eac      0x367 ./Core/Src/uart.o
 .debug_abbrev  0x0000000000001213      0x144 ./Core/Src/utils.o
 .debug_abbrev  0x0000000000001357       0x12 ./Core/Startup/startup_stm32g081kbtx.o
 .debug_abbrev  0x0000000000001369      0x2a9 ./Drivers/STM32G0xx_HAL_Driver/Src/stm32g0xx_hal.o
 .debug_abbrev  0x0000000000001612      0x27d ./Drivers/STM32G0xx_HAL_Driver/Src/stm32g0xx_hal_adc.o
 .debug_abbrev  0x000000000000188f      0x29f ./Drivers/STM32G0xx_HAL_Driver/Src/stm32g0xx_hal_cortex.o
 .debug_abbrev  0x0000000000001b2e      0x21b ./Drivers/STM32G0xx_HAL_Driver/Src/stm32g0xx_hal_dma.o
 .debug_abbrev  0x0000000000001d49      0x1b9 ./Drivers/STM32G0xx_HAL_Driver/Src/stm32g0xx_hal_gpio.o
 .debug_abbrev  0x0000000000001f02      0x232 ./Drivers/STM32G0xx_HAL_Driver/Src/stm32g0xx_hal_pwr_ex.o
 .debug_abbrev  0x0000000000002134      0x2a3 ./Drivers/STM32G0xx_HAL_Driver/Src/stm32g0xx_hal_rcc.o
 .debug_abbrev  0x00000000000023d7      0x21a ./Drivers/STM32G0xx_HAL_Driver/Src/stm32g0xx_hal_rcc_ex.o
 .debug_abbrev  0x00000000000025f1      0x1e0 ./Drivers/STM32G0xx_HAL_Driver/Src/stm32g0xx_hal_rng.o
 .debug_abbrev  0x00000000000027d1      0x286 ./Drivers/STM32G0xx_HAL_Driver/Src/stm32g0xx_hal_tim.o
 .debug_abbrev  0x0000000000002a57      0x292 ./Drivers/STM32G0xx_HAL_Driver/Src/stm32g0xx_hal_tim_ex.o
 .debug_abbrev  0x0000000000002ce9      0x310 ./Drivers/STM32G0xx_HAL_Driver/Src/stm32g0xx_hal_uart.o
 .debug_abbrev  0x0000000000002ff9      0x2d5 ./Drivers/STM32G0xx_HAL_Driver/Src/stm32g0xx_hal_uart_ex.o

.debug_aranges  0x0000000000000000     0x12b0
 .debug_aranges
                0x0000000000000000       0x40 ./Core/Src/WS2812.o
 .debug_aranges
                0x0000000000000040       0x50 ./Core/Src/animations.o
 .debug_aranges
                0x0000000000000090       0x90 ./Core/Src/main.o
 .debug_aranges
                0x0000000000000120       0x40 ./Core/Src/sensors.o
 .debug_aranges
                0x0000000000000160       0x68 ./Core/Src/stm32g0xx_hal_msp.o
 .debug_aranges
                0x00000000000001c8       0x60 ./Core/Src/stm32g0xx_it.o
 .debug_aranges
                0x0000000000000228       0x28 ./Core/Src/system_stm32g0xx.o
 .debug_aranges
                0x0000000000000250       0x80 ./Core/Src/uart.o
 .debug_aranges
                0x00000000000002d0       0x38 ./Core/Src/utils.o
 .debug_aranges
                0x0000000000000308       0x28 ./Core/Startup/startup_stm32g081kbtx.o
 .debug_aranges
                0x0000000000000330      0x120 ./Drivers/STM32G0xx_HAL_Driver/Src/stm32g0xx_hal.o
 .debug_aranges
                0x0000000000000450      0x1f0 ./Drivers/STM32G0xx_HAL_Driver/Src/stm32g0xx_hal_adc.o
 .debug_aranges
                0x0000000000000640       0xd8 ./Drivers/STM32G0xx_HAL_Driver/Src/stm32g0xx_hal_cortex.o
 .debug_aranges
                0x0000000000000718       0x90 ./Drivers/STM32G0xx_HAL_Driver/Src/stm32g0xx_hal_dma.o
 .debug_aranges
                0x00000000000007a8       0x60 ./Drivers/STM32G0xx_HAL_Driver/Src/stm32g0xx_hal_gpio.o
 .debug_aranges
                0x0000000000000808       0xf0 ./Drivers/STM32G0xx_HAL_Driver/Src/stm32g0xx_hal_pwr_ex.o
 .debug_aranges
                0x00000000000008f8       0xa0 ./Drivers/STM32G0xx_HAL_Driver/Src/stm32g0xx_hal_rcc.o
 .debug_aranges
                0x0000000000000998       0x40 ./Drivers/STM32G0xx_HAL_Driver/Src/stm32g0xx_hal_rcc_ex.o
 .debug_aranges
                0x00000000000009d8       0x78 ./Drivers/STM32G0xx_HAL_Driver/Src/stm32g0xx_hal_rng.o
 .debug_aranges
                0x0000000000000a50      0x3e0 ./Drivers/STM32G0xx_HAL_Driver/Src/stm32g0xx_hal_tim.o
 .debug_aranges
                0x0000000000000e30      0x198 ./Drivers/STM32G0xx_HAL_Driver/Src/stm32g0xx_hal_tim_ex.o
 .debug_aranges
                0x0000000000000fc8      0x248 ./Drivers/STM32G0xx_HAL_Driver/Src/stm32g0xx_hal_uart.o
 .debug_aranges
                0x0000000000001210       0xa0 ./Drivers/STM32G0xx_HAL_Driver/Src/stm32g0xx_hal_uart_ex.o

.debug_ranges   0x0000000000000000     0x1178
 .debug_ranges  0x0000000000000000       0x30 ./Core/Src/WS2812.o
 .debug_ranges  0x0000000000000030       0x40 ./Core/Src/animations.o
 .debug_ranges  0x0000000000000070       0x80 ./Core/Src/main.o
 .debug_ranges  0x00000000000000f0       0x30 ./Core/Src/sensors.o
 .debug_ranges  0x0000000000000120       0x58 ./Core/Src/stm32g0xx_hal_msp.o
 .debug_ranges  0x0000000000000178       0x50 ./Core/Src/stm32g0xx_it.o
 .debug_ranges  0x00000000000001c8       0x18 ./Core/Src/system_stm32g0xx.o
 .debug_ranges  0x00000000000001e0       0x70 ./Core/Src/uart.o
 .debug_ranges  0x0000000000000250       0x28 ./Core/Src/utils.o
 .debug_ranges  0x0000000000000278       0x20 ./Core/Startup/startup_stm32g081kbtx.o
 .debug_ranges  0x0000000000000298      0x110 ./Drivers/STM32G0xx_HAL_Driver/Src/stm32g0xx_hal.o
 .debug_ranges  0x00000000000003a8      0x1e0 ./Drivers/STM32G0xx_HAL_Driver/Src/stm32g0xx_hal_adc.o
 .debug_ranges  0x0000000000000588       0xc8 ./Drivers/STM32G0xx_HAL_Driver/Src/stm32g0xx_hal_cortex.o
 .debug_ranges  0x0000000000000650       0x80 ./Drivers/STM32G0xx_HAL_Driver/Src/stm32g0xx_hal_dma.o
 .debug_ranges  0x00000000000006d0       0x50 ./Drivers/STM32G0xx_HAL_Driver/Src/stm32g0xx_hal_gpio.o
 .debug_ranges  0x0000000000000720       0xe0 ./Drivers/STM32G0xx_HAL_Driver/Src/stm32g0xx_hal_pwr_ex.o
 .debug_ranges  0x0000000000000800       0x90 ./Drivers/STM32G0xx_HAL_Driver/Src/stm32g0xx_hal_rcc.o
 .debug_ranges  0x0000000000000890       0x30 ./Drivers/STM32G0xx_HAL_Driver/Src/stm32g0xx_hal_rcc_ex.o
 .debug_ranges  0x00000000000008c0       0x68 ./Drivers/STM32G0xx_HAL_Driver/Src/stm32g0xx_hal_rng.o
 .debug_ranges  0x0000000000000928      0x3d0 ./Drivers/STM32G0xx_HAL_Driver/Src/stm32g0xx_hal_tim.o
 .debug_ranges  0x0000000000000cf8      0x188 ./Drivers/STM32G0xx_HAL_Driver/Src/stm32g0xx_hal_tim_ex.o
 .debug_ranges  0x0000000000000e80      0x268 ./Drivers/STM32G0xx_HAL_Driver/Src/stm32g0xx_hal_uart.o
 .debug_ranges  0x00000000000010e8       0x90 ./Drivers/STM32G0xx_HAL_Driver/Src/stm32g0xx_hal_uart_ex.o

.debug_macro    0x0000000000000000    0x1b3ca
 .debug_macro   0x0000000000000000      0x2d4 ./Core/Src/WS2812.o
 .debug_macro   0x00000000000002d4      0xa4e ./Core/Src/WS2812.o
 .debug_macro   0x0000000000000d22      0x129 ./Core/Src/WS2812.o
 .debug_macro   0x0000000000000e4b       0x2e ./Core/Src/WS2812.o
 .debug_macro   0x0000000000000e79       0x28 ./Core/Src/WS2812.o
 .debug_macro   0x0000000000000ea1       0x22 ./Core/Src/WS2812.o
 .debug_macro   0x0000000000000ec3       0x8e ./Core/Src/WS2812.o
 .debug_macro   0x0000000000000f51       0x51 ./Core/Src/WS2812.o
 .debug_macro   0x0000000000000fa2      0x103 ./Core/Src/WS2812.o
 .debug_macro   0x00000000000010a5       0x6a ./Core/Src/WS2812.o
 .debug_macro   0x000000000000110f      0x1df ./Core/Src/WS2812.o
 .debug_macro   0x00000000000012ee       0x1c ./Core/Src/WS2812.o
 .debug_macro   0x000000000000130a       0x22 ./Core/Src/WS2812.o
 .debug_macro   0x000000000000132c       0xd1 ./Core/Src/WS2812.o
 .debug_macro   0x00000000000013fd      0x4da ./Core/Src/WS2812.o
 .debug_macro   0x00000000000018d7      0x11f ./Core/Src/WS2812.o
 .debug_macro   0x00000000000019f6     0xcc85 ./Core/Src/WS2812.o
 .debug_macro   0x000000000000e67b       0x66 ./Core/Src/WS2812.o
 .debug_macro   0x000000000000e6e1     0x34fd ./Core/Src/WS2812.o
 .debug_macro   0x0000000000011bde      0x174 ./Core/Src/WS2812.o
 .debug_macro   0x0000000000011d52       0x5c ./Core/Src/WS2812.o
 .debug_macro   0x0000000000011dae      0x5b9 ./Core/Src/WS2812.o
 .debug_macro   0x0000000000012367     0x1161 ./Core/Src/WS2812.o
 .debug_macro   0x00000000000134c8      0x2cd ./Core/Src/WS2812.o
 .debug_macro   0x0000000000013795      0x1cf ./Core/Src/WS2812.o
 .debug_macro   0x0000000000013964      0x1d8 ./Core/Src/WS2812.o
 .debug_macro   0x0000000000013b3c      0x434 ./Core/Src/WS2812.o
 .debug_macro   0x0000000000013f70      0x280 ./Core/Src/WS2812.o
 .debug_macro   0x00000000000141f0      0x3b5 ./Core/Src/WS2812.o
 .debug_macro   0x00000000000145a5      0x1b2 ./Core/Src/WS2812.o
 .debug_macro   0x0000000000014757       0x43 ./Core/Src/WS2812.o
 .debug_macro   0x000000000001479a      0x1f1 ./Core/Src/WS2812.o
 .debug_macro   0x000000000001498b      0x8af ./Core/Src/WS2812.o
 .debug_macro   0x000000000001523a      0x5c2 ./Core/Src/WS2812.o
 .debug_macro   0x00000000000157fc       0x2e ./Core/Src/WS2812.o
 .debug_macro   0x000000000001582a      0x1d6 ./Core/Src/WS2812.o
 .debug_macro   0x0000000000015a00      0x38a ./Core/Src/WS2812.o
 .debug_macro   0x0000000000015d8a       0x28 ./Core/Src/WS2812.o
 .debug_macro   0x0000000000015db2       0xe4 ./Core/Src/WS2812.o
 .debug_macro   0x0000000000015e96      0x125 ./Core/Src/WS2812.o
 .debug_macro   0x0000000000015fbb      0x240 ./Core/Src/WS2812.o
 .debug_macro   0x00000000000161fb       0xb9 ./Core/Src/WS2812.o
 .debug_macro   0x00000000000162b4      0xac9 ./Core/Src/WS2812.o
 .debug_macro   0x0000000000016d7d      0x1a1 ./Core/Src/WS2812.o
 .debug_macro   0x0000000000016f1e      0x67e ./Core/Src/WS2812.o
 .debug_macro   0x000000000001759c       0xa6 ./Core/Src/WS2812.o
 .debug_macro   0x0000000000017642      0x500 ./Core/Src/WS2812.o
 .debug_macro   0x0000000000017b42       0x10 ./Core/Src/WS2812.o
 .debug_macro   0x0000000000017b52       0x3a ./Core/Src/WS2812.o
 .debug_macro   0x0000000000017b8c       0x52 ./Core/Src/WS2812.o
 .debug_macro   0x0000000000017bde       0x18 ./Core/Src/WS2812.o
 .debug_macro   0x0000000000017bf6       0x3c ./Core/Src/WS2812.o
 .debug_macro   0x0000000000017c32       0x34 ./Core/Src/WS2812.o
 .debug_macro   0x0000000000017c66       0x16 ./Core/Src/WS2812.o
 .debug_macro   0x0000000000017c7c       0x43 ./Core/Src/WS2812.o
 .debug_macro   0x0000000000017cbf       0x34 ./Core/Src/WS2812.o
 .debug_macro   0x0000000000017cf3       0x10 ./Core/Src/WS2812.o
 .debug_macro   0x0000000000017d03       0x58 ./Core/Src/WS2812.o
 .debug_macro   0x0000000000017d5b       0x71 ./Core/Src/WS2812.o
 .debug_macro   0x0000000000017dcc       0x1c ./Core/Src/WS2812.o
 .debug_macro   0x0000000000017de8      0x12a ./Core/Src/WS2812.o
 .debug_macro   0x0000000000017f12      0x341 ./Core/Src/WS2812.o
 .debug_macro   0x0000000000018253      0x19b ./Core/Src/WS2812.o
 .debug_macro   0x00000000000183ee      0x23b ./Core/Src/animations.o
 .debug_macro   0x0000000000018629       0x5e ./Core/Src/animations.o
 .debug_macro   0x0000000000018687       0x64 ./Core/Src/animations.o
 .debug_macro   0x00000000000186eb      0x269 ./Core/Src/main.o
 .debug_macro   0x0000000000018954       0x2e ./Core/Src/main.o
 .debug_macro   0x0000000000018982       0x1c ./Core/Src/main.o
 .debug_macro   0x000000000001899e       0x22 ./Core/Src/main.o
 .debug_macro   0x00000000000189c0      0x232 ./Core/Src/sensors.o
 .debug_macro   0x0000000000018bf2      0x220 ./Core/Src/stm32g0xx_hal_msp.o
 .debug_macro   0x0000000000018e12      0x22a ./Core/Src/stm32g0xx_it.o
 .debug_macro   0x000000000001903c      0x217 ./Core/Src/system_stm32g0xx.o
 .debug_macro   0x0000000000019253      0x272 ./Core/Src/uart.o
 .debug_macro   0x00000000000194c5      0x310 ./Core/Src/utils.o
 .debug_macro   0x00000000000197d5      0x235 ./Drivers/STM32G0xx_HAL_Driver/Src/stm32g0xx_hal.o
 .debug_macro   0x0000000000019a0a      0x235 ./Drivers/STM32G0xx_HAL_Driver/Src/stm32g0xx_hal_adc.o
 .debug_macro   0x0000000000019c3f      0x211 ./Drivers/STM32G0xx_HAL_Driver/Src/stm32g0xx_hal_cortex.o
 .debug_macro   0x0000000000019e50      0x211 ./Drivers/STM32G0xx_HAL_Driver/Src/stm32g0xx_hal_dma.o
 .debug_macro   0x000000000001a061      0x218 ./Drivers/STM32G0xx_HAL_Driver/Src/stm32g0xx_hal_gpio.o
 .debug_macro   0x000000000001a279      0x23b ./Drivers/STM32G0xx_HAL_Driver/Src/stm32g0xx_hal_pwr_ex.o
 .debug_macro   0x000000000001a4b4      0x24d ./Drivers/STM32G0xx_HAL_Driver/Src/stm32g0xx_hal_rcc.o
 .debug_macro   0x000000000001a701      0x229 ./Drivers/STM32G0xx_HAL_Driver/Src/stm32g0xx_hal_rcc_ex.o
 .debug_macro   0x000000000001a92a      0x217 ./Drivers/STM32G0xx_HAL_Driver/Src/stm32g0xx_hal_rng.o
 .debug_macro   0x000000000001ab41      0x219 ./Drivers/STM32G0xx_HAL_Driver/Src/stm32g0xx_hal_tim.o
 .debug_macro   0x000000000001ad5a      0x217 ./Drivers/STM32G0xx_HAL_Driver/Src/stm32g0xx_hal_tim_ex.o
 .debug_macro   0x000000000001af71      0x23c ./Drivers/STM32G0xx_HAL_Driver/Src/stm32g0xx_hal_uart.o
 .debug_macro   0x000000000001b1ad      0x21d ./Drivers/STM32G0xx_HAL_Driver/Src/stm32g0xx_hal_uart_ex.o

.debug_line     0x0000000000000000    0x1701b
 .debug_line    0x0000000000000000      0x9fc ./Core/Src/WS2812.o
 .debug_line    0x00000000000009fc      0xaf0 ./Core/Src/animations.o
 .debug_line    0x00000000000014ec      0xacd ./Core/Src/main.o
 .debug_line    0x0000000000001fb9      0x862 ./Core/Src/sensors.o
 .debug_line    0x000000000000281b      0x9c5 ./Core/Src/stm32g0xx_hal_msp.o
 .debug_line    0x00000000000031e0      0x84e ./Core/Src/stm32g0xx_it.o
 .debug_line    0x0000000000003a2e      0x803 ./Core/Src/system_stm32g0xx.o
 .debug_line    0x0000000000004231      0xa38 ./Core/Src/uart.o
 .debug_line    0x0000000000004c69      0xa71 ./Core/Src/utils.o
 .debug_line    0x00000000000056da       0x89 ./Core/Startup/startup_stm32g081kbtx.o
 .debug_line    0x0000000000005763      0xb31 ./Drivers/STM32G0xx_HAL_Driver/Src/stm32g0xx_hal.o
 .debug_line    0x0000000000006294     0x18e3 ./Drivers/STM32G0xx_HAL_Driver/Src/stm32g0xx_hal_adc.o
 .debug_line    0x0000000000007b77      0xbb2 ./Drivers/STM32G0xx_HAL_Driver/Src/stm32g0xx_hal_cortex.o
 .debug_line    0x0000000000008729      0xdd2 ./Drivers/STM32G0xx_HAL_Driver/Src/stm32g0xx_hal_dma.o
 .debug_line    0x00000000000094fb      0xb9e ./Drivers/STM32G0xx_HAL_Driver/Src/stm32g0xx_hal_gpio.o
 .debug_line    0x000000000000a099      0xb16 ./Drivers/STM32G0xx_HAL_Driver/Src/stm32g0xx_hal_pwr_ex.o
 .debug_line    0x000000000000abaf      0xf5c ./Drivers/STM32G0xx_HAL_Driver/Src/stm32g0xx_hal_rcc.o
 .debug_line    0x000000000000bb0b      0xdc9 ./Drivers/STM32G0xx_HAL_Driver/Src/stm32g0xx_hal_rcc_ex.o
 .debug_line    0x000000000000c8d4      0x996 ./Drivers/STM32G0xx_HAL_Driver/Src/stm32g0xx_hal_rng.o
 .debug_line    0x000000000000d26a     0x3c88 ./Drivers/STM32G0xx_HAL_Driver/Src/stm32g0xx_hal_tim.o
 .debug_line    0x0000000000010ef2     0x1ccf ./Drivers/STM32G0xx_HAL_Driver/Src/stm32g0xx_hal_tim_ex.o
 .debug_line    0x0000000000012bc1     0x35ea ./Drivers/STM32G0xx_HAL_Driver/Src/stm32g0xx_hal_uart.o
 .debug_line    0x00000000000161ab      0xe70 ./Drivers/STM32G0xx_HAL_Driver/Src/stm32g0xx_hal_uart_ex.o

.debug_str      0x0000000000000000    0xadf85
 .debug_str     0x0000000000000000    0xa8916 ./Core/Src/WS2812.o
                                      0xa90b0 (size before relaxing)
 .debug_str     0x00000000000a8916      0x45b ./Core/Src/animations.o
                                      0xa591d (size before relaxing)
 .debug_str     0x00000000000a8d71      0xe78 ./Core/Src/main.o
                                      0xa6b42 (size before relaxing)
 .debug_str     0x00000000000a9be9       0xd6 ./Core/Src/sensors.o
                                      0xa5b4f (size before relaxing)
 .debug_str     0x00000000000a9cbf      0x288 ./Core/Src/stm32g0xx_hal_msp.o
                                      0xa650e (size before relaxing)
 .debug_str     0x00000000000a9f47      0x10b ./Core/Src/stm32g0xx_it.o
                                      0xa59a6 (size before relaxing)
 .debug_str     0x00000000000aa052       0xc8 ./Core/Src/system_stm32g0xx.o
                                      0xa54a4 (size before relaxing)
 .debug_str     0x00000000000aa11a      0x245 ./Core/Src/uart.o
                                      0xa6096 (size before relaxing)
 .debug_str     0x00000000000aa35f       0x74 ./Core/Src/utils.o
                                      0xa8ce1 (size before relaxing)
 .debug_str     0x00000000000aa3d3       0x36 ./Core/Startup/startup_stm32g081kbtx.o
                                         0x81 (size before relaxing)
 .debug_str     0x00000000000aa409      0x53a ./Drivers/STM32G0xx_HAL_Driver/Src/stm32g0xx_hal.o
                                      0xa5c74 (size before relaxing)
 .debug_str     0x00000000000aa943      0x892 ./Drivers/STM32G0xx_HAL_Driver/Src/stm32g0xx_hal_adc.o
                                      0xa6223 (size before relaxing)
 .debug_str     0x00000000000ab1d5      0x22e ./Drivers/STM32G0xx_HAL_Driver/Src/stm32g0xx_hal_cortex.o
                                      0xa5906 (size before relaxing)
 .debug_str     0x00000000000ab403      0x26c ./Drivers/STM32G0xx_HAL_Driver/Src/stm32g0xx_hal_dma.o
                                      0xa5904 (size before relaxing)
 .debug_str     0x00000000000ab66f      0x147 ./Drivers/STM32G0xx_HAL_Driver/Src/stm32g0xx_hal_gpio.o
                                      0xa55b3 (size before relaxing)
 .debug_str     0x00000000000ab7b6      0x37b ./Drivers/STM32G0xx_HAL_Driver/Src/stm32g0xx_hal_pwr_ex.o
                                      0xa58f7 (size before relaxing)
 .debug_str     0x00000000000abb31      0x357 ./Drivers/STM32G0xx_HAL_Driver/Src/stm32g0xx_hal_rcc.o
                                      0xa5a8d (size before relaxing)
 .debug_str     0x00000000000abe88      0x193 ./Drivers/STM32G0xx_HAL_Driver/Src/stm32g0xx_hal_rcc_ex.o
                                      0xa5854 (size before relaxing)
 .debug_str     0x00000000000ac01b      0x118 ./Drivers/STM32G0xx_HAL_Driver/Src/stm32g0xx_hal_rng.o
                                      0xa55f7 (size before relaxing)
 .debug_str     0x00000000000ac133      0xdd7 ./Drivers/STM32G0xx_HAL_Driver/Src/stm32g0xx_hal_tim.o
                                      0xa699c (size before relaxing)
 .debug_str     0x00000000000acf0a      0x4fd ./Drivers/STM32G0xx_HAL_Driver/Src/stm32g0xx_hal_tim_ex.o
                                      0xa633a (size before relaxing)
 .debug_str     0x00000000000ad407      0x934 ./Drivers/STM32G0xx_HAL_Driver/Src/stm32g0xx_hal_uart.o
                                      0xa640d (size before relaxing)
 .debug_str     0x00000000000add3b      0x24a ./Drivers/STM32G0xx_HAL_Driver/Src/stm32g0xx_hal_uart_ex.o
                                      0xa5cb2 (size before relaxing)

.comment        0x0000000000000000       0x50
 .comment       0x0000000000000000       0x50 ./Core/Src/WS2812.o
                                         0x51 (size before relaxing)
 .comment       0x0000000000000050       0x51 ./Core/Src/animations.o
 .comment       0x0000000000000050       0x51 ./Core/Src/main.o
 .comment       0x0000000000000050       0x51 ./Core/Src/sensors.o
 .comment       0x0000000000000050       0x51 ./Core/Src/stm32g0xx_hal_msp.o
 .comment       0x0000000000000050       0x51 ./Core/Src/stm32g0xx_it.o
 .comment       0x0000000000000050       0x51 ./Core/Src/system_stm32g0xx.o
 .comment       0x0000000000000050       0x51 ./Core/Src/uart.o
 .comment       0x0000000000000050       0x51 ./Core/Src/utils.o
 .comment       0x0000000000000050       0x51 ./Drivers/STM32G0xx_HAL_Driver/Src/stm32g0xx_hal.o
 .comment       0x0000000000000050       0x51 ./Drivers/STM32G0xx_HAL_Driver/Src/stm32g0xx_hal_adc.o
 .comment       0x0000000000000050       0x51 ./Drivers/STM32G0xx_HAL_Driver/Src/stm32g0xx_hal_cortex.o
 .comment       0x0000000000000050       0x51 ./Drivers/STM32G0xx_HAL_Driver/Src/stm32g0xx_hal_dma.o
 .comment       0x0000000000000050       0x51 ./Drivers/STM32G0xx_HAL_Driver/Src/stm32g0xx_hal_gpio.o
 .comment       0x0000000000000050       0x51 ./Drivers/STM32G0xx_HAL_Driver/Src/stm32g0xx_hal_pwr_ex.o
 .comment       0x0000000000000050       0x51 ./Drivers/STM32G0xx_HAL_Driver/Src/stm32g0xx_hal_rcc.o
 .comment       0x0000000000000050       0x51 ./Drivers/STM32G0xx_HAL_Driver/Src/stm32g0xx_hal_rcc_ex.o
 .comment       0x0000000000000050       0x51 ./Drivers/STM32G0xx_HAL_Driver/Src/stm32g0xx_hal_rng.o
 .comment       0x0000000000000050       0x51 ./Drivers/STM32G0xx_HAL_Driver/Src/stm32g0xx_hal_tim.o
 .comment       0x0000000000000050       0x51 ./Drivers/STM32G0xx_HAL_Driver/Src/stm32g0xx_hal_tim_ex.o
 .comment       0x0000000000000050       0x51 ./Drivers/STM32G0xx_HAL_Driver/Src/stm32g0xx_hal_uart.o
 .comment       0x0000000000000050       0x51 ./Drivers/STM32G0xx_HAL_Driver/Src/stm32g0xx_hal_uart_ex.o

.debug_frame    0x0000000000000000     0x4330
 .debug_frame   0x0000000000000000       0xb0 ./Core/Src/WS2812.o
 .debug_frame   0x00000000000000b0       0xf4 ./Core/Src/animations.o
 .debug_frame   0x00000000000001a4      0x1c8 ./Core/Src/main.o
 .debug_frame   0x000000000000036c       0xb0 ./Core/Src/sensors.o
 .debug_frame   0x000000000000041c      0x150 ./Core/Src/stm32g0xx_hal_msp.o
 .debug_frame   0x000000000000056c      0x10c ./Core/Src/stm32g0xx_it.o
 .debug_frame   0x0000000000000678       0x4c ./Core/Src/system_stm32g0xx.o
 .debug_frame   0x00000000000006c4      0x19c ./Core/Src/uart.o
 .debug_frame   0x0000000000000860       0x90 ./Core/Src/utils.o
 .debug_frame   0x00000000000008f0      0x3dc ./Drivers/STM32G0xx_HAL_Driver/Src/stm32g0xx_hal.o
 .debug_frame   0x0000000000000ccc      0x78c ./Drivers/STM32G0xx_HAL_Driver/Src/stm32g0xx_hal_adc.o
 .debug_frame   0x0000000000001458      0x2fc ./Drivers/STM32G0xx_HAL_Driver/Src/stm32g0xx_hal_cortex.o
 .debug_frame   0x0000000000001754      0x1f0 ./Drivers/STM32G0xx_HAL_Driver/Src/stm32g0xx_hal_dma.o
 .debug_frame   0x0000000000001944      0x130 ./Drivers/STM32G0xx_HAL_Driver/Src/stm32g0xx_hal_gpio.o
 .debug_frame   0x0000000000001a74      0x32c ./Drivers/STM32G0xx_HAL_Driver/Src/stm32g0xx_hal_pwr_ex.o
 .debug_frame   0x0000000000001da0      0x214 ./Drivers/STM32G0xx_HAL_Driver/Src/stm32g0xx_hal_rcc.o
 .debug_frame   0x0000000000001fb4       0xb0 ./Drivers/STM32G0xx_HAL_Driver/Src/stm32g0xx_hal_rcc_ex.o
 .debug_frame   0x0000000000002064      0x190 ./Drivers/STM32G0xx_HAL_Driver/Src/stm32g0xx_hal_rng.o
 .debug_frame   0x00000000000021f4      0xf40 ./Drivers/STM32G0xx_HAL_Driver/Src/stm32g0xx_hal_tim.o
 .debug_frame   0x0000000000003134      0x620 ./Drivers/STM32G0xx_HAL_Driver/Src/stm32g0xx_hal_tim_ex.o
 .debug_frame   0x0000000000003754      0x8d8 ./Drivers/STM32G0xx_HAL_Driver/Src/stm32g0xx_hal_uart.o
 .debug_frame   0x000000000000402c      0x23c ./Drivers/STM32G0xx_HAL_Driver/Src/stm32g0xx_hal_uart_ex.o
 .debug_frame   0x0000000000004268       0x2c /Applications/STM32CubeIDE.app/Contents/Eclipse/plugins/com.st.stm32cube.ide.mcu.externaltools.gnu-tools-for-stm32.10.3-2021.10.macos64_1.0.0.202111181127/tools/bin/../lib/gcc/arm-none-eabi/10.3.1/../../../../arm-none-eabi/lib/thumb/v6-m/nofp/libc_nano.a(lib_a-init.o)
 .debug_frame   0x0000000000004294       0x20 /Applications/STM32CubeIDE.app/Contents/Eclipse/plugins/com.st.stm32cube.ide.mcu.externaltools.gnu-tools-for-stm32.10.3-2021.10.macos64_1.0.0.202111181127/tools/bin/../lib/gcc/arm-none-eabi/10.3.1/../../../../arm-none-eabi/lib/thumb/v6-m/nofp/libc_nano.a(lib_a-memset.o)
 .debug_frame   0x00000000000042b4       0x20 /Applications/STM32CubeIDE.app/Contents/Eclipse/plugins/com.st.stm32cube.ide.mcu.externaltools.gnu-tools-for-stm32.10.3-2021.10.macos64_1.0.0.202111181127/tools/bin/../lib/gcc/arm-none-eabi/10.3.1/thumb/v6-m/nofp/libgcc.a(_udivsi3.o)
 .debug_frame   0x00000000000042d4       0x20 /Applications/STM32CubeIDE.app/Contents/Eclipse/plugins/com.st.stm32cube.ide.mcu.externaltools.gnu-tools-for-stm32.10.3-2021.10.macos64_1.0.0.202111181127/tools/bin/../lib/gcc/arm-none-eabi/10.3.1/thumb/v6-m/nofp/libgcc.a(_divsi3.o)
 .debug_frame   0x00000000000042f4       0x3c /Applications/STM32CubeIDE.app/Contents/Eclipse/plugins/com.st.stm32cube.ide.mcu.externaltools.gnu-tools-for-stm32.10.3-2021.10.macos64_1.0.0.202111181127/tools/bin/../lib/gcc/arm-none-eabi/10.3.1/thumb/v6-m/nofp/libgcc.a(_udivmoddi4.o)
