Archive member included to satisfy reference by file (symbol)

/Applications/STM32CubeIDE.app/Contents/Eclipse/plugins/com.st.stm32cube.ide.mcu.externaltools.gnu-tools-for-stm32.7-2018-q2-update.macos64_1.5.0.202011040924/tools/bin/../lib/gcc/arm-none-eabi/7.3.1/../../../../arm-none-eabi/lib/thumb/v6-m/libc_nano.a(lib_a-errno.o)
                              Core/Src/syscalls.o (__errno)
/Applications/STM32CubeIDE.app/Contents/Eclipse/plugins/com.st.stm32cube.ide.mcu.externaltools.gnu-tools-for-stm32.7-2018-q2-update.macos64_1.5.0.202011040924/tools/bin/../lib/gcc/arm-none-eabi/7.3.1/../../../../arm-none-eabi/lib/thumb/v6-m/libc_nano.a(lib_a-exit.o)
                              /Applications/STM32CubeIDE.app/Contents/Eclipse/plugins/com.st.stm32cube.ide.mcu.externaltools.gnu-tools-for-stm32.7-2018-q2-update.macos64_1.5.0.202011040924/tools/bin/../lib/gcc/arm-none-eabi/7.3.1/../../../../arm-none-eabi/lib/thumb/v6-m/crt0.o (exit)
/Applications/STM32CubeIDE.app/Contents/Eclipse/plugins/com.st.stm32cube.ide.mcu.externaltools.gnu-tools-for-stm32.7-2018-q2-update.macos64_1.5.0.202011040924/tools/bin/../lib/gcc/arm-none-eabi/7.3.1/../../../../arm-none-eabi/lib/thumb/v6-m/libc_nano.a(lib_a-impure.o)
                              /Applications/STM32CubeIDE.app/Contents/Eclipse/plugins/com.st.stm32cube.ide.mcu.externaltools.gnu-tools-for-stm32.7-2018-q2-update.macos64_1.5.0.202011040924/tools/bin/../lib/gcc/arm-none-eabi/7.3.1/../../../../arm-none-eabi/lib/thumb/v6-m/libc_nano.a(lib_a-exit.o) (_global_impure_ptr)
/Applications/STM32CubeIDE.app/Contents/Eclipse/plugins/com.st.stm32cube.ide.mcu.externaltools.gnu-tools-for-stm32.7-2018-q2-update.macos64_1.5.0.202011040924/tools/bin/../lib/gcc/arm-none-eabi/7.3.1/../../../../arm-none-eabi/lib/thumb/v6-m/libc_nano.a(lib_a-init.o)
                              /Applications/STM32CubeIDE.app/Contents/Eclipse/plugins/com.st.stm32cube.ide.mcu.externaltools.gnu-tools-for-stm32.7-2018-q2-update.macos64_1.5.0.202011040924/tools/bin/../lib/gcc/arm-none-eabi/7.3.1/../../../../arm-none-eabi/lib/thumb/v6-m/crt0.o (__libc_init_array)
/Applications/STM32CubeIDE.app/Contents/Eclipse/plugins/com.st.stm32cube.ide.mcu.externaltools.gnu-tools-for-stm32.7-2018-q2-update.macos64_1.5.0.202011040924/tools/bin/../lib/gcc/arm-none-eabi/7.3.1/../../../../arm-none-eabi/lib/thumb/v6-m/libc_nano.a(lib_a-memset.o)
                              /Applications/STM32CubeIDE.app/Contents/Eclipse/plugins/com.st.stm32cube.ide.mcu.externaltools.gnu-tools-for-stm32.7-2018-q2-update.macos64_1.5.0.202011040924/tools/bin/../lib/gcc/arm-none-eabi/7.3.1/../../../../arm-none-eabi/lib/thumb/v6-m/crt0.o (memset)
/Applications/STM32CubeIDE.app/Contents/Eclipse/plugins/com.st.stm32cube.ide.mcu.externaltools.gnu-tools-for-stm32.7-2018-q2-update.macos64_1.5.0.202011040924/tools/bin/../lib/gcc/arm-none-eabi/7.3.1/thumb/v6-m/libgcc.a(_udivsi3.o)
                              Core/Src/system_stm32g0xx.o (__aeabi_uidiv)
/Applications/STM32CubeIDE.app/Contents/Eclipse/plugins/com.st.stm32cube.ide.mcu.externaltools.gnu-tools-for-stm32.7-2018-q2-update.macos64_1.5.0.202011040924/tools/bin/../lib/gcc/arm-none-eabi/7.3.1/thumb/v6-m/libgcc.a(_divsi3.o)
                              Core/Src/utils.o (__aeabi_idiv)
/Applications/STM32CubeIDE.app/Contents/Eclipse/plugins/com.st.stm32cube.ide.mcu.externaltools.gnu-tools-for-stm32.7-2018-q2-update.macos64_1.5.0.202011040924/tools/bin/../lib/gcc/arm-none-eabi/7.3.1/thumb/v6-m/libgcc.a(_dvmd_tls.o)
                              /Applications/STM32CubeIDE.app/Contents/Eclipse/plugins/com.st.stm32cube.ide.mcu.externaltools.gnu-tools-for-stm32.7-2018-q2-update.macos64_1.5.0.202011040924/tools/bin/../lib/gcc/arm-none-eabi/7.3.1/thumb/v6-m/libgcc.a(_udivsi3.o) (__aeabi_idiv0)
/Applications/STM32CubeIDE.app/Contents/Eclipse/plugins/com.st.stm32cube.ide.mcu.externaltools.gnu-tools-for-stm32.7-2018-q2-update.macos64_1.5.0.202011040924/tools/bin/../lib/gcc/arm-none-eabi/7.3.1/thumb/v6-m/libgcc.a(_aeabi_uldivmod.o)
                              Drivers/STM32G0xx_HAL_Driver/Src/stm32g0xx_hal_uart.o (__aeabi_uldivmod)
/Applications/STM32CubeIDE.app/Contents/Eclipse/plugins/com.st.stm32cube.ide.mcu.externaltools.gnu-tools-for-stm32.7-2018-q2-update.macos64_1.5.0.202011040924/tools/bin/../lib/gcc/arm-none-eabi/7.3.1/thumb/v6-m/libgcc.a(_udivmoddi4.o)
                              /Applications/STM32CubeIDE.app/Contents/Eclipse/plugins/com.st.stm32cube.ide.mcu.externaltools.gnu-tools-for-stm32.7-2018-q2-update.macos64_1.5.0.202011040924/tools/bin/../lib/gcc/arm-none-eabi/7.3.1/thumb/v6-m/libgcc.a(_aeabi_uldivmod.o) (__udivmoddi4)
/Applications/STM32CubeIDE.app/Contents/Eclipse/plugins/com.st.stm32cube.ide.mcu.externaltools.gnu-tools-for-stm32.7-2018-q2-update.macos64_1.5.0.202011040924/tools/bin/../lib/gcc/arm-none-eabi/7.3.1/thumb/v6-m/libgcc.a(_clzdi2.o)
[...]
Memory Configuration

Name             Origin             Length             Attributes
RAM              0x0000000020000000 0x0000000000009000 xrw
FLASH            0x0000000008000000 0x0000000000020000 xr
*default*        0x0000000000000000 0xffffffffffffffff

Linker script and memory map

LOAD /Applications/STM32CubeIDE.app/Contents/Eclipse/plugins/com.st.stm32cube.ide.mcu.externaltools.gnu-tools-for-stm32.7-2018-q2-update.macos64_1.5.0.202011040924/tools/bin/../lib/gcc/arm-none-eabi/7.3.1/thumb/v6-m/crti.o
LOAD /Applications/STM32CubeIDE.app/Contents/Eclipse/plugins/com.st.stm32cube.ide.mcu.externaltools.gnu-tools-for-stm32.7-2018-q2-update.macos64_1.5.0.202011040924/tools/bin/../lib/gcc/arm-none-eabi/7.3.1/thumb/v6-m/crtbegin.o
LOAD /Applications/STM32CubeIDE.app/Contents/Eclipse/plugins/com.st.stm32cube.ide.mcu.externaltools.gnu-tools-for-stm32.7-2018-q2-update.macos64_1.5.0.202011040924/tools/bin/../lib/gcc/arm-none-eabi/7.3.1/../../../../arm-none-eabi/lib/thumb/v6-m/crt0.o
LOAD Core/Src/WS2812.o
LOAD Core/Src/main.o
LOAD Core/Src/sensors.o
LOAD Core/Src/stm32g0xx_hal_msp.o
LOAD Core/Src/stm32g0xx_it.o
LOAD Core/Src/syscalls.o
LOAD Core/Src/sysmem.o
LOAD Core/Src/system_stm32g0xx.o
LOAD Core/Src/uart.o
LOAD Core/Src/utils.o
LOAD Core/Startup/startup_stm32g081kbtx.o
LOAD Drivers/STM32G0xx_HAL_Driver/Src/stm32g0xx_hal.o
LOAD Drivers/STM32G0xx_HAL_Driver/Src/stm32g0xx_hal_adc.o
LOAD Drivers/STM32G0xx_HAL_Driver/Src/stm32g0xx_hal_adc_ex.o
LOAD Drivers/STM32G0xx_HAL_Driver/Src/stm32g0xx_hal_cortex.o
LOAD Drivers/STM32G0xx_HAL_Driver/Src/stm32g0xx_hal_dma.o
LOAD Drivers/STM32G0xx_HAL_Driver/Src/stm32g0xx_hal_dma_ex.o
LOAD Drivers/STM32G0xx_HAL_Driver/Src/stm32g0xx_hal_exti.o
LOAD Drivers/STM32G0xx_HAL_Driver/Src/stm32g0xx_hal_flash.o
LOAD Drivers/STM32G0xx_HAL_Driver/Src/stm32g0xx_hal_flash_ex.o
LOAD Drivers/STM32G0xx_HAL_Driver/Src/stm32g0xx_hal_gpio.o
LOAD Drivers/STM32G0xx_HAL_Driver/Src/stm32g0xx_hal_pwr.o
LOAD Drivers/STM32G0xx_HAL_Driver/Src/stm32g0xx_hal_pwr_ex.o
LOAD Drivers/STM32G0xx_HAL_Driver/Src/stm32g0xx_hal_rcc.o
LOAD Drivers/STM32G0xx_HAL_Driver/Src/stm32g0xx_hal_rcc_ex.o
LOAD Drivers/STM32G0xx_HAL_Driver/Src/stm32g0xx_hal_tim.o
LOAD Drivers/STM32G0xx_HAL_Driver/Src/stm32g0xx_hal_tim_ex.o
LOAD Drivers/STM32G0xx_HAL_Driver/Src/stm32g0xx_hal_uart.o
LOAD Drivers/STM32G0xx_HAL_Driver/Src/stm32g0xx_hal_uart_ex.o
LOAD Drivers/STM32G0xx_HAL_Driver/Src/stm32g0xx_ll_adc.o
LOAD Drivers/STM32G0xx_HAL_Driver/Src/stm32g0xx_ll_dma.o
LOAD Drivers/STM32G0xx_HAL_Driver/Src/stm32g0xx_ll_rcc.o
START GROUP
LOAD /Applications/STM32CubeIDE.app/Contents/Eclipse/plugins/com.st.stm32cube.ide.mcu.externaltools.gnu-tools-for-stm32.7-2018-q2-update.macos64_1.5.0.202011040924/tools/bin/../lib/gcc/arm-none-eabi/7.3.1/../../../../arm-none-eabi/lib/thumb/v6-m/libc_nano.a
LOAD /Applications/STM32CubeIDE.app/Contents/Eclipse/plugins/com.st.stm32cube.ide.mcu.externaltools.gnu-tools-for-stm32.7-2018-q2-update.macos64_1.5.0.202011040924/tools/bin/../lib/gcc/arm-none-eabi/7.3.1/../../../../arm-none-eabi/lib/thumb/v6-m/libm.a
END GROUP
START GROUP
LOAD /Applications/STM32CubeIDE.app/Contents/Eclipse/plugins/com.st.stm32cube.ide.mcu.externaltools.gnu-tools-for-stm32.7-2018-q2-update.macos64_1.5.0.202011040924/tools/bin/../lib/gcc/arm-none-eabi/7.3.1/thumb/v6-m/libgcc.a
LOAD /Applications/STM32CubeIDE.app/Contents/Eclipse/plugins/com.st.stm32cube.ide.mcu.externaltools.gnu-tools-for-stm32.7-2018-q2-update.macos64_1.5.0.202011040924/tools/bin/../lib/gcc/arm-none-eabi/7.3.1/../../../../arm-none-eabi/lib/thumb/v6-m/libc_nano.a
END GROUP
START GROUP
LOAD /Applications/STM32CubeIDE.app/Contents/Eclipse/plugins/com.st.stm32cube.ide.mcu.externaltools.gnu-tools-for-stm32.7-2018-q2-update.macos64_1.5.0.202011040924/tools/bin/../lib/gcc/arm-none-eabi/7.3.1/thumb/v6-m/libgcc.a
LOAD /Applications/STM32CubeIDE.app/Contents/Eclipse/plugins/com.st.stm32cube.ide.mcu.externaltools.gnu-tools-for-stm32.7-2018-q2-update.macos64_1.5.0.202011040924/tools/bin/../lib/gcc/arm-none-eabi/7.3.1/../../../../arm-none-eabi/lib/thumb/v6-m/libc_nano.a
LOAD /Applications/STM32CubeIDE.app/Contents/Eclipse/plugins/com.st.stm32cube.ide.mcu.externaltools.gnu-tools-for-stm32.7-2018-q2-update.macos64_1.5.0.202011040924/tools/bin/../lib/gcc/arm-none-eabi/7.3.1/../../../../arm-none-eabi/lib/thumb/v6-m/libnosys.a
END GROUP
START GROUP
LOAD /Applications/STM32CubeIDE.app/Contents/Eclipse/plugins/com.st.stm32cube.ide.mcu.externaltools.gnu-tools-for-stm32.7-2018-q2-update.macos64_1.5.0.202011040924/tools/bin/../lib/gcc/arm-none-eabi/7.3.1/thumb/v6-m/libgcc.a
LOAD /Applications/STM32CubeIDE.app/Contents/Eclipse/plugins/com.st.stm32cube.ide.mcu.externaltools.gnu-tools-for-stm32.7-2018-q2-update.macos64_1.5.0.202011040924/tools/bin/../lib/gcc/arm-none-eabi/7.3.1/../../../../arm-none-eabi/lib/thumb/v6-m/libc_nano.a
LOAD /Applications/STM32CubeIDE.app/Contents/Eclipse/plugins/com.st.stm32cube.ide.mcu.externaltools.gnu-tools-for-stm32.7-2018-q2-update.macos64_1.5.0.202011040924/tools/bin/../lib/gcc/arm-none-eabi/7.3.1/../../../../arm-none-eabi/lib/thumb/v6-m/libnosys.a
END GROUP
LOAD /Applications/STM32CubeIDE.app/Contents/Eclipse/plugins/com.st.stm32cube.ide.mcu.externaltools.gnu-tools-for-stm32.7-2018-q2-update.macos64_1.5.0.202011040924/tools/bin/../lib/gcc/arm-none-eabi/7.3.1/thumb/v6-m/crtend.o
LOAD /Applications/STM32CubeIDE.app/Contents/Eclipse/plugins/com.st.stm32cube.ide.mcu.externaltools.gnu-tools-for-stm32.7-2018-q2-update.macos64_1.5.0.202011040924/tools/bin/../lib/gcc/arm-none-eabi/7.3.1/thumb/v6-m/crtn.o
                0x0000000020009000                _estack = (ORIGIN (RAM) + LENGTH (RAM))
                0x0000000000000200                _Min_Heap_Size = 0x200
                0x0000000000000400                _Min_Stack_Size = 0x400

.isr_vector     0x0000000008000000       0xc0
                0x0000000008000000                . = ALIGN (0x4)
 *(.isr_vector)
 .isr_vector    0x0000000008000000       0xc0 Core/Startup/startup_stm32g081kbtx.o
                0x0000000008000000                g_pfnVectors
                0x00000000080000c0                . = ALIGN (0x4)

.text           0x00000000080000c0     0x75f4
                0x00000000080000c0                . = ALIGN (0x4)
 *(.text)
 .text          0x00000000080000c0       0x48 /Applications/STM32CubeIDE.app/Contents/Eclipse/plugins/com.st.stm32cube.ide.mcu.externaltools.gnu-tools-for-stm32.7-2018-q2-update.macos64_1.5.0.202011040924/tools/bin/../lib/gcc/arm-none-eabi/7.3.1/thumb/v6-m/crtbegin.o
 .text          0x0000000008000108      0x114 /Applications/STM32CubeIDE.app/Contents/Eclipse/plugins/com.st.stm32cube.ide.mcu.externaltools.gnu-tools-for-stm32.7-2018-q2-update.macos64_1.5.0.202011040924/tools/bin/../lib/gcc/arm-none-eabi/7.3.1/thumb/v6-m/libgcc.a(_udivsi3.o)
                0x0000000008000108                __udivsi3
                0x0000000008000108                __aeabi_uidiv
                0x0000000008000214                __aeabi_uidivmod
 .text          0x000000000800021c      0x1d4 /Applications/STM32CubeIDE.app/Contents/Eclipse/plugins/com.st.stm32cube.ide.mcu.externaltools.gnu-tools-for-stm32.7-2018-q2-update.macos64_1.5.0.202011040924/tools/bin/../lib/gcc/arm-none-eabi/7.3.1/thumb/v6-m/libgcc.a(_divsi3.o)
                0x000000000800021c                __aeabi_idiv
                0x000000000800021c                __divsi3
                0x00000000080003e8                __aeabi_idivmod
 .text          0x00000000080003f0        0x4 /Applications/STM32CubeIDE.app/Contents/Eclipse/plugins/com.st.stm32cube.ide.mcu.externaltools.gnu-tools-for-stm32.7-2018-q2-update.macos64_1.5.0.202011040924/tools/bin/../lib/gcc/arm-none-eabi/7.3.1/thumb/v6-m/libgcc.a(_dvmd_tls.o)
                0x00000000080003f0                __aeabi_ldiv0
                0x00000000080003f0                __aeabi_idiv0
 .text          0x00000000080003f4       0x40 /Applications/STM32CubeIDE.app/Contents/Eclipse/plugins/com.st.stm32cube.ide.mcu.externaltools.gnu-tools-for-stm32.7-2018-q2-update.macos64_1.5.0.202011040924/tools/bin/../lib/gcc/arm-none-eabi/7.3.1/thumb/v6-m/libgcc.a(_aeabi_uldivmod.o)
                0x00000000080003f4                __aeabi_uldivmod
 .text          0x0000000008000434      0x184 /Applications/STM32CubeIDE.app/Contents/Eclipse/plugins/com.st.stm32cube.ide.mcu.externaltools.gnu-tools-for-stm32.7-2018-q2-update.macos64_1.5.0.202011040924/tools/bin/../lib/gcc/arm-none-eabi/7.3.1/thumb/v6-m/libgcc.a(_udivmoddi4.o)
                0x0000000008000434                __udivmoddi4
 .text          0x00000000080005b8       0x18 /Applications/STM32CubeIDE.app/Contents/Eclipse/plugins/com.st.stm32cube.ide.mcu.externaltools.gnu-tools-for-stm32.7-2018-q2-update.macos64_1.5.0.202011040924/tools/bin/../lib/gcc/arm-none-eabi/7.3.1/thumb/v6-m/libgcc.a(_clzdi2.o)
                0x00000000080005b8                __clzdi2
 .text          0x00000000080005d0       0x3c /Applications/STM32CubeIDE.app/Contents/Eclipse/plugins/com.st.stm32cube.ide.mcu.externaltools.gnu-tools-for-stm32.7-2018-q2-update.macos64_1.5.0.202011040924/tools/bin/../lib/gcc/arm-none-eabi/7.3.1/thumb/v6-m/libgcc.a(_clzsi2.o)
                0x00000000080005d0                __clzsi2
 *(.text*)
 .text.HAL_TIM_PWM_PulseFinishedCallback
                0x000000000800060c       0x28 Core/Src/WS2812.o
                0x000000000800060c                HAL_TIM_PWM_PulseFinishedCallback
 .text.getLEDBuf
                0x0000000008000634       0x28 Core/Src/WS2812.o
                0x0000000008000634                getLEDBuf
 .text.setLED   0x000000000800065c       0x60 Core/Src/WS2812.o
                0x000000000800065c                setLED
 .text.clearLEDs
                0x00000000080006bc       0x2c Core/Src/WS2812.o
                0x00000000080006bc                clearLEDs
 .text.updateWS2812
                0x00000000080006e8      0x134 Core/Src/WS2812.o
                0x00000000080006e8                updateWS2812
 .text.main     0x000000000800081c       0x4e Core/Src/main.o
                0x000000000800081c                main
 *fill*         0x000000000800086a        0x2 
 .text.SystemClock_Config
                0x000000000800086c       0xfc Core/Src/main.o
                0x000000000800086c                SystemClock_Config
 .text.MX_ADC1_Init
                0x0000000008000968       0xd4 Core/Src/main.o
 .text.MX_TIM1_Init
                0x0000000008000a3c      0x154 Core/Src/main.o
 .text.MX_USART1_UART_Init
                0x0000000008000b90       0x9c Core/Src/main.o
 .text.MX_USART3_UART_Init
                0x0000000008000c2c       0x68 Core/Src/main.o
 .text.MX_DMA_Init
                0x0000000008000c94       0x4c Core/Src/main.o
 .text.MX_GPIO_Init
                0x0000000008000ce0       0xa0 Core/Src/main.o
 .text.getLEDTimer
                0x0000000008000d80       0x10 Core/Src/main.o
                0x0000000008000d80                getLEDTimer
 .text.getADCPtr
                0x0000000008000d90       0x10 Core/Src/main.o
                0x0000000008000d90                getADCPtr
 .text.getUFP   0x0000000008000da0       0x10 Core/Src/main.o
                0x0000000008000da0                getUFP
 .text.getDFP   0x0000000008000db0       0x10 Core/Src/main.o
                0x0000000008000db0                getDFP
 .text.Error_Handler
                0x0000000008000dc0        0x8 Core/Src/main.o
                0x0000000008000dc0                Error_Handler
 .text.mapSensor
                0x0000000008000dc8       0x3e Core/Src/sensors.o
                0x0000000008000dc8                mapSensor
 *fill*         0x0000000008000e06        0x2 
 .text.getNewReadings
                0x0000000008000e08       0x48 Core/Src/sensors.o
                0x0000000008000e08                getNewReadings
 .text.getLastReadings
                0x0000000008000e50       0x10 Core/Src/sensors.o
                0x0000000008000e50                getLastReadings
 .text.readSensor
                0x0000000008000e60       0x38 Core/Src/sensors.o
                0x0000000008000e60                readSensor
 .text.readADC  0x0000000008000e98       0x7c Core/Src/sensors.o
                0x0000000008000e98                readADC
 .text.HAL_MspInit
                0x0000000008000f14       0x50 Core/Src/stm32g0xx_hal_msp.o
                0x0000000008000f14                HAL_MspInit
 .text.HAL_ADC_MspInit
                0x0000000008000f64       0xc4 Core/Src/stm32g0xx_hal_msp.o
                0x0000000008000f64                HAL_ADC_MspInit
 .text.HAL_TIM_PWM_MspInit
                0x0000000008001028       0x9c Core/Src/stm32g0xx_hal_msp.o
                0x0000000008001028                HAL_TIM_PWM_MspInit
 .text.HAL_TIM_MspPostInit
                0x00000000080010c4       0x7c Core/Src/stm32g0xx_hal_msp.o
                0x00000000080010c4                HAL_TIM_MspPostInit
 .text.HAL_UART_MspInit
                0x0000000008001140      0x1dc Core/Src/stm32g0xx_hal_msp.o
                0x0000000008001140                HAL_UART_MspInit
 .text.NMI_Handler
                0x000000000800131c        0x6 Core/Src/stm32g0xx_it.o
                0x000000000800131c                NMI_Handler
 .text.HardFault_Handler
                0x0000000008001322        0x6 Core/Src/stm32g0xx_it.o
                0x0000000008001322                HardFault_Handler
 .text.SVC_Handler
                0x0000000008001328        0xa Core/Src/stm32g0xx_it.o
                0x0000000008001328                SVC_Handler
 .text.PendSV_Handler
                0x0000000008001332        0xa Core/Src/stm32g0xx_it.o
                0x0000000008001332                PendSV_Handler
 .text.SysTick_Handler
                0x000000000800133c        0xe Core/Src/stm32g0xx_it.o
                0x000000000800133c                SysTick_Handler
 *fill*         0x000000000800134a        0x2 
 .text.DMA1_Channel1_IRQHandler
                0x000000000800134c       0x18 Core/Src/stm32g0xx_it.o
                0x000000000800134c                DMA1_Channel1_IRQHandler
 .text.DMA1_Channel2_3_IRQHandler
                0x0000000008001364       0x24 Core/Src/stm32g0xx_it.o
                0x0000000008001364                DMA1_Channel2_3_IRQHandler
 .text.USART1_IRQHandler
                0x0000000008001388       0x18 Core/Src/stm32g0xx_it.o
                0x0000000008001388                USART1_IRQHandler
 .text.USART3_4_LPUART1_IRQHandler
                0x00000000080013a0       0x18 Core/Src/stm32g0xx_it.o
                0x00000000080013a0                USART3_4_LPUART1_IRQHandler
 .text.SystemInit
                0x00000000080013b8       0x18 Core/Src/system_stm32g0xx.o
                0x00000000080013b8                SystemInit
 .text.updateLEDs
                0x00000000080013d0       0x24 Core/Src/uart.o
                0x00000000080013d0                updateLEDs
 .text.abortIT  0x00000000080013f4       0x22 Core/Src/uart.o
                0x00000000080013f4                abortIT
 *fill*         0x0000000008001416        0x2 
 .text.receiveIT
                0x0000000008001418       0x48 Core/Src/uart.o
                0x0000000008001418                receiveIT
 .text.cmdReady
                0x0000000008001460       0x14 Core/Src/uart.o
                0x0000000008001460                cmdReady
 .text.sendACK  0x0000000008001474       0x24 Core/Src/uart.o
                0x0000000008001474                sendACK
 .text.sendCommand
                0x0000000008001498       0x74 Core/Src/uart.o
                0x0000000008001498                sendCommand
 .text.registerReadings
                0x000000000800150c       0x6c Core/Src/uart.o
                0x000000000800150c                registerReadings
 .text.toggleLED
                0x0000000008001578       0x40 Core/Src/uart.o
                0x0000000008001578                toggleLED
 .text.processCommand
                0x00000000080015b8      0x1e0 Core/Src/uart.o
                0x00000000080015b8                processCommand
 .text.HAL_UART_RxCpltCallback
                0x0000000008001798       0x1c Core/Src/uart.o
                0x0000000008001798                HAL_UART_RxCpltCallback
 .text.clearSensorHistory
                0x00000000080017b4       0x3c Core/Src/utils.o
                0x00000000080017b4                clearSensorHistory
 .text.registerReading
                0x00000000080017f0       0xcc Core/Src/utils.o
                0x00000000080017f0                registerReading
 .text.displaySense
                0x00000000080018bc       0xfc Core/Src/utils.o
                0x00000000080018bc                displaySense
 .text.generateRGB
                0x00000000080019b8      0x11e Core/Src/utils.o
                0x00000000080019b8                generateRGB
 *fill*         0x0000000008001ad6        0x2 
 .text.Reset_Handler
                0x0000000008001ad8       0x50 Core/Startup/startup_stm32g081kbtx.o
                0x0000000008001ad8                Reset_Handler
 .text.Default_Handler
                0x0000000008001b28        0x2 Core/Startup/startup_stm32g081kbtx.o
                0x0000000008001b28                TIM1_BRK_UP_TRG_COM_IRQHandler
                0x0000000008001b28                ADC1_COMP_IRQHandler
                0x0000000008001b28                PVD_IRQHandler
                0x0000000008001b28                I2C1_IRQHandler
                0x0000000008001b28                TIM7_LPTIM2_IRQHandler
                0x0000000008001b28                RTC_TAMP_IRQHandler
                0x0000000008001b28                SPI1_IRQHandler
                0x0000000008001b28                EXTI2_3_IRQHandler
                0x0000000008001b28                I2C2_IRQHandler
                0x0000000008001b28                TIM17_IRQHandler
                0x0000000008001b28                TIM16_IRQHandler
                0x0000000008001b28                TIM3_IRQHandler
                0x0000000008001b28                EXTI4_15_IRQHandler
                0x0000000008001b28                RCC_IRQHandler
                0x0000000008001b28                Default_Handler
                0x0000000008001b28                CEC_IRQHandler
                0x0000000008001b28                TIM14_IRQHandler
                0x0000000008001b28                TIM15_IRQHandler
                0x0000000008001b28                EXTI0_1_IRQHandler
                0x0000000008001b28                SPI2_IRQHandler
                0x0000000008001b28                AES_RNG_IRQHandler
                0x0000000008001b28                TIM6_DAC_LPTIM1_IRQHandler
                0x0000000008001b28                WWDG_IRQHandler
                0x0000000008001b28                TIM2_IRQHandler
                0x0000000008001b28                DMA1_Ch4_7_DMAMUX1_OVR_IRQHandler
                0x0000000008001b28                UCPD1_2_IRQHandler
                0x0000000008001b28                USART2_IRQHandler
                0x0000000008001b28                FLASH_IRQHandler
                0x0000000008001b28                TIM1_CC_IRQHandler
 *fill*         0x0000000008001b2a        0x2 
 .text.HAL_Init
                0x0000000008001b2c       0x40 Drivers/STM32G0xx_HAL_Driver/Src/stm32g0xx_hal.o
                0x0000000008001b2c                HAL_Init
 .text.HAL_InitTick
                0x0000000008001b6c       0x94 Drivers/STM32G0xx_HAL_Driver/Src/stm32g0xx_hal.o
                0x0000000008001b6c                HAL_InitTick
 .text.HAL_IncTick
                0x0000000008001c00       0x24 Drivers/STM32G0xx_HAL_Driver/Src/stm32g0xx_hal.o
                0x0000000008001c00                HAL_IncTick
 .text.HAL_GetTick
                0x0000000008001c24       0x14 Drivers/STM32G0xx_HAL_Driver/Src/stm32g0xx_hal.o
                0x0000000008001c24                HAL_GetTick
 .text.HAL_SYSCFG_StrobeDBattpinsConfig
                0x0000000008001c38       0x2c Drivers/STM32G0xx_HAL_Driver/Src/stm32g0xx_hal.o
                0x0000000008001c38                HAL_SYSCFG_StrobeDBattpinsConfig
 .text.LL_ADC_SetCommonPathInternalCh
                0x0000000008001c64       0x28 Drivers/STM32G0xx_HAL_Driver/Src/stm32g0xx_hal_adc.o
 .text.LL_ADC_GetCommonPathInternalCh
                0x0000000008001c8c       0x1a Drivers/STM32G0xx_HAL_Driver/Src/stm32g0xx_hal_adc.o
 .text.LL_ADC_SetSamplingTimeCommonChannels
                0x0000000008001ca6       0x3a Drivers/STM32G0xx_HAL_Driver/Src/stm32g0xx_hal_adc.o
 .text.LL_ADC_REG_IsTriggerSourceSWStart
                0x0000000008001ce0       0x22 Drivers/STM32G0xx_HAL_Driver/Src/stm32g0xx_hal_adc.o
 .text.LL_ADC_REG_SetSequencerRanks
                0x0000000008001d02       0x40 Drivers/STM32G0xx_HAL_Driver/Src/stm32g0xx_hal_adc.o
 .text.LL_ADC_REG_SetSequencerChAdd
                0x0000000008001d42       0x22 Drivers/STM32G0xx_HAL_Driver/Src/stm32g0xx_hal_adc.o
 .text.LL_ADC_REG_SetSequencerChRem
                0x0000000008001d64       0x24 Drivers/STM32G0xx_HAL_Driver/Src/stm32g0xx_hal_adc.o
 .text.LL_ADC_SetChannelSamplingTime
                0x0000000008001d88       0x38 Drivers/STM32G0xx_HAL_Driver/Src/stm32g0xx_hal_adc.o
 .text.LL_ADC_EnableInternalRegulator
                0x0000000008001dc0       0x28 Drivers/STM32G0xx_HAL_Driver/Src/stm32g0xx_hal_adc.o
 .text.LL_ADC_IsInternalRegulatorEnabled
                0x0000000008001de8       0x28 Drivers/STM32G0xx_HAL_Driver/Src/stm32g0xx_hal_adc.o
 .text.LL_ADC_Enable
                0x0000000008001e10       0x24 Drivers/STM32G0xx_HAL_Driver/Src/stm32g0xx_hal_adc.o
 .text.LL_ADC_Disable
                0x0000000008001e34       0x24 Drivers/STM32G0xx_HAL_Driver/Src/stm32g0xx_hal_adc.o
 .text.LL_ADC_IsEnabled
                0x0000000008001e58       0x22 Drivers/STM32G0xx_HAL_Driver/Src/stm32g0xx_hal_adc.o
 .text.LL_ADC_IsDisableOngoing
                0x0000000008001e7a       0x22 Drivers/STM32G0xx_HAL_Driver/Src/stm32g0xx_hal_adc.o
 .text.LL_ADC_REG_StartConversion
                0x0000000008001e9c       0x24 Drivers/STM32G0xx_HAL_Driver/Src/stm32g0xx_hal_adc.o
 .text.LL_ADC_REG_StopConversion
                0x0000000008001ec0       0x24 Drivers/STM32G0xx_HAL_Driver/Src/stm32g0xx_hal_adc.o
 .text.LL_ADC_REG_IsConversionOngoing
                0x0000000008001ee4       0x22 Drivers/STM32G0xx_HAL_Driver/Src/stm32g0xx_hal_adc.o
 *fill*         0x0000000008001f06        0x2 
 .text.HAL_ADC_Init
                0x0000000008001f08      0x3b8 Drivers/STM32G0xx_HAL_Driver/Src/stm32g0xx_hal_adc.o
                0x0000000008001f08                HAL_ADC_Init
 .text.HAL_ADC_Start
                0x00000000080022c0       0x9c Drivers/STM32G0xx_HAL_Driver/Src/stm32g0xx_hal_adc.o
                0x00000000080022c0                HAL_ADC_Start
 .text.HAL_ADC_Stop
                0x000000000800235c       0x78 Drivers/STM32G0xx_HAL_Driver/Src/stm32g0xx_hal_adc.o
                0x000000000800235c                HAL_ADC_Stop
 .text.HAL_ADC_PollForConversion
                0x00000000080023d4      0x11c Drivers/STM32G0xx_HAL_Driver/Src/stm32g0xx_hal_adc.o
                0x00000000080023d4                HAL_ADC_PollForConversion
 .text.HAL_ADC_GetValue
                0x00000000080024f0       0x16 Drivers/STM32G0xx_HAL_Driver/Src/stm32g0xx_hal_adc.o
                0x00000000080024f0                HAL_ADC_GetValue
 *fill*         0x0000000008002506        0x2 
 .text.HAL_ADC_ConfigChannel
                0x0000000008002508      0x3b4 Drivers/STM32G0xx_HAL_Driver/Src/stm32g0xx_hal_adc.o
                0x0000000008002508                HAL_ADC_ConfigChannel
 .text.ADC_ConversionStop
                0x00000000080028bc       0x78 Drivers/STM32G0xx_HAL_Driver/Src/stm32g0xx_hal_adc.o
                0x00000000080028bc                ADC_ConversionStop
 .text.ADC_Enable
                0x0000000008002934       0xfc Drivers/STM32G0xx_HAL_Driver/Src/stm32g0xx_hal_adc.o
                0x0000000008002934                ADC_Enable
 .text.ADC_Disable
                0x0000000008002a30       0xb0 Drivers/STM32G0xx_HAL_Driver/Src/stm32g0xx_hal_adc.o
                0x0000000008002a30                ADC_Disable
 .text.__NVIC_EnableIRQ
                0x0000000008002ae0       0x34 Drivers/STM32G0xx_HAL_Driver/Src/stm32g0xx_hal_cortex.o
 .text.__NVIC_SetPriority
                0x0000000008002b14       0xdc Drivers/STM32G0xx_HAL_Driver/Src/stm32g0xx_hal_cortex.o
 .text.SysTick_Config
                0x0000000008002bf0       0x48 Drivers/STM32G0xx_HAL_Driver/Src/stm32g0xx_hal_cortex.o
 .text.HAL_NVIC_SetPriority
                0x0000000008002c38       0x2a Drivers/STM32G0xx_HAL_Driver/Src/stm32g0xx_hal_cortex.o
                0x0000000008002c38                HAL_NVIC_SetPriority
 .text.HAL_NVIC_EnableIRQ
                0x0000000008002c62       0x20 Drivers/STM32G0xx_HAL_Driver/Src/stm32g0xx_hal_cortex.o
                0x0000000008002c62                HAL_NVIC_EnableIRQ
 .text.HAL_SYSTICK_Config
                0x0000000008002c82       0x1a Drivers/STM32G0xx_HAL_Driver/Src/stm32g0xx_hal_cortex.o
                0x0000000008002c82                HAL_SYSTICK_Config
 .text.HAL_DMA_Init
                0x0000000008002c9c      0x114 Drivers/STM32G0xx_HAL_Driver/Src/stm32g0xx_hal_dma.o
                0x0000000008002c9c                HAL_DMA_Init
 .text.HAL_DMA_Start_IT
                0x0000000008002db0      0x10c Drivers/STM32G0xx_HAL_Driver/Src/stm32g0xx_hal_dma.o
                0x0000000008002db0                HAL_DMA_Start_IT
 .text.HAL_DMA_Abort
                0x0000000008002ebc       0xc4 Drivers/STM32G0xx_HAL_Driver/Src/stm32g0xx_hal_dma.o
                0x0000000008002ebc                HAL_DMA_Abort
 .text.HAL_DMA_Abort_IT
                0x0000000008002f80       0xd8 Drivers/STM32G0xx_HAL_Driver/Src/stm32g0xx_hal_dma.o
                0x0000000008002f80                HAL_DMA_Abort_IT
 .text.HAL_DMA_IRQHandler
                0x0000000008003058      0x164 Drivers/STM32G0xx_HAL_Driver/Src/stm32g0xx_hal_dma.o
                0x0000000008003058                HAL_DMA_IRQHandler
 .text.DMA_SetConfig
                0x00000000080031bc       0x80 Drivers/STM32G0xx_HAL_Driver/Src/stm32g0xx_hal_dma.o
 .text.DMA_CalcDMAMUXChannelBaseAndMask
                0x000000000800323c       0x58 Drivers/STM32G0xx_HAL_Driver/Src/stm32g0xx_hal_dma.o
 .text.DMA_CalcDMAMUXRequestGenBaseAndMask
                0x0000000008003294       0x48 Drivers/STM32G0xx_HAL_Driver/Src/stm32g0xx_hal_dma.o
 .text.HAL_GPIO_Init
                0x00000000080032dc      0x2c8 Drivers/STM32G0xx_HAL_Driver/Src/stm32g0xx_hal_gpio.o
                0x00000000080032dc                HAL_GPIO_Init
 .text.HAL_GPIO_WritePin
                0x00000000080035a4       0x3a Drivers/STM32G0xx_HAL_Driver/Src/stm32g0xx_hal_gpio.o
                0x00000000080035a4                HAL_GPIO_WritePin
 *fill*         0x00000000080035de        0x2 
 .text.HAL_PWREx_ControlVoltageScaling
                0x00000000080035e0       0x80 Drivers/STM32G0xx_HAL_Driver/Src/stm32g0xx_hal_pwr_ex.o
                0x00000000080035e0                HAL_PWREx_ControlVoltageScaling
 .text.LL_RCC_GetAPB1Prescaler
                0x0000000008003660       0x18 Drivers/STM32G0xx_HAL_Driver/Src/stm32g0xx_hal_rcc.o
 .text.HAL_RCC_OscConfig
                0x0000000008003678      0x640 Drivers/STM32G0xx_HAL_Driver/Src/stm32g0xx_hal_rcc.o
                0x0000000008003678                HAL_RCC_OscConfig
 .text.HAL_RCC_ClockConfig
                0x0000000008003cb8      0x210 Drivers/STM32G0xx_HAL_Driver/Src/stm32g0xx_hal_rcc.o
                0x0000000008003cb8                HAL_RCC_ClockConfig
 .text.HAL_RCC_GetSysClockFreq
                0x0000000008003ec8      0x104 Drivers/STM32G0xx_HAL_Driver/Src/stm32g0xx_hal_rcc.o
                0x0000000008003ec8                HAL_RCC_GetSysClockFreq
 .text.HAL_RCC_GetHCLKFreq
                0x0000000008003fcc       0x14 Drivers/STM32G0xx_HAL_Driver/Src/stm32g0xx_hal_rcc.o
                0x0000000008003fcc                HAL_RCC_GetHCLKFreq
 .text.HAL_RCC_GetPCLK1Freq
                0x0000000008003fe0       0x2c Drivers/STM32G0xx_HAL_Driver/Src/stm32g0xx_hal_rcc.o
                0x0000000008003fe0                HAL_RCC_GetPCLK1Freq
 .text.HAL_RCCEx_PeriphCLKConfig
                0x000000000800400c      0x3b4 Drivers/STM32G0xx_HAL_Driver/Src/stm32g0xx_hal_rcc_ex.o
                0x000000000800400c                HAL_RCCEx_PeriphCLKConfig
 .text.HAL_TIM_PWM_Init
                0x00000000080043c0       0xb0 Drivers/STM32G0xx_HAL_Driver/Src/stm32g0xx_hal_tim.o
                0x00000000080043c0                HAL_TIM_PWM_Init
 .text.HAL_TIM_PWM_Start_DMA
                0x0000000008004470      0x3cc Drivers/STM32G0xx_HAL_Driver/Src/stm32g0xx_hal_tim.o
                0x0000000008004470                HAL_TIM_PWM_Start_DMA
 .text.HAL_TIM_PWM_Stop_DMA
                0x000000000800483c      0x1b0 Drivers/STM32G0xx_HAL_Driver/Src/stm32g0xx_hal_tim.o
                0x000000000800483c                HAL_TIM_PWM_Stop_DMA
 .text.HAL_TIM_PWM_ConfigChannel
                0x00000000080049ec      0x1ec Drivers/STM32G0xx_HAL_Driver/Src/stm32g0xx_hal_tim.o
                0x00000000080049ec                HAL_TIM_PWM_ConfigChannel
 .text.HAL_TIM_PWM_PulseFinishedHalfCpltCallback
                0x0000000008004bd8       0x10 Drivers/STM32G0xx_HAL_Driver/Src/stm32g0xx_hal_tim.o
                0x0000000008004bd8                HAL_TIM_PWM_PulseFinishedHalfCpltCallback
 .text.HAL_TIM_ErrorCallback
                0x0000000008004be8       0x10 Drivers/STM32G0xx_HAL_Driver/Src/stm32g0xx_hal_tim.o
                0x0000000008004be8                HAL_TIM_ErrorCallback
 .text.TIM_DMAError
                0x0000000008004bf8       0x94 Drivers/STM32G0xx_HAL_Driver/Src/stm32g0xx_hal_tim.o
                0x0000000008004bf8                TIM_DMAError
 .text.TIM_DMADelayPulseCplt
                0x0000000008004c8c       0xaa Drivers/STM32G0xx_HAL_Driver/Src/stm32g0xx_hal_tim.o
 .text.TIM_DMADelayPulseHalfCplt
                0x0000000008004d36       0x6a Drivers/STM32G0xx_HAL_Driver/Src/stm32g0xx_hal_tim.o
                0x0000000008004d36                TIM_DMADelayPulseHalfCplt
 .text.TIM_Base_SetConfig
                0x0000000008004da0      0x100 Drivers/STM32G0xx_HAL_Driver/Src/stm32g0xx_hal_tim.o
                0x0000000008004da0                TIM_Base_SetConfig
 .text.TIM_OC1_SetConfig
                0x0000000008004ea0      0x114 Drivers/STM32G0xx_HAL_Driver/Src/stm32g0xx_hal_tim.o
 .text.TIM_OC2_SetConfig
                0x0000000008004fb4      0x108 Drivers/STM32G0xx_HAL_Driver/Src/stm32g0xx_hal_tim.o
                0x0000000008004fb4                TIM_OC2_SetConfig
 .text.TIM_OC3_SetConfig
                0x00000000080050bc      0x110 Drivers/STM32G0xx_HAL_Driver/Src/stm32g0xx_hal_tim.o
 .text.TIM_OC4_SetConfig
                0x00000000080051cc       0xd4 Drivers/STM32G0xx_HAL_Driver/Src/stm32g0xx_hal_tim.o
 .text.TIM_OC5_SetConfig
                0x00000000080052a0       0xc0 Drivers/STM32G0xx_HAL_Driver/Src/stm32g0xx_hal_tim.o
 .text.TIM_OC6_SetConfig
                0x0000000008005360       0xc8 Drivers/STM32G0xx_HAL_Driver/Src/stm32g0xx_hal_tim.o
 .text.TIM_CCxChannelCmd
                0x0000000008005428       0x46 Drivers/STM32G0xx_HAL_Driver/Src/stm32g0xx_hal_tim.o
                0x0000000008005428                TIM_CCxChannelCmd
 *fill*         0x000000000800546e        0x2 
 .text.HAL_TIMEx_MasterConfigSynchronization
                0x0000000008005470       0xdc Drivers/STM32G0xx_HAL_Driver/Src/stm32g0xx_hal_tim_ex.o
                0x0000000008005470                HAL_TIMEx_MasterConfigSynchronization
 .text.HAL_TIMEx_ConfigBreakDeadTime
                0x000000000800554c      0x14c Drivers/STM32G0xx_HAL_Driver/Src/stm32g0xx_hal_tim_ex.o
                0x000000000800554c                HAL_TIMEx_ConfigBreakDeadTime
 .text.HAL_UART_Init
                0x0000000008005698       0xac Drivers/STM32G0xx_HAL_Driver/Src/stm32g0xx_hal_uart.o
                0x0000000008005698                HAL_UART_Init
 .text.HAL_UART_Transmit
                0x0000000008005744      0x156 Drivers/STM32G0xx_HAL_Driver/Src/stm32g0xx_hal_uart.o
                0x0000000008005744                HAL_UART_Transmit
 *fill*         0x000000000800589a        0x2 
 .text.HAL_UART_Receive
                0x000000000800589c      0x1e4 Drivers/STM32G0xx_HAL_Driver/Src/stm32g0xx_hal_uart.o
                0x000000000800589c                HAL_UART_Receive
 .text.HAL_UART_Receive_IT
                0x0000000008005a80       0x82 Drivers/STM32G0xx_HAL_Driver/Src/stm32g0xx_hal_uart.o
                0x0000000008005a80                HAL_UART_Receive_IT
 *fill*         0x0000000008005b02        0x2 
 .text.HAL_UART_Abort_IT
                0x0000000008005b04      0x1b4 Drivers/STM32G0xx_HAL_Driver/Src/stm32g0xx_hal_uart.o
                0x0000000008005b04                HAL_UART_Abort_IT
 .text.HAL_UART_IRQHandler
                0x0000000008005cb8      0x478 Drivers/STM32G0xx_HAL_Driver/Src/stm32g0xx_hal_uart.o
                0x0000000008005cb8                HAL_UART_IRQHandler
 .text.HAL_UART_TxCpltCallback
                0x0000000008006130       0x10 Drivers/STM32G0xx_HAL_Driver/Src/stm32g0xx_hal_uart.o
                0x0000000008006130                HAL_UART_TxCpltCallback
 .text.HAL_UART_ErrorCallback
                0x0000000008006140       0x10 Drivers/STM32G0xx_HAL_Driver/Src/stm32g0xx_hal_uart.o
                0x0000000008006140                HAL_UART_ErrorCallback
 .text.HAL_UART_AbortCpltCallback
                0x0000000008006150       0x10 Drivers/STM32G0xx_HAL_Driver/Src/stm32g0xx_hal_uart.o
                0x0000000008006150                HAL_UART_AbortCpltCallback
 .text.HAL_UARTEx_RxEventCallback
                0x0000000008006160       0x16 Drivers/STM32G0xx_HAL_Driver/Src/stm32g0xx_hal_uart.o
                0x0000000008006160                HAL_UARTEx_RxEventCallback
 *fill*         0x0000000008006176        0x2 
 .text.UART_SetConfig
                0x0000000008006178      0x5c0 Drivers/STM32G0xx_HAL_Driver/Src/stm32g0xx_hal_uart.o
                0x0000000008006178                UART_SetConfig
 .text.UART_AdvFeatureConfig
                0x0000000008006738      0x168 Drivers/STM32G0xx_HAL_Driver/Src/stm32g0xx_hal_uart.o
                0x0000000008006738                UART_AdvFeatureConfig
 .text.UART_CheckIdleState
                0x00000000080068a0       0x98 Drivers/STM32G0xx_HAL_Driver/Src/stm32g0xx_hal_uart.o
                0x00000000080068a0                UART_CheckIdleState
 .text.UART_WaitOnFlagUntilTimeout
                0x0000000008006938      0x104 Drivers/STM32G0xx_HAL_Driver/Src/stm32g0xx_hal_uart.o
                0x0000000008006938                UART_WaitOnFlagUntilTimeout
 .text.UART_Start_Receive_IT
                0x0000000008006a3c      0x190 Drivers/STM32G0xx_HAL_Driver/Src/stm32g0xx_hal_uart.o
                0x0000000008006a3c                UART_Start_Receive_IT
 .text.UART_EndRxTransfer
                0x0000000008006bcc       0x64 Drivers/STM32G0xx_HAL_Driver/Src/stm32g0xx_hal_uart.o
 .text.UART_DMAAbortOnError
                0x0000000008006c30       0x2e Drivers/STM32G0xx_HAL_Driver/Src/stm32g0xx_hal_uart.o
 .text.UART_DMATxAbortCallback
                0x0000000008006c5e       0x8c Drivers/STM32G0xx_HAL_Driver/Src/stm32g0xx_hal_uart.o
 .text.UART_DMARxAbortCallback
                0x0000000008006cea       0x80 Drivers/STM32G0xx_HAL_Driver/Src/stm32g0xx_hal_uart.o
 .text.UART_EndTransmit_IT
                0x0000000008006d6a       0x36 Drivers/STM32G0xx_HAL_Driver/Src/stm32g0xx_hal_uart.o
 .text.UART_RxISR_8BIT
                0x0000000008006da0       0xf0 Drivers/STM32G0xx_HAL_Driver/Src/stm32g0xx_hal_uart.o
 .text.UART_RxISR_16BIT
                0x0000000008006e90       0xf0 Drivers/STM32G0xx_HAL_Driver/Src/stm32g0xx_hal_uart.o
 .text.UART_RxISR_8BIT_FIFOEN
                0x0000000008006f80      0x224 Drivers/STM32G0xx_HAL_Driver/Src/stm32g0xx_hal_uart.o
 .text.UART_RxISR_16BIT_FIFOEN
                0x00000000080071a4      0x224 Drivers/STM32G0xx_HAL_Driver/Src/stm32g0xx_hal_uart.o
 .text.HAL_UARTEx_WakeupCallback
                0x00000000080073c8       0x10 Drivers/STM32G0xx_HAL_Driver/Src/stm32g0xx_hal_uart_ex.o
                0x00000000080073c8                HAL_UARTEx_WakeupCallback
 .text.HAL_UARTEx_RxFifoFullCallback
                0x00000000080073d8       0x10 Drivers/STM32G0xx_HAL_Driver/Src/stm32g0xx_hal_uart_ex.o
                0x00000000080073d8                HAL_UARTEx_RxFifoFullCallback
 .text.HAL_UARTEx_TxFifoEmptyCallback
                0x00000000080073e8       0x10 Drivers/STM32G0xx_HAL_Driver/Src/stm32g0xx_hal_uart_ex.o
                0x00000000080073e8                HAL_UARTEx_TxFifoEmptyCallback
 .text.HAL_UARTEx_DisableFifoMode
                0x00000000080073f8       0x74 Drivers/STM32G0xx_HAL_Driver/Src/stm32g0xx_hal_uart_ex.o
                0x00000000080073f8                HAL_UARTEx_DisableFifoMode
 .text.HAL_UARTEx_SetTxFifoThreshold
                0x000000000800746c       0x7e Drivers/STM32G0xx_HAL_Driver/Src/stm32g0xx_hal_uart_ex.o
                0x000000000800746c                HAL_UARTEx_SetTxFifoThreshold
 *fill*         0x00000000080074ea        0x2 
 .text.HAL_UARTEx_SetRxFifoThreshold
                0x00000000080074ec       0x84 Drivers/STM32G0xx_HAL_Driver/Src/stm32g0xx_hal_uart_ex.o
                0x00000000080074ec                HAL_UARTEx_SetRxFifoThreshold
 .text.UARTEx_SetNbDataToProcess
                0x0000000008007570       0xd4 Drivers/STM32G0xx_HAL_Driver/Src/stm32g0xx_hal_uart_ex.o
 .text.__libc_init_array
                0x0000000008007644       0x48 /Applications/STM32CubeIDE.app/Contents/Eclipse/plugins/com.st.stm32cube.ide.mcu.externaltools.gnu-tools-for-stm32.7-2018-q2-update.macos64_1.5.0.202011040924/tools/bin/../lib/gcc/arm-none-eabi/7.3.1/../../../../arm-none-eabi/lib/thumb/v6-m/libc_nano.a(lib_a-init.o)
                0x0000000008007644                __libc_init_array
 .text.memset   0x000000000800768c       0x10 /Applications/STM32CubeIDE.app/Contents/Eclipse/plugins/com.st.stm32cube.ide.mcu.externaltools.gnu-tools-for-stm32.7-2018-q2-update.macos64_1.5.0.202011040924/tools/bin/../lib/gcc/arm-none-eabi/7.3.1/../../../../arm-none-eabi/lib/thumb/v6-m/libc_nano.a(lib_a-memset.o)
                0x000000000800768c                memset
 *(.glue_7)
 .glue_7        0x000000000800769c        0x0 linker stubs
 *(.glue_7t)
 .glue_7t       0x000000000800769c        0x0 linker stubs
 *(.eh_frame)
 .eh_frame      0x000000000800769c        0x0 /Applications/STM32CubeIDE.app/Contents/Eclipse/plugins/com.st.stm32cube.ide.mcu.externaltools.gnu-tools-for-stm32.7-2018-q2-update.macos64_1.5.0.202011040924/tools/bin/../lib/gcc/arm-none-eabi/7.3.1/thumb/v6-m/crtbegin.o
 *(.init)
 .init          0x000000000800769c        0x4 /Applications/STM32CubeIDE.app/Contents/Eclipse/plugins/com.st.stm32cube.ide.mcu.externaltools.gnu-tools-for-stm32.7-2018-q2-update.macos64_1.5.0.202011040924/tools/bin/../lib/gcc/arm-none-eabi/7.3.1/thumb/v6-m/crti.o
                0x000000000800769c                _init
 .init          0x00000000080076a0        0x8 /Applications/STM32CubeIDE.app/Contents/Eclipse/plugins/com.st.stm32cube.ide.mcu.externaltools.gnu-tools-for-stm32.7-2018-q2-update.macos64_1.5.0.202011040924/tools/bin/../lib/gcc/arm-none-eabi/7.3.1/thumb/v6-m/crtn.o
 *(.fini)
 .fini          0x00000000080076a8        0x4 /Applications/STM32CubeIDE.app/Contents/Eclipse/plugins/com.st.stm32cube.ide.mcu.externaltools.gnu-tools-for-stm32.7-2018-q2-update.macos64_1.5.0.202011040924/tools/bin/../lib/gcc/arm-none-eabi/7.3.1/thumb/v6-m/crti.o
                0x00000000080076a8                _fini
 .fini          0x00000000080076ac        0x8 /Applications/STM32CubeIDE.app/Contents/Eclipse/plugins/com.st.stm32cube.ide.mcu.externaltools.gnu-tools-for-stm32.7-2018-q2-update.macos64_1.5.0.202011040924/tools/bin/../lib/gcc/arm-none-eabi/7.3.1/thumb/v6-m/crtn.o
                0x00000000080076b4                . = ALIGN (0x4)
                0x00000000080076b4                _etext = .

.vfp11_veneer   0x00000000080076b4        0x0
 .vfp11_veneer  0x00000000080076b4        0x0 linker stubs

.v4_bx          0x00000000080076b4        0x0
 .v4_bx         0x00000000080076b4        0x0 linker stubs

.iplt           0x00000000080076b4        0x0
 .iplt          0x00000000080076b4        0x0 /Applications/STM32CubeIDE.app/Contents/Eclipse/plugins/com.st.stm32cube.ide.mcu.externaltools.gnu-tools-for-stm32.7-2018-q2-update.macos64_1.5.0.202011040924/tools/bin/../lib/gcc/arm-none-eabi/7.3.1/thumb/v6-m/crtbegin.o

.rodata         0x00000000080076b4       0xdc
                0x00000000080076b4                . = ALIGN (0x4)
 *(.rodata)
 .rodata        0x00000000080076b4       0x10 Drivers/STM32G0xx_HAL_Driver/Src/stm32g0xx_hal_uart_ex.o
 *(.rodata*)
 .rodata.AHBPrescTable
                0x00000000080076c4       0x40 Core/Src/system_stm32g0xx.o
                0x00000000080076c4                AHBPrescTable
 .rodata.APBPrescTable
                0x0000000008007704       0x20 Core/Src/system_stm32g0xx.o
                0x0000000008007704                APBPrescTable
 .rodata.HAL_TIM_PWM_ConfigChannel
                0x0000000008007724       0x54 Drivers/STM32G0xx_HAL_Driver/Src/stm32g0xx_hal_tim.o
 .rodata.UARTPrescTable
                0x0000000008007778       0x18 Drivers/STM32G0xx_HAL_Driver/Src/stm32g0xx_hal_uart.o
                0x0000000008007778                UARTPrescTable
                0x0000000008007790                . = ALIGN (0x4)

.ARM.extab      0x0000000008007790        0x0
                0x0000000008007790                . = ALIGN (0x4)
 *(.ARM.extab* .gnu.linkonce.armextab.*)
                0x0000000008007790                . = ALIGN (0x4)

.ARM            0x0000000008007790        0x8
                0x0000000008007790                . = ALIGN (0x4)
                0x0000000008007790                __exidx_start = .
 *(.ARM.exidx*)
 .ARM.exidx     0x0000000008007790        0x8 /Applications/STM32CubeIDE.app/Contents/Eclipse/plugins/com.st.stm32cube.ide.mcu.externaltools.gnu-tools-for-stm32.7-2018-q2-update.macos64_1.5.0.202011040924/tools/bin/../lib/gcc/arm-none-eabi/7.3.1/thumb/v6-m/libgcc.a(_udivmoddi4.o)
                0x0000000008007798                __exidx_end = .
                0x0000000008007798                . = ALIGN (0x4)

.rel.dyn        0x0000000008007798        0x0
 .rel.iplt      0x0000000008007798        0x0 /Applications/STM32CubeIDE.app/Contents/Eclipse/plugins/com.st.stm32cube.ide.mcu.externaltools.gnu-tools-for-stm32.7-2018-q2-update.macos64_1.5.0.202011040924/tools/bin/../lib/gcc/arm-none-eabi/7.3.1/thumb/v6-m/crtbegin.o

.preinit_array  0x0000000008007798        0x0
                0x0000000008007798                . = ALIGN (0x4)
                0x0000000008007798                PROVIDE (__preinit_array_start = .)
 *(.preinit_array*)
                0x0000000008007798                PROVIDE (__preinit_array_end = .)
                0x0000000008007798                . = ALIGN (0x4)

.init_array     0x0000000008007798        0x4
                0x0000000008007798                . = ALIGN (0x4)
                0x0000000008007798                PROVIDE (__init_array_start = .)
 *(SORT_BY_NAME(.init_array.*))
 *(.init_array*)
 .init_array    0x0000000008007798        0x4 /Applications/STM32CubeIDE.app/Contents/Eclipse/plugins/com.st.stm32cube.ide.mcu.externaltools.gnu-tools-for-stm32.7-2018-q2-update.macos64_1.5.0.202011040924/tools/bin/../lib/gcc/arm-none-eabi/7.3.1/thumb/v6-m/crtbegin.o
                0x000000000800779c                PROVIDE (__init_array_end = .)
                0x000000000800779c                . = ALIGN (0x4)

.fini_array     0x000000000800779c        0x4
                0x000000000800779c                . = ALIGN (0x4)
                [!provide]                        PROVIDE (__fini_array_start = .)
 *(SORT_BY_NAME(.fini_array.*))
 *(.fini_array*)
 .fini_array    0x000000000800779c        0x4 /Applications/STM32CubeIDE.app/Contents/Eclipse/plugins/com.st.stm32cube.ide.mcu.externaltools.gnu-tools-for-stm32.7-2018-q2-update.macos64_1.5.0.202011040924/tools/bin/../lib/gcc/arm-none-eabi/7.3.1/thumb/v6-m/crtbegin.o
                [!provide]                        PROVIDE (__fini_array_end = .)
                0x00000000080077a0                . = ALIGN (0x4)
                0x00000000080077a0                _sidata = LOADADDR (.data)

.data           0x0000000020000000       0x34 load address 0x00000000080077a0
                0x0000000020000000                . = ALIGN (0x4)
                0x0000000020000000                _sdata = .
 *(.data)
 *(.data*)
 .data.ADC_channels
                0x0000000020000000       0x28 Core/Src/sensors.o
                0x0000000020000000                ADC_channels
 .data.SystemCoreClock
                0x0000000020000028        0x4 Core/Src/system_stm32g0xx.o
                0x0000000020000028                SystemCoreClock
 .data.uwTickPrio
                0x000000002000002c        0x4 Drivers/STM32G0xx_HAL_Driver/Src/stm32g0xx_hal.o
                0x000000002000002c                uwTickPrio
 .data.uwTickFreq
                0x0000000020000030        0x1 Drivers/STM32G0xx_HAL_Driver/Src/stm32g0xx_hal.o
                0x0000000020000030                uwTickFreq
 *(.RamFunc)
 *(.RamFunc*)
                0x0000000020000034                . = ALIGN (0x4)
 *fill*         0x0000000020000031        0x3 
                0x0000000020000034                _edata = .

.igot.plt       0x0000000020000034        0x0 load address 0x00000000080077d4
 .igot.plt      0x0000000020000034        0x0 /Applications/STM32CubeIDE.app/Contents/Eclipse/plugins/com.st.stm32cube.ide.mcu.externaltools.gnu-tools-for-stm32.7-2018-q2-update.macos64_1.5.0.202011040924/tools/bin/../lib/gcc/arm-none-eabi/7.3.1/thumb/v6-m/crtbegin.o
                0x0000000020000034                . = ALIGN (0x4)

.bss            0x0000000020000034     0x1dc4 load address 0x00000000080077d4
                0x0000000020000034                _sbss = .
                0x0000000020000034                __bss_start__ = _sbss
 *(.bss)
 .bss           0x0000000020000034       0x1c /Applications/STM32CubeIDE.app/Contents/Eclipse/plugins/com.st.stm32cube.ide.mcu.externaltools.gnu-tools-for-stm32.7-2018-q2-update.macos64_1.5.0.202011040924/tools/bin/../lib/gcc/arm-none-eabi/7.3.1/thumb/v6-m/crtbegin.o
 *(.bss*)
 *(COMMON)
 COMMON         0x0000000020000050     0x19e8 Core/Src/WS2812.o
                0x0000000020000050                LED_data
                0x00000000200001d0                dataSentFlag
                0x00000000200001d4                PWM_data
 COMMON         0x0000000020001a38      0x2e4 Core/Src/main.o
                0x0000000020001a38                huart3
                0x0000000020001ac8                hdma_tim1_ch2
                0x0000000020001b24                hdma_usart3_tx
                0x0000000020001b80                hdma_usart1_tx
                0x0000000020001bdc                hadc1
                0x0000000020001c40                huart1
                0x0000000020001cd0                htim1
 COMMON         0x0000000020001d1c       0x2c Core/Src/sensors.o
                0x0000000020001d1c                sensor_refs
                0x0000000020001d30                complete
                0x0000000020001d34                prev_readings
 COMMON         0x0000000020001d48       0x31 Core/Src/uart.o
                0x0000000020001d48                cmd_ready
                0x0000000020001d49                led_state
                0x0000000020001d4a                update_leds
                0x0000000020001d4b                dfp_cmd
                0x0000000020001d4c                display_sense
                0x0000000020001d4d                sense_state
                0x0000000020001d50                sensor_buf
                0x0000000020001d78                cmd
 *fill*         0x0000000020001d79        0x3 
 COMMON         0x0000000020001d7c       0x78 Core/Src/utils.o
                0x0000000020001d7c                sensor_activations
                0x0000000020001da4                max_readings
                0x0000000020001dcc                min_readings
 COMMON         0x0000000020001df4        0x4 Drivers/STM32G0xx_HAL_Driver/Src/stm32g0xx_hal.o
                0x0000000020001df4                uwTick
                0x0000000020001df8                . = ALIGN (0x4)
                0x0000000020001df8                _ebss = .
                0x0000000020001df8                __bss_end__ = _ebss

._user_heap_stack
                0x0000000020001df8      0x600 load address 0x00000000080077d4
                0x0000000020001df8                . = ALIGN (0x8)
                [!provide]                        PROVIDE (end = .)
                0x0000000020001df8                PROVIDE (_end = .)
                0x0000000020001ff8                . = (. + _Min_Heap_Size)
 *fill*         0x0000000020001df8      0x200 
                0x00000000200023f8                . = (. + _Min_Stack_Size)
 *fill*         0x0000000020001ff8      0x400 
                0x00000000200023f8                . = ALIGN (0x8)

/DISCARD/
 libc.a(*)
 libm.a(*)
 libgcc.a(*)

.ARM.attributes
                0x0000000000000000       0x28
 *(.ARM.attributes)
 .ARM.attributes
                0x0000000000000000       0x1e /Applications/STM32CubeIDE.app/Contents/Eclipse/plugins/com.st.stm32cube.ide.mcu.externaltools.gnu-tools-for-stm32.7-2018-q2-update.macos64_1.5.0.202011040924/tools/bin/../lib/gcc/arm-none-eabi/7.3.1/thumb/v6-m/crti.o
 .ARM.attributes
                0x000000000000001e       0x2c /Applications/STM32CubeIDE.app/Contents/Eclipse/plugins/com.st.stm32cube.ide.mcu.externaltools.gnu-tools-for-stm32.7-2018-q2-update.macos64_1.5.0.202011040924/tools/bin/../lib/gcc/arm-none-eabi/7.3.1/thumb/v6-m/crtbegin.o
 .ARM.attributes
                0x000000000000004a       0x32 Core/Src/WS2812.o
 .ARM.attributes
                0x000000000000007c       0x32 Core/Src/main.o
 .ARM.attributes
                0x00000000000000ae       0x32 Core/Src/sensors.o
 .ARM.attributes
                0x00000000000000e0       0x32 Core/Src/stm32g0xx_hal_msp.o
 .ARM.attributes
                0x0000000000000112       0x32 Core/Src/stm32g0xx_it.o
 .ARM.attributes
                0x0000000000000144       0x32 Core/Src/system_stm32g0xx.o
 .ARM.attributes
                0x0000000000000176       0x32 Core/Src/uart.o
 .ARM.attributes
                0x00000000000001a8       0x32 Core/Src/utils.o
 .ARM.attributes
                0x00000000000001da       0x22 Core/Startup/startup_stm32g081kbtx.o
 .ARM.attributes
                0x00000000000001fc       0x32 Drivers/STM32G0xx_HAL_Driver/Src/stm32g0xx_hal.o
 .ARM.attributes
                0x000000000000022e       0x32 Drivers/STM32G0xx_HAL_Driver/Src/stm32g0xx_hal_adc.o
 .ARM.attributes
                0x0000000000000260       0x32 Drivers/STM32G0xx_HAL_Driver/Src/stm32g0xx_hal_cortex.o
 .ARM.attributes
                0x0000000000000292       0x32 Drivers/STM32G0xx_HAL_Driver/Src/stm32g0xx_hal_dma.o
 .ARM.attributes
                0x00000000000002c4       0x32 Drivers/STM32G0xx_HAL_Driver/Src/stm32g0xx_hal_gpio.o
 .ARM.attributes
                0x00000000000002f6       0x32 Drivers/STM32G0xx_HAL_Driver/Src/stm32g0xx_hal_pwr_ex.o
 .ARM.attributes
                0x0000000000000328       0x32 Drivers/STM32G0xx_HAL_Driver/Src/stm32g0xx_hal_rcc.o
 .ARM.attributes
                0x000000000000035a       0x32 Drivers/STM32G0xx_HAL_Driver/Src/stm32g0xx_hal_rcc_ex.o
 .ARM.attributes
                0x000000000000038c       0x32 Drivers/STM32G0xx_HAL_Driver/Src/stm32g0xx_hal_tim.o
 .ARM.attributes
                0x00000000000003be       0x32 Drivers/STM32G0xx_HAL_Driver/Src/stm32g0xx_hal_tim_ex.o
 .ARM.attributes
                0x00000000000003f0       0x32 Drivers/STM32G0xx_HAL_Driver/Src/stm32g0xx_hal_uart.o
 .ARM.attributes
                0x0000000000000422       0x32 Drivers/STM32G0xx_HAL_Driver/Src/stm32g0xx_hal_uart_ex.o
 .ARM.attributes
                0x0000000000000454       0x2c /Applications/STM32CubeIDE.app/Contents/Eclipse/plugins/com.st.stm32cube.ide.mcu.externaltools.gnu-tools-for-stm32.7-2018-q2-update.macos64_1.5.0.202011040924/tools/bin/../lib/gcc/arm-none-eabi/7.3.1/../../../../arm-none-eabi/lib/thumb/v6-m/libc_nano.a(lib_a-init.o)
 .ARM.attributes
                0x0000000000000480       0x2c /Applications/STM32CubeIDE.app/Contents/Eclipse/plugins/com.st.stm32cube.ide.mcu.externaltools.gnu-tools-for-stm32.7-2018-q2-update.macos64_1.5.0.202011040924/tools/bin/../lib/gcc/arm-none-eabi/7.3.1/../../../../arm-none-eabi/lib/thumb/v6-m/libc_nano.a(lib_a-memset.o)
 .ARM.attributes
                0x00000000000004ac       0x1e /Applications/STM32CubeIDE.app/Contents/Eclipse/plugins/com.st.stm32cube.ide.mcu.externaltools.gnu-tools-for-stm32.7-2018-q2-update.macos64_1.5.0.202011040924/tools/bin/../lib/gcc/arm-none-eabi/7.3.1/thumb/v6-m/libgcc.a(_udivsi3.o)
 .ARM.attributes
                0x00000000000004ca       0x1e /Applications/STM32CubeIDE.app/Contents/Eclipse/plugins/com.st.stm32cube.ide.mcu.externaltools.gnu-tools-for-stm32.7-2018-q2-update.macos64_1.5.0.202011040924/tools/bin/../lib/gcc/arm-none-eabi/7.3.1/thumb/v6-m/libgcc.a(_divsi3.o)
 .ARM.attributes
                0x00000000000004e8       0x1e /Applications/STM32CubeIDE.app/Contents/Eclipse/plugins/com.st.stm32cube.ide.mcu.externaltools.gnu-tools-for-stm32.7-2018-q2-update.macos64_1.5.0.202011040924/tools/bin/../lib/gcc/arm-none-eabi/7.3.1/thumb/v6-m/libgcc.a(_dvmd_tls.o)
 .ARM.attributes
                0x0000000000000506       0x1e /Applications/STM32CubeIDE.app/Contents/Eclipse/plugins/com.st.stm32cube.ide.mcu.externaltools.gnu-tools-for-stm32.7-2018-q2-update.macos64_1.5.0.202011040924/tools/bin/../lib/gcc/arm-none-eabi/7.3.1/thumb/v6-m/libgcc.a(_aeabi_uldivmod.o)
 .ARM.attributes
                0x0000000000000524       0x2c /Applications/STM32CubeIDE.app/Contents/Eclipse/plugins/com.st.stm32cube.ide.mcu.externaltools.gnu-tools-for-stm32.7-2018-q2-update.macos64_1.5.0.202011040924/tools/bin/../lib/gcc/arm-none-eabi/7.3.1/thumb/v6-m/libgcc.a(_udivmoddi4.o)
 .ARM.attributes
                0x0000000000000550       0x1e /Applications/STM32CubeIDE.app/Contents/Eclipse/plugins/com.st.stm32cube.ide.mcu.externaltools.gnu-tools-for-stm32.7-2018-q2-update.macos64_1.5.0.202011040924/tools/bin/../lib/gcc/arm-none-eabi/7.3.1/thumb/v6-m/libgcc.a(_clzdi2.o)
 .ARM.attributes
                0x000000000000056e       0x1e /Applications/STM32CubeIDE.app/Contents/Eclipse/plugins/com.st.stm32cube.ide.mcu.externaltools.gnu-tools-for-stm32.7-2018-q2-update.macos64_1.5.0.202011040924/tools/bin/../lib/gcc/arm-none-eabi/7.3.1/thumb/v6-m/libgcc.a(_clzsi2.o)
 .ARM.attributes
                0x000000000000058c       0x1e /Applications/STM32CubeIDE.app/Contents/Eclipse/plugins/com.st.stm32cube.ide.mcu.externaltools.gnu-tools-for-stm32.7-2018-q2-update.macos64_1.5.0.202011040924/tools/bin/../lib/gcc/arm-none-eabi/7.3.1/thumb/v6-m/crtn.o
OUTPUT(Receiver_Hub.elf elf32-littlearm)

.debug_info     0x0000000000000000    0x132d4
 .debug_info    0x0000000000000000     0x1287 Core/Src/WS2812.o
 .debug_info    0x0000000000001287     0x1849 Core/Src/main.o
 .debug_info    0x0000000000002ad0      0x9a7 Core/Src/sensors.o
 .debug_info    0x0000000000003477     0x149a Core/Src/stm32g0xx_hal_msp.o
 .debug_info    0x0000000000004911      0x8f9 Core/Src/stm32g0xx_it.o
 .debug_info    0x000000000000520a      0x4ee Core/Src/system_stm32g0xx.o
 .debug_info    0x00000000000056f8      0xc85 Core/Src/uart.o
 .debug_info    0x000000000000637d      0xc71 Core/Src/utils.o
 .debug_info    0x0000000000006fee       0x22 Core/Startup/startup_stm32g081kbtx.o
 .debug_info    0x0000000000007010      0xae0 Drivers/STM32G0xx_HAL_Driver/Src/stm32g0xx_hal.o
 .debug_info    0x0000000000007af0     0x1553 Drivers/STM32G0xx_HAL_Driver/Src/stm32g0xx_hal_adc.o
 .debug_info    0x0000000000009043      0xa1b Drivers/STM32G0xx_HAL_Driver/Src/stm32g0xx_hal_cortex.o
 .debug_info    0x0000000000009a5e      0x9a2 Drivers/STM32G0xx_HAL_Driver/Src/stm32g0xx_hal_dma.o
 .debug_info    0x000000000000a400      0x732 Drivers/STM32G0xx_HAL_Driver/Src/stm32g0xx_hal_gpio.o
 .debug_info    0x000000000000ab32      0x903 Drivers/STM32G0xx_HAL_Driver/Src/stm32g0xx_hal_pwr_ex.o
 .debug_info    0x000000000000b435      0xb55 Drivers/STM32G0xx_HAL_Driver/Src/stm32g0xx_hal_rcc.o
 .debug_info    0x000000000000bf8a      0x8e3 Drivers/STM32G0xx_HAL_Driver/Src/stm32g0xx_hal_rcc_ex.o
 .debug_info    0x000000000000c86d     0x2a94 Drivers/STM32G0xx_HAL_Driver/Src/stm32g0xx_hal_tim.o
 .debug_info    0x000000000000f301     0x17b2 Drivers/STM32G0xx_HAL_Driver/Src/stm32g0xx_hal_tim_ex.o
 .debug_info    0x0000000000010ab3     0x1aa0 Drivers/STM32G0xx_HAL_Driver/Src/stm32g0xx_hal_uart.o
 .debug_info    0x0000000000012553      0xd81 Drivers/STM32G0xx_HAL_Driver/Src/stm32g0xx_hal_uart_ex.o

.debug_abbrev   0x0000000000000000     0x2997
 .debug_abbrev  0x0000000000000000      0x27e Core/Src/WS2812.o
 .debug_abbrev  0x000000000000027e      0x24f Core/Src/main.o
 .debug_abbrev  0x00000000000004cd      0x1e6 Core/Src/sensors.o
 .debug_abbrev  0x00000000000006b3      0x1de Core/Src/stm32g0xx_hal_msp.o
 .debug_abbrev  0x0000000000000891      0x167 Core/Src/stm32g0xx_it.o
 .debug_abbrev  0x00000000000009f8      0x147 Core/Src/system_stm32g0xx.o
 .debug_abbrev  0x0000000000000b3f      0x26f Core/Src/uart.o
 .debug_abbrev  0x0000000000000dae      0x251 Core/Src/utils.o
 .debug_abbrev  0x0000000000000fff       0x12 Core/Startup/startup_stm32g081kbtx.o
 .debug_abbrev  0x0000000000001011      0x242 Drivers/STM32G0xx_HAL_Driver/Src/stm32g0xx_hal.o
 .debug_abbrev  0x0000000000001253      0x22a Drivers/STM32G0xx_HAL_Driver/Src/stm32g0xx_hal_adc.o
 .debug_abbrev  0x000000000000147d      0x28b Drivers/STM32G0xx_HAL_Driver/Src/stm32g0xx_hal_cortex.o
 .debug_abbrev  0x0000000000001708      0x200 Drivers/STM32G0xx_HAL_Driver/Src/stm32g0xx_hal_dma.o
 .debug_abbrev  0x0000000000001908      0x1b7 Drivers/STM32G0xx_HAL_Driver/Src/stm32g0xx_hal_gpio.o
 .debug_abbrev  0x0000000000001abf      0x217 Drivers/STM32G0xx_HAL_Driver/Src/stm32g0xx_hal_pwr_ex.o
 .debug_abbrev  0x0000000000001cd6      0x211 Drivers/STM32G0xx_HAL_Driver/Src/stm32g0xx_hal_rcc.o
 .debug_abbrev  0x0000000000001ee7      0x1d4 Drivers/STM32G0xx_HAL_Driver/Src/stm32g0xx_hal_rcc_ex.o
 .debug_abbrev  0x00000000000020bb      0x24e Drivers/STM32G0xx_HAL_Driver/Src/stm32g0xx_hal_tim.o
 .debug_abbrev  0x0000000000002309      0x245 Drivers/STM32G0xx_HAL_Driver/Src/stm32g0xx_hal_tim_ex.o
 .debug_abbrev  0x000000000000254e      0x240 Drivers/STM32G0xx_HAL_Driver/Src/stm32g0xx_hal_uart.o
 .debug_abbrev  0x000000000000278e      0x209 Drivers/STM32G0xx_HAL_Driver/Src/stm32g0xx_hal_uart_ex.o

.debug_aranges  0x0000000000000000     0x11a8
 .debug_aranges
                0x0000000000000000       0x40 Core/Src/WS2812.o
 .debug_aranges
                0x0000000000000040       0x80 Core/Src/main.o
 .debug_aranges
                0x00000000000000c0       0x40 Core/Src/sensors.o
 .debug_aranges
                0x0000000000000100       0x58 Core/Src/stm32g0xx_hal_msp.o
 .debug_aranges
                0x0000000000000158       0x60 Core/Src/stm32g0xx_it.o
 .debug_aranges
                0x00000000000001b8       0x28 Core/Src/system_stm32g0xx.o
 .debug_aranges
                0x00000000000001e0       0x70 Core/Src/uart.o
 .debug_aranges
                0x0000000000000250       0x38 Core/Src/utils.o
 .debug_aranges
                0x0000000000000288       0x28 Core/Startup/startup_stm32g081kbtx.o
 .debug_aranges
                0x00000000000002b0      0x120 Drivers/STM32G0xx_HAL_Driver/Src/stm32g0xx_hal.o
 .debug_aranges
                0x00000000000003d0      0x1e8 Drivers/STM32G0xx_HAL_Driver/Src/stm32g0xx_hal_adc.o
 .debug_aranges
                0x00000000000005b8       0xd8 Drivers/STM32G0xx_HAL_Driver/Src/stm32g0xx_hal_cortex.o
 .debug_aranges
                0x0000000000000690       0x90 Drivers/STM32G0xx_HAL_Driver/Src/stm32g0xx_hal_dma.o
 .debug_aranges
                0x0000000000000720       0x60 Drivers/STM32G0xx_HAL_Driver/Src/stm32g0xx_hal_gpio.o
 .debug_aranges
                0x0000000000000780       0xf0 Drivers/STM32G0xx_HAL_Driver/Src/stm32g0xx_hal_pwr_ex.o
 .debug_aranges
                0x0000000000000870       0x98 Drivers/STM32G0xx_HAL_Driver/Src/stm32g0xx_hal_rcc.o
 .debug_aranges
                0x0000000000000908       0x40 Drivers/STM32G0xx_HAL_Driver/Src/stm32g0xx_hal_rcc_ex.o
 .debug_aranges
                0x0000000000000948      0x3e0 Drivers/STM32G0xx_HAL_Driver/Src/stm32g0xx_hal_tim.o
 .debug_aranges
                0x0000000000000d28      0x198 Drivers/STM32G0xx_HAL_Driver/Src/stm32g0xx_hal_tim_ex.o
 .debug_aranges
                0x0000000000000ec0      0x248 Drivers/STM32G0xx_HAL_Driver/Src/stm32g0xx_hal_uart.o
 .debug_aranges
                0x0000000000001108       0xa0 Drivers/STM32G0xx_HAL_Driver/Src/stm32g0xx_hal_uart_ex.o

.debug_ranges   0x0000000000000000     0x1090
 .debug_ranges  0x0000000000000000       0x30 Core/Src/WS2812.o
 .debug_ranges  0x0000000000000030       0x70 Core/Src/main.o
 .debug_ranges  0x00000000000000a0       0x30 Core/Src/sensors.o
 .debug_ranges  0x00000000000000d0       0x48 Core/Src/stm32g0xx_hal_msp.o
 .debug_ranges  0x0000000000000118       0x50 Core/Src/stm32g0xx_it.o
 .debug_ranges  0x0000000000000168       0x18 Core/Src/system_stm32g0xx.o
 .debug_ranges  0x0000000000000180       0x60 Core/Src/uart.o
 .debug_ranges  0x00000000000001e0       0x28 Core/Src/utils.o
 .debug_ranges  0x0000000000000208       0x20 Core/Startup/startup_stm32g081kbtx.o
 .debug_ranges  0x0000000000000228      0x110 Drivers/STM32G0xx_HAL_Driver/Src/stm32g0xx_hal.o
 .debug_ranges  0x0000000000000338      0x1d8 Drivers/STM32G0xx_HAL_Driver/Src/stm32g0xx_hal_adc.o
 .debug_ranges  0x0000000000000510       0xc8 Drivers/STM32G0xx_HAL_Driver/Src/stm32g0xx_hal_cortex.o
 .debug_ranges  0x00000000000005d8       0x80 Drivers/STM32G0xx_HAL_Driver/Src/stm32g0xx_hal_dma.o
 .debug_ranges  0x0000000000000658       0x50 Drivers/STM32G0xx_HAL_Driver/Src/stm32g0xx_hal_gpio.o
 .debug_ranges  0x00000000000006a8       0xe0 Drivers/STM32G0xx_HAL_Driver/Src/stm32g0xx_hal_pwr_ex.o
 .debug_ranges  0x0000000000000788       0x88 Drivers/STM32G0xx_HAL_Driver/Src/stm32g0xx_hal_rcc.o
 .debug_ranges  0x0000000000000810       0x30 Drivers/STM32G0xx_HAL_Driver/Src/stm32g0xx_hal_rcc_ex.o
 .debug_ranges  0x0000000000000840      0x3d0 Drivers/STM32G0xx_HAL_Driver/Src/stm32g0xx_hal_tim.o
 .debug_ranges  0x0000000000000c10      0x188 Drivers/STM32G0xx_HAL_Driver/Src/stm32g0xx_hal_tim_ex.o
 .debug_ranges  0x0000000000000d98      0x268 Drivers/STM32G0xx_HAL_Driver/Src/stm32g0xx_hal_uart.o
 .debug_ranges  0x0000000000001000       0x90 Drivers/STM32G0xx_HAL_Driver/Src/stm32g0xx_hal_uart_ex.o

.debug_macro    0x0000000000000000    0x1a95f
 .debug_macro   0x0000000000000000      0x2bd Core/Src/WS2812.o
 .debug_macro   0x00000000000002bd      0xa48 Core/Src/WS2812.o
 .debug_macro   0x0000000000000d05      0x123 Core/Src/WS2812.o
 .debug_macro   0x0000000000000e28       0x2e Core/Src/WS2812.o
 .debug_macro   0x0000000000000e56       0x28 Core/Src/WS2812.o
 .debug_macro   0x0000000000000e7e       0x22 Core/Src/WS2812.o
 .debug_macro   0x0000000000000ea0       0x8e Core/Src/WS2812.o
 .debug_macro   0x0000000000000f2e       0x51 Core/Src/WS2812.o
 .debug_macro   0x0000000000000f7f       0xef Core/Src/WS2812.o
 .debug_macro   0x000000000000106e       0x6a Core/Src/WS2812.o
 .debug_macro   0x00000000000010d8      0x1df Core/Src/WS2812.o
 .debug_macro   0x00000000000012b7       0x1c Core/Src/WS2812.o
 .debug_macro   0x00000000000012d3       0x22 Core/Src/WS2812.o
 .debug_macro   0x00000000000012f5       0xd7 Core/Src/WS2812.o
 .debug_macro   0x00000000000013cc      0x4da Core/Src/WS2812.o
 .debug_macro   0x00000000000018a6      0x11f Core/Src/WS2812.o
 .debug_macro   0x00000000000019c5     0xca47 Core/Src/WS2812.o
 .debug_macro   0x000000000000e40c       0x3c Core/Src/WS2812.o
 .debug_macro   0x000000000000e448     0x34b5 Core/Src/WS2812.o
 .debug_macro   0x00000000000118fd      0x174 Core/Src/WS2812.o
 .debug_macro   0x0000000000011a71       0x5c Core/Src/WS2812.o
 .debug_macro   0x0000000000011acd      0x5b9 Core/Src/WS2812.o
 .debug_macro   0x0000000000012086     0x1129 Core/Src/WS2812.o
 .debug_macro   0x00000000000131af      0x2cd Core/Src/WS2812.o
 .debug_macro   0x000000000001347c      0x153 Core/Src/WS2812.o
 .debug_macro   0x00000000000135cf      0x1d8 Core/Src/WS2812.o
 .debug_macro   0x00000000000137a7      0x434 Core/Src/WS2812.o
 .debug_macro   0x0000000000013bdb      0x280 Core/Src/WS2812.o
 .debug_macro   0x0000000000013e5b      0x3b5 Core/Src/WS2812.o
 .debug_macro   0x0000000000014210      0x1b2 Core/Src/WS2812.o
 .debug_macro   0x00000000000143c2       0x43 Core/Src/WS2812.o
 .debug_macro   0x0000000000014405      0x1f1 Core/Src/WS2812.o
 .debug_macro   0x00000000000145f6      0x8b0 Core/Src/WS2812.o
 .debug_macro   0x0000000000014ea6      0x5c2 Core/Src/WS2812.o
 .debug_macro   0x0000000000015468       0x2e Core/Src/WS2812.o
 .debug_macro   0x0000000000015496      0x1d7 Core/Src/WS2812.o
 .debug_macro   0x000000000001566d      0x38a Core/Src/WS2812.o
 .debug_macro   0x00000000000159f7       0x28 Core/Src/WS2812.o
 .debug_macro   0x0000000000015a1f       0xe4 Core/Src/WS2812.o
 .debug_macro   0x0000000000015b03      0x125 Core/Src/WS2812.o
 .debug_macro   0x0000000000015c28      0x240 Core/Src/WS2812.o
 .debug_macro   0x0000000000015e68      0xaad Core/Src/WS2812.o
 .debug_macro   0x0000000000016915      0x1a1 Core/Src/WS2812.o
 .debug_macro   0x0000000000016ab6      0x67e Core/Src/WS2812.o
 .debug_macro   0x0000000000017134       0xa6 Core/Src/WS2812.o
 .debug_macro   0x00000000000171da      0x500 Core/Src/WS2812.o
 .debug_macro   0x00000000000176da       0x10 Core/Src/WS2812.o
 .debug_macro   0x00000000000176ea       0x34 Core/Src/WS2812.o
 .debug_macro   0x000000000001771e       0x46 Core/Src/WS2812.o
 .debug_macro   0x0000000000017764       0x18 Core/Src/WS2812.o
 .debug_macro   0x000000000001777c       0x3c Core/Src/WS2812.o
 .debug_macro   0x00000000000177b8       0x34 Core/Src/WS2812.o
 .debug_macro   0x00000000000177ec       0x52 Core/Src/WS2812.o
 .debug_macro   0x000000000001783e       0x1f Core/Src/WS2812.o
 .debug_macro   0x000000000001785d       0x43 Core/Src/WS2812.o
 .debug_macro   0x00000000000178a0       0x20 Core/Src/WS2812.o
 .debug_macro   0x00000000000178c0      0x1a3 Core/Src/WS2812.o
 .debug_macro   0x0000000000017a63      0x32a Core/Src/WS2812.o
 .debug_macro   0x0000000000017d8d      0x1e1 Core/Src/WS2812.o
 .debug_macro   0x0000000000017f6e      0x252 Core/Src/main.o
 .debug_macro   0x00000000000181c0       0x2e Core/Src/main.o
 .debug_macro   0x00000000000181ee       0x22 Core/Src/main.o
 .debug_macro   0x0000000000018210       0x1c Core/Src/main.o
 .debug_macro   0x000000000001822c      0x21f Core/Src/sensors.o
 .debug_macro   0x000000000001844b      0x216 Core/Src/stm32g0xx_hal_msp.o
 .debug_macro   0x0000000000018661      0x220 Core/Src/stm32g0xx_it.o
 .debug_macro   0x0000000000018881      0x20d Core/Src/system_stm32g0xx.o
 .debug_macro   0x0000000000018a8e      0x24e Core/Src/uart.o
 .debug_macro   0x0000000000018cdc      0x2ec Core/Src/utils.o
 .debug_macro   0x0000000000018fc8      0x22b Drivers/STM32G0xx_HAL_Driver/Src/stm32g0xx_hal.o
 .debug_macro   0x00000000000191f3      0x22b Drivers/STM32G0xx_HAL_Driver/Src/stm32g0xx_hal_adc.o
 .debug_macro   0x000000000001941e      0x207 Drivers/STM32G0xx_HAL_Driver/Src/stm32g0xx_hal_cortex.o
 .debug_macro   0x0000000000019625      0x207 Drivers/STM32G0xx_HAL_Driver/Src/stm32g0xx_hal_dma.o
 .debug_macro   0x000000000001982c      0x23f Drivers/STM32G0xx_HAL_Driver/Src/stm32g0xx_hal_gpio.o
 .debug_macro   0x0000000000019a6b      0x231 Drivers/STM32G0xx_HAL_Driver/Src/stm32g0xx_hal_pwr_ex.o
 .debug_macro   0x0000000000019c9c      0x243 Drivers/STM32G0xx_HAL_Driver/Src/stm32g0xx_hal_rcc.o
 .debug_macro   0x0000000000019edf      0x21f Drivers/STM32G0xx_HAL_Driver/Src/stm32g0xx_hal_rcc_ex.o
 .debug_macro   0x000000000001a0fe      0x20f Drivers/STM32G0xx_HAL_Driver/Src/stm32g0xx_hal_tim.o
 .debug_macro   0x000000000001a30d      0x20d Drivers/STM32G0xx_HAL_Driver/Src/stm32g0xx_hal_tim_ex.o
 .debug_macro   0x000000000001a51a      0x232 Drivers/STM32G0xx_HAL_Driver/Src/stm32g0xx_hal_uart.o
 .debug_macro   0x000000000001a74c      0x213 Drivers/STM32G0xx_HAL_Driver/Src/stm32g0xx_hal_uart_ex.o

.debug_line     0x0000000000000000     0xf9a1
 .debug_line    0x0000000000000000      0x943 Core/Src/WS2812.o
 .debug_line    0x0000000000000943      0x920 Core/Src/main.o
 .debug_line    0x0000000000001263      0x7eb Core/Src/sensors.o
 .debug_line    0x0000000000001a4e      0x864 Core/Src/stm32g0xx_hal_msp.o
 .debug_line    0x00000000000022b2      0x81c Core/Src/stm32g0xx_it.o
 .debug_line    0x0000000000002ace      0x797 Core/Src/system_stm32g0xx.o
 .debug_line    0x0000000000003265      0x8d4 Core/Src/uart.o
 .debug_line    0x0000000000003b39      0x99a Core/Src/utils.o
 .debug_line    0x00000000000044d3       0x89 Core/Startup/startup_stm32g081kbtx.o
 .debug_line    0x000000000000455c      0x9f4 Drivers/STM32G0xx_HAL_Driver/Src/stm32g0xx_hal.o
 .debug_line    0x0000000000004f50     0x11ea Drivers/STM32G0xx_HAL_Driver/Src/stm32g0xx_hal_adc.o
 .debug_line    0x000000000000613a      0x9c0 Drivers/STM32G0xx_HAL_Driver/Src/stm32g0xx_hal_cortex.o
 .debug_line    0x0000000000006afa      0x9e3 Drivers/STM32G0xx_HAL_Driver/Src/stm32g0xx_hal_dma.o
 .debug_line    0x00000000000074dd      0x908 Drivers/STM32G0xx_HAL_Driver/Src/stm32g0xx_hal_gpio.o
 .debug_line    0x0000000000007de5      0x9cf Drivers/STM32G0xx_HAL_Driver/Src/stm32g0xx_hal_pwr_ex.o
 .debug_line    0x00000000000087b4      0xa72 Drivers/STM32G0xx_HAL_Driver/Src/stm32g0xx_hal_rcc.o
 .debug_line    0x0000000000009226      0xa23 Drivers/STM32G0xx_HAL_Driver/Src/stm32g0xx_hal_rcc_ex.o
 .debug_line    0x0000000000009c49     0x275e Drivers/STM32G0xx_HAL_Driver/Src/stm32g0xx_hal_tim.o
 .debug_line    0x000000000000c3a7     0x15e6 Drivers/STM32G0xx_HAL_Driver/Src/stm32g0xx_hal_tim_ex.o
 .debug_line    0x000000000000d98d     0x14d6 Drivers/STM32G0xx_HAL_Driver/Src/stm32g0xx_hal_uart.o
 .debug_line    0x000000000000ee63      0xb3e Drivers/STM32G0xx_HAL_Driver/Src/stm32g0xx_hal_uart_ex.o

.debug_str      0x0000000000000000    0xabef0
 .debug_str     0x0000000000000000    0xa6eec Core/Src/WS2812.o
                                      0xa7749 (size before relaxing)
 .debug_str     0x00000000000a6eec      0xdbd Core/Src/main.o
                                      0xa4d17 (size before relaxing)
 .debug_str     0x00000000000a7ca9       0x90 Core/Src/sensors.o
                                      0xa3ebd (size before relaxing)
 .debug_str     0x00000000000a7d39       0xc4 Core/Src/stm32g0xx_hal_msp.o
                                      0xa46f4 (size before relaxing)
 .debug_str     0x00000000000a7dfd       0xd8 Core/Src/stm32g0xx_it.o
                                      0xa3e77 (size before relaxing)
 .debug_str     0x00000000000a7ed5       0x9c Core/Src/system_stm32g0xx.o
                                      0xa39c7 (size before relaxing)
 .debug_str     0x00000000000a7f71      0x1f6 Core/Src/uart.o
                                      0xa41ce (size before relaxing)
 .debug_str     0x00000000000a8167       0xc2 Core/Src/utils.o
                                      0xa7311 (size before relaxing)
 .debug_str     0x00000000000a8229       0x36 Core/Startup/startup_stm32g081kbtx.o
                                         0x81 (size before relaxing)
 .debug_str     0x00000000000a825f      0x4dc Drivers/STM32G0xx_HAL_Driver/Src/stm32g0xx_hal.o
                                      0xa40fd (size before relaxing)
 .debug_str     0x00000000000a873b      0x814 Drivers/STM32G0xx_HAL_Driver/Src/stm32g0xx_hal_adc.o
                                      0xa4633 (size before relaxing)
 .debug_str     0x00000000000a8f4f      0x287 Drivers/STM32G0xx_HAL_Driver/Src/stm32g0xx_hal_cortex.o
                                      0xa3e52 (size before relaxing)
 .debug_str     0x00000000000a91d6      0x2ba Drivers/STM32G0xx_HAL_Driver/Src/stm32g0xx_hal_dma.o
                                      0xa3e10 (size before relaxing)
 .debug_str     0x00000000000a9490      0x240 Drivers/STM32G0xx_HAL_Driver/Src/stm32g0xx_hal_gpio.o
                                      0xa3ba9 (size before relaxing)
 .debug_str     0x00000000000a96d0      0x39b Drivers/STM32G0xx_HAL_Driver/Src/stm32g0xx_hal_pwr_ex.o
                                      0xa3e36 (size before relaxing)
 .debug_str     0x00000000000a9a6b      0x360 Drivers/STM32G0xx_HAL_Driver/Src/stm32g0xx_hal_rcc.o
                                      0xa3f4d (size before relaxing)
 .debug_str     0x00000000000a9dcb      0x17a Drivers/STM32G0xx_HAL_Driver/Src/stm32g0xx_hal_rcc_ex.o
                                      0xa3d15 (size before relaxing)
 .debug_str     0x00000000000a9f45      0xddf Drivers/STM32G0xx_HAL_Driver/Src/stm32g0xx_hal_tim.o
                                      0xa4df7 (size before relaxing)
 .debug_str     0x00000000000aad24      0x5b8 Drivers/STM32G0xx_HAL_Driver/Src/stm32g0xx_hal_tim_ex.o
                                      0xa4767 (size before relaxing)
 .debug_str     0x00000000000ab2dc      0x936 Drivers/STM32G0xx_HAL_Driver/Src/stm32g0xx_hal_uart.o
                                      0xa47f6 (size before relaxing)
 .debug_str     0x00000000000abc12      0x2de Drivers/STM32G0xx_HAL_Driver/Src/stm32g0xx_hal_uart_ex.o
                                      0xa40d1 (size before relaxing)

.comment        0x0000000000000000       0x7b
 .comment       0x0000000000000000       0x7b Core/Src/WS2812.o
                                         0x7c (size before relaxing)
 .comment       0x000000000000007b       0x7c Core/Src/main.o
 .comment       0x000000000000007b       0x7c Core/Src/sensors.o
 .comment       0x000000000000007b       0x7c Core/Src/stm32g0xx_hal_msp.o
 .comment       0x000000000000007b       0x7c Core/Src/stm32g0xx_it.o
 .comment       0x000000000000007b       0x7c Core/Src/system_stm32g0xx.o
 .comment       0x000000000000007b       0x7c Core/Src/uart.o
 .comment       0x000000000000007b       0x7c Core/Src/utils.o
 .comment       0x000000000000007b       0x7c Drivers/STM32G0xx_HAL_Driver/Src/stm32g0xx_hal.o
 .comment       0x000000000000007b       0x7c Drivers/STM32G0xx_HAL_Driver/Src/stm32g0xx_hal_adc.o
 .comment       0x000000000000007b       0x7c Drivers/STM32G0xx_HAL_Driver/Src/stm32g0xx_hal_cortex.o
 .comment       0x000000000000007b       0x7c Drivers/STM32G0xx_HAL_Driver/Src/stm32g0xx_hal_dma.o
 .comment       0x000000000000007b       0x7c Drivers/STM32G0xx_HAL_Driver/Src/stm32g0xx_hal_gpio.o
 .comment       0x000000000000007b       0x7c Drivers/STM32G0xx_HAL_Driver/Src/stm32g0xx_hal_pwr_ex.o
 .comment       0x000000000000007b       0x7c Drivers/STM32G0xx_HAL_Driver/Src/stm32g0xx_hal_rcc.o
 .comment       0x000000000000007b       0x7c Drivers/STM32G0xx_HAL_Driver/Src/stm32g0xx_hal_rcc_ex.o
 .comment       0x000000000000007b       0x7c Drivers/STM32G0xx_HAL_Driver/Src/stm32g0xx_hal_tim.o
 .comment       0x000000000000007b       0x7c Drivers/STM32G0xx_HAL_Driver/Src/stm32g0xx_hal_tim_ex.o
 .comment       0x000000000000007b       0x7c Drivers/STM32G0xx_HAL_Driver/Src/stm32g0xx_hal_uart.o
 .comment       0x000000000000007b       0x7c Drivers/STM32G0xx_HAL_Driver/Src/stm32g0xx_hal_uart_ex.o

.debug_frame    0x0000000000000000     0x3f94
 .debug_frame   0x0000000000000000       0xb0 Core/Src/WS2812.o
 .debug_frame   0x00000000000000b0      0x190 Core/Src/main.o
 .debug_frame   0x0000000000000240       0xb0 Core/Src/sensors.o
 .debug_frame   0x00000000000002f0      0x110 Core/Src/stm32g0xx_hal_msp.o
 .debug_frame   0x0000000000000400      0x10c Core/Src/stm32g0xx_it.o
 .debug_frame   0x000000000000050c       0x4c Core/Src/system_stm32g0xx.o
 .debug_frame   0x0000000000000558      0x160 Core/Src/uart.o
 .debug_frame   0x00000000000006b8       0x90 Core/Src/utils.o
 .debug_frame   0x0000000000000748      0x3dc Drivers/STM32G0xx_HAL_Driver/Src/stm32g0xx_hal.o
 .debug_frame   0x0000000000000b24      0x76c Drivers/STM32G0xx_HAL_Driver/Src/stm32g0xx_hal_adc.o
 .debug_frame   0x0000000000001290      0x2fc Drivers/STM32G0xx_HAL_Driver/Src/stm32g0xx_hal_cortex.o
 .debug_frame   0x000000000000158c      0x1f0 Drivers/STM32G0xx_HAL_Driver/Src/stm32g0xx_hal_dma.o
 .debug_frame   0x000000000000177c      0x130 Drivers/STM32G0xx_HAL_Driver/Src/stm32g0xx_hal_gpio.o
 .debug_frame   0x00000000000018ac      0x32c Drivers/STM32G0xx_HAL_Driver/Src/stm32g0xx_hal_pwr_ex.o
 .debug_frame   0x0000000000001bd8      0x1f4 Drivers/STM32G0xx_HAL_Driver/Src/stm32g0xx_hal_rcc.o
 .debug_frame   0x0000000000001dcc       0xb0 Drivers/STM32G0xx_HAL_Driver/Src/stm32g0xx_hal_rcc_ex.o
 .debug_frame   0x0000000000001e7c      0xf30 Drivers/STM32G0xx_HAL_Driver/Src/stm32g0xx_hal_tim.o
 .debug_frame   0x0000000000002dac      0x610 Drivers/STM32G0xx_HAL_Driver/Src/stm32g0xx_hal_tim_ex.o
 .debug_frame   0x00000000000033bc      0x8d4 Drivers/STM32G0xx_HAL_Driver/Src/stm32g0xx_hal_uart.o
 .debug_frame   0x0000000000003c90      0x23c Drivers/STM32G0xx_HAL_Driver/Src/stm32g0xx_hal_uart_ex.o
 .debug_frame   0x0000000000003ecc       0x2c /Applications/STM32CubeIDE.app/Contents/Eclipse/plugins/com.st.stm32cube.ide.mcu.externaltools.gnu-tools-for-stm32.7-2018-q2-update.macos64_1.5.0.202011040924/tools/bin/../lib/gcc/arm-none-eabi/7.3.1/../../../../arm-none-eabi/lib/thumb/v6-m/libc_nano.a(lib_a-init.o)
 .debug_frame   0x0000000000003ef8       0x20 /Applications/STM32CubeIDE.app/Contents/Eclipse/plugins/com.st.stm32cube.ide.mcu.externaltools.gnu-tools-for-stm32.7-2018-q2-update.macos64_1.5.0.202011040924/tools/bin/../lib/gcc/arm-none-eabi/7.3.1/../../../../arm-none-eabi/lib/thumb/v6-m/libc_nano.a(lib_a-memset.o)
 .debug_frame   0x0000000000003f18       0x20 /Applications/STM32CubeIDE.app/Contents/Eclipse/plugins/com.st.stm32cube.ide.mcu.externaltools.gnu-tools-for-stm32.7-2018-q2-update.macos64_1.5.0.202011040924/tools/bin/../lib/gcc/arm-none-eabi/7.3.1/thumb/v6-m/libgcc.a(_udivsi3.o)
 .debug_frame   0x0000000000003f38       0x20 /Applications/STM32CubeIDE.app/Contents/Eclipse/plugins/com.st.stm32cube.ide.mcu.externaltools.gnu-tools-for-stm32.7-2018-q2-update.macos64_1.5.0.202011040924/tools/bin/../lib/gcc/arm-none-eabi/7.3.1/thumb/v6-m/libgcc.a(_divsi3.o)
 .debug_frame   0x0000000000003f58       0x3c /Applications/STM32CubeIDE.app/Contents/Eclipse/plugins/com.st.stm32cube.ide.mcu.externaltools.gnu-tools-for-stm32.7-2018-q2-update.macos64_1.5.0.202011040924/tools/bin/../lib/gcc/arm-none-eabi/7.3.1/thumb/v6-m/libgcc.a(_udivmoddi4.o)
