../Core/Src/communication.c:21:6:resetIT	8	static
../Core/Src/communication.c:27:13:initReception	8	static
../Core/Src/communication.c:43:6:setLEDIndex	40	static
../Core/Src/communication.c:72:6:setLEDIndexByLevel	24	static
../Core/Src/communication.c:89:6:setLED	32	static
../Core/Src/communication.c:117:9:objectSensed	4	static
../Core/Src/communication.c:123:6:pollSensors	24	static
../Core/Src/communication.c:154:6:recalibrate	16	static
../Core/Src/communication.c:160:6:clearLEDs	24	static
../Core/Src/communication.c:175:6:updateLEDs	16	static
../Core/Src/communication.c:212:13:sendLEDVals	32	static
../Core/Src/communication.c:256:6:enableSense	8	static
../Core/Src/communication.c:261:6:disableSense	8	static
../Core/Src/communication.c:273:13:sendAnimationIdx	32	static
../Core/Src/communication.c:305:13:sendCommand	24	static
