communication.c:21:6:resetIT	8	static
communication.c:27:13:initReception	8	static
communication.c:43:6:setLEDIndex	40	static
communication.c:72:6:setLEDIndexByLevel	24	static
communication.c:89:6:setLED	32	static
communication.c:117:9:objectSensed	4	static
communication.c:123:6:pollSensors	24	static
communication.c:154:6:recalibrate	16	static
communication.c:160:6:clearLEDs	24	static
communication.c:176:6:updateLEDs	16	static
communication.c:213:13:sendLEDVals	32	static
communication.c:257:6:enableSense	8	static
communication.c:262:6:disableSense	8	static
communication.c:267:13:sendCommand	24	static
