../Core/Src/main.c:79:5:main	24	static
../Core/Src/main.c:165:6:SystemClock_Config	88	static
../Core/Src/main.c:212:13:MX_I2C2_Init	8	static
../Core/Src/main.c:260:13:MX_RNG_Init	8	static
../Core/Src/main.c:287:13:MX_USART1_UART_Init	8	static
../Core/Src/main.c:335:13:MX_USART2_UART_Init	8	static
../Core/Src/main.c:381:13:MX_DMA_Init	16	static
../Core/Src/main.c:403:13:MX_GPIO_Init	40	static
../Core/Src/main.c:425:21:getTopUART	4	static
../Core/Src/main.c:428:21:getBotUART	4	static
../Core/Src/main.c:431:20:getI2C	4	static
../Core/Src/main.c:434:20:getRNG	4	static
../Core/Src/main.c:446:6:Error_Handler	4	static,ignoring_inline_asm
