../Core/Src/main.c:83:5:main	8	static
../Core/Src/main.c:142:6:SystemClock_Config	88	static
../Core/Src/main.c:189:13:MX_ADC1_Init	24	static
../Core/Src/main.c:247:13:MX_RNG_Init	8	static
../Core/Src/main.c:274:13:MX_TIM1_Init	104	static
../Core/Src/main.c:346:13:MX_USART1_UART_Init	8	static
../Core/Src/main.c:394:13:MX_USART3_UART_Init	8	static
../Core/Src/main.c:428:13:MX_DMA_Init	16	static
../Core/Src/main.c:449:13:MX_GPIO_Init	48	static
../Core/Src/main.c:471:20:getLEDTimer	8	static
../Core/Src/main.c:474:20:getADCPtr	8	static
../Core/Src/main.c:477:21:getUFP	8	static
../Core/Src/main.c:480:21:getDFP	8	static
../Core/Src/main.c:483:20:getRNG	8	static
../Core/Src/main.c:492:6:Error_Handler	8	static,ignoring_inline_asm
